
> build:clean
> rm -rf .next && node scripts/monitored-build.js

Starting monitored build...

============================================================
Monitoring build output for errors and route failures
============================================================


> build
> next build

   ▲ Next.js 15.5.2
   - Environments: .env.local
   - Experiments (use with caution):
     · staticGenerationRetryCount: 1
     · staticGenerationMaxConcurrency: 4

   Creating an optimized production build ...
 ✓ Compiled successfully in 4.3s
   Linting and checking validity of types ...
   Collecting page data ...
Generating static params for Pokemon pages...
Generated 9993 Pokemon routes for static build
Generated 9993 Pokemon routes for static build
Total routes to generate: 9993
   Generating static pages (0/11318) ...
Generated 9993 Pokemon routes for static build
Total sitemap URLs generated: 10020
name (id):  jellicent 593
name (id):  foongus 590
name (id):  amoonguss 591
name (id):  roserade 407
name (id):  budew 406
name (id):  luxray 405
name (id):  piloswine 221
name (id):  swinub 220
name (id):  magcargo 219
name (id):  cranidos 408
name (id):  machoke 67
name (id):  frillish 592
name (id):  houndour 228
name (id):  machamp 68
name (id):  burmy 412
name (id):  vibrava 329
name (id):  delibird 225
name (id):  sneasel-hisui 10235
name (id):  sneasel 215
name (id):  flygon 330
name (id):  jigglypuff 39
name (id):  zubat 41
name (id):  machop 66
name (id):  skarmory 227
name (id):  ninetales-alola 10104
name (id):  wigglytuff 40
name (id):  shelmet 616
name (id):  castform 351
name (id):  castform-sunny 10013
name (id):  alakazam-mega 10037
name (id):  machamp-gmax 10201
name (id):  accelgor 617
name (id):  bastiodon 411
name (id):  shieldon 410
name (id):  castform-snowy 10015
name (id):  mienshao 620
name (id):  skarmory 227
name (id):  rampardos 409
name (id):  mienfoo 619
name (id):  castform-rainy 10014
name (id):  smoochum 238
name (id):  pupitar 247
name (id):  gloom 44
name (id):  larvitar 246
name (id):  oddish 43
name (id):  golbat 42
name (id):  porygon2 233
name (id):  vileplume 45
name (id):  tentacool 72
name (id):  elekid 239
name (id):  bouffalant 626
name (id):  pawniard 624
name (id):  bisharp 625
name (id):  druddigon 621
name (id):  mothim 414
name (id):  houndoom-mega 10048
name (id):  houndoom 229
name (id):  absol-mega 10057
name (id):  absol 359
name (id):  geodude 74
name (id):  wormadam-sandy 10004
name (id):  wormadam-plant 413
name (id):  wormadam-trash 10005
name (id):  tentacruel 73
name (id):  poochyena 261
name (id):  beldum 374
name (id):  venonat 48
name (id):  rufflet 627
name (id):  venomoth 49
name (id):  geodude-alola 10109
name (id):  parasect 47
name (id):  snorunt 361
name (id):  paras 46
name (id):  vullaby 629
name (id):  glalie-mega 10074
name (id):  glalie 362
name (id):  mightyena 262
name (id):  pelipper 279
name (id):  pachirisu 417
name (id):  combee 415
name (id):  braviary 628
name (id):  tyranitar-mega 10049
name (id):  braviary-hisui 10240
name (id):  tyranitar 248
name (id):  vespiquen 416
name (id):  buizel 418
name (id):  surskit 283
name (id):  wingull 278
name (id):  graveler-alola 10110
name (id):  graveler 75
name (id):  larvesta 636
name (id):  lotad 270
name (id):  metang 375
name (id):  mandibuzz 630
name (id):  volcarona 637
name (id):  blissey 242
name (id):  golem 76
name (id):  lombre 271
name (id):  fletchling 661
name (id):  aron 304
name (id):  dugtrio 51
name (id):  dugtrio-alola 10106
name (id):  floatzel 419
name (id):  ludicolo 272
name (id):  cherubi 420
name (id):  cherrim 421
name (id):  happiny 440
name (id):  shellos 422
name (id):  golem-alola 10111
name (id):  metagross 376
name (id):  metagross-mega 10076
name (id):  diglett-alola 10105
name (id):  diglett 50
name (id):  fletchinder 662
name (id):  manectric-mega 10055
name (id):  inkay 686
name (id):  manectric 310
name (id):  talonflame 663
name (id):  malamar 687
name (id):  electrike 309
name (id):  lairon 305
name (id):  gabite 444
name (id):  magnemite 81
name (id):  magneton 82
name (id):  doduo 84
name (id):  masquerain 284
name (id):  vibrava 329
name (id):  flygon 330
name (id):  torkoal 324
name (id):  drifloon 425
name (id):  gastrodon 423
name (id):  gible 443
name (id):  ambipom 424
name (id):  aggron-mega 10053
name (id):  drifblim 426
name (id):  aggron 306
name (id):  vibrava 329
name (id):  flygon 330
name (id):  clauncher 692
name (id):  dragalge 691
name (id):  skrelp 690
name (id):  torkoal 324
name (id):  garchomp-mega 10058
name (id):  clawitzer 693
name (id):  garchomp 445
name (id):  trapinch 328
name (id):  meowth-alola 10107
name (id):  meowth-gmax 10200
name (id):  meowth-galar 10161
name (id):  meowth 52
name (id):  trapinch 328
name (id):  castform-sunny 10013
name (id):  castform 351
name (id):  dodrio 85
name (id):  goomy 704
name (id):  buneary 427
name (id):  mismagius 429
name (id):  lopunny 428
name (id):  lopunny-mega 10088
name (id):  spinda 327
name (id):  grimer-alola 10112
name (id):  grimer 88
name (id):  finneon 456
name (id):  sliggoo 705
name (id):  sliggoo-hisui 10241
name (id):  dedenne 702
name (id):  lumineon 457
name (id):  muk 89
name (id):  claydol 344
name (id):  magnezone 462
name (id):  baltoy 343
name (id):  castform-rainy 10014
name (id):  castform-snowy 10015
name (id):  muk-alola 10113
name (id):  weavile 461
name (id):  golduck 55
name (id):  glameow 431
name (id):  purugly 432
name (id):  honchkrow 430
name (id):  psyduck 54
name (id):  klefki 707
name (id):  swablu 333
name (id):  chingling 433
name (id):  altaria-mega 10067
name (id):  altaria 334
name (id):  barboach 339
name (id):  electrode 101
name (id):  goodra-hisui 10242
name (id):  goodra 706
name (id):  voltorb-hisui 10231
name (id):  voltorb 100
name (id):  persian-alola 10108
name (id):  persian 53
name (id):  rockruff 744
name (id):  electrode-hisui 10232
name (id):  banette 354
name (id):  rockruff-own-tempo 10151
name (id):  shuppet 353
name (id):  porygon-z 474
name (id):  skuntank 435
name (id):  banette 354
name (id):  banette-mega 10056
name (id):  cottonee 546
name (id):  shuppet 353
name (id):  banette-mega 10056
name (id):  snorunt 361
name (id):  absol 359
name (id):  absol-mega 10057
name (id):  stunky 434
name (id):  froslass 478
name (id):  glalie-mega 10074
name (id):  bronzong 437
name (id):  glalie 362
name (id):  bronzor 436
name (id):  happiny 440
name (id):  electivire 466
name (id):  whiscash 340
name (id):  buizel 418
name (id):  koffing 109
name (id):  floatzel 419
name (id):  honchkrow 430
name (id):  growlithe-hisui 10229
name (id):  growlithe 58
name (id):  weezing-galar 10167
name (id):  mankey 56
name (id):  weezing 110
name (id):  huntail 367
name (id):  clamperl 366
name (id):  beldum 374
name (id):  metang 375
name (id):  metagross 376
name (id):  petilil 548
name (id):  whimsicott 547
name (id):  bonsly 438
name (id):  chatot 441
name (id):  lilligant-hisui 10237
name (id):  lilligant 549
name (id):  bonsly 438
name (id):  gible 443
name (id):  garchomp-mega 10058
name (id):  lycanroc-dusk 10152
name (id):  lycanroc-midday 745
name (id):  lycanroc-midnight 10126
name (id):  gabite 444
name (id):  garchomp 445
name (id):  primeape 57
name (id):  mime-jr 439
name (id):  gible 443
name (id):  gabite 444
name (id):  garchomp 445
name (id):  gorebyss 368
name (id):  metagross-mega 10076
name (id):  gabite 444
name (id):  gible 443
name (id):  happiny 440
name (id):  garchomp-mega 10058
name (id):  garchomp 445
name (id):  lumineon 457
name (id):  finneon 456
name (id):  porygon-z 474
name (id):  electivire 466
name (id):  weavile 461
name (id):  magnezone 462
name (id):  trubbish 568
name (id):  froslass 478
name (id):  whimsicott 547
name (id):  cottonee 546
name (id):  petilil 548
name (id):  seadra 117
name (id):  lilligant-hisui 10237
name (id):  lilligant 549
name (id):  mareanie 747
name (id):  sandile 551
name (id):  horsea 116
name (id):  toxapex 748
name (id):  spiritomb 442
name (id):  carnivine 455
name (id):  rhyhorn 111
name (id):  krokorok 552
name (id):  garchomp-mega 10058
name (id):  rhydon 112
name (id):  krookodile 553
name (id):  snover 459
name (id):  wishiwashi-school 10127
name (id):  wishiwashi-solo 746
name (id):  drapion 452
name (id):  skorupi 451
name (id):  magnezone 462
name (id):  weavile 461
name (id):  arcanine-hisui 10230
name (id):  arcanine 59
name (id):  poliwag 60
name (id):  bulbasaur 1
name (id):  poliwhirl 61
name (id):  vanillite 582
name (id):  fomantis 753
name (id):  venusaur-gmax 10195
name (id):  ivysaur 2
name (id):  venusaur-mega 10033
name (id):  venusaur 3
name (id):  garbodor-gmax 10207
name (id):  garbodor 569
name (id):  charizard-mega-x 10034
name (id):  charizard 6
name (id):  charmeleon 5
name (id):  charmander 4
name (id):  charizard-mega-y 10035
name (id):  charizard-gmax 10196
name (id):  wartortle 8
name (id):  squirtle 7
name (id):  vanillish 583
name (id):  blastoise-mega 10036
name (id):  blastoise 9
name (id):  goomy 704
name (id):  blastoise-gmax 10197
name (id):  caterpie 10
name (id):  metapod 11
name (id):  butterfree-gmax 10198
name (id):  butterfree 12
name (id):  weedle 13
name (id):  alakazam 65
name (id):  beedrill-mega 10090
name (id):  kakuna 14
name (id):  beedrill 15
name (id):  pidgey 16
name (id):  pidgeot-mega 10073
name (id):  pidgeotto 17
name (id):  pidgeot 18
name (id):  goldeen 118
name (id):  rattata 19
name (id):  rattata-alola 10091
name (id):  raticate-totem-alola 10093
name (id):  raticate-alola 10092
name (id):  raticate 20
name (id):  basculin-blue-striped 10016
name (id):  basculin-red-striped 550
name (id):  krokorok 552
name (id):  sandile 551
name (id):  krookodile 553
name (id):  riolu 447
name (id):  lurantis-totem 10128
name (id):  lurantis 754
name (id):  munchlax 446
name (id):  seaking 119
name (id):  salandit 757
name (id):  basculin-white-striped 10247
name (id):  garbodor 569
name (id):  trubbish 568
name (id):  staryu 120
name (id):  abomasnow-mega 10060
name (id):  abomasnow 460
name (id):  lucario 448
name (id):  skorupi 451
name (id):  vanilluxe 584
name (id):  spearow 21
name (id):  starmie 121
name (id):  fearow 22
name (id):  lucario-mega 10059
name (id):  ekans 23
name (id):  arbok 24
name (id):  poliwrath 62
name (id):  pancham 674
name (id):  abra 63
name (id):  hippopotas 449
name (id):  pangoro 675
name (id):  sliggoo 705
name (id):  kadabra 64
name (id):  goodra-hisui 10242
name (id):  sliggoo-hisui 10241
name (id):  goodra 706
name (id):  oranguru 765
name (id):  magikarp 129
name (id):  alakazam-mega 10037
name (id):  machoke 67
name (id):  hippowdon 450
name (id):  salazzle 758
name (id):  salazzle-totem 10129
name (id):  klefki 707
name (id):  machamp 68
name (id):  machop 66
name (id):  drapion 452
name (id):  carnivine 455
name (id):  comfey 764
name (id):  machamp-gmax 10201
name (id):  gliscor 472
name (id):  mamoswine 473
name (id):  scraggy 559
name (id):  lickilicky 463
name (id):  scrafty 560
name (id):  garbodor-gmax 10207
name (id):  vanillite 582
name (id):  wimpod 767
name (id):  pikipek 731
name (id):  golisopod 768
name (id):  pinsir-mega 10040
name (id):  sandygast 769
name (id):  pinsir 127
name (id):  toucannon 733
name (id):  passimian 766
name (id):  trumbeak 732
name (id):  bellsprout 69
name (id):  weepinbell 70
name (id):  gyarados 130
name (id):  victreebel 71
name (id):  geodude-alola 10109
name (id):  geodude 74
name (id):  croagunk 453
name (id):  tentacruel 73
name (id):  tentacool 72
name (id):  golem-alola 10111
name (id):  graveler-alola 10110
name (id):  graveler 75
name (id):  golem 76
name (id):  cinccino 573
name (id):  rotom 479
name (id):  toxicroak 454
name (id):  finneon 456
name (id):  lumineon 457
name (id):  snover 459
name (id):  gyarados-mega 10041
name (id):  minccino 572
name (id):  frillish 592
name (id):  jellicent 593
name (id):  vanillish 583
name (id):  vanilluxe 584
name (id):  rotom-wash 10009
name (id):  yungoos 734
name (id):  rotom-fan 10011
name (id):  rotom-heat 10008
name (id):  rotom-frost 10010
name (id):  grubbin 736
name (id):  jangmo-o 782
name (id):  hakamo-o 783
name (id):  palossand 770
name (id):  rotom-mow 10012
name (id):  gumshoos-totem 10121
name (id):  gumshoos 735
name (id):  chinchou 170
name (id):  elgyem 605
name (id):  mantyke 458
name (id):  beheeyem 606
name (id):  lanturn 171
name (id):  abomasnow-mega 10060
name (id):  weavile 461
name (id):  abomasnow 460
name (id):  magnezone 462
name (id):  crobat 169
name (id):  lickilicky 463
name (id):  electivire 466
name (id):  ponyta-galar 10162
name (id):  ponyta 77
name (id):  kommo-o 784
name (id):  rapidash-galar 10163
name (id):  rapidash 78
name (id):  patrat 504
name (id):  golurk 623
name (id):  watchog 505
name (id):  golett 622
name (id):  pawniard 624
name (id):  bisharp 625
name (id):  charjabug 737
name (id):  purrloin 509
name (id):  blipbug 824
name (id):  kommo-o-totem 10146
   Generating static pages (603/11318) 
name (id):  crabrawler 739
name (id):  greedent 820
name (id):  vikavolt-totem 10122
name (id):  vikavolt 738
name (id):  skwovet 819
name (id):  florges 671
name (id):  tangrowth 465
name (id):  igglybuff 174
name (id):  pichu 172
name (id):  gurdurr 533
name (id):  xatu 178
name (id):  orbeetle-gmax 10213
name (id):  orbeetle 826
name (id):  liepard 510
name (id):  flabebe 669
name (id):  crabominable 740
name (id):  timburr 532
name (id):  dottler 825
name (id):  pangoro 675
name (id):  pancham 674
name (id):  natu 177
name (id):  conkeldurr 534
name (id):  goomy 704
name (id):  dedenne 702
name (id):  basculin-white-striped 10247
name (id):  basculin-blue-striped 10016
name (id):  basculin-red-striped 550
name (id):  sliggoo-hisui 10241
name (id):  trubbish 568
name (id):  sliggoo 705
name (id):  goodra 706
name (id):  goodra-hisui 10242
name (id):  chewtle 833
name (id):  garbodor-gmax 10207
name (id):  garbodor 569
name (id):  toucannon 733
name (id):  pikipek 731
name (id):  trumbeak 732
name (id):  klefki 707
name (id):  grubbin 736
name (id):  gumshoos 735
name (id):  gumshoos-totem 10121
name (id):  yungoos 734
name (id):  vikavolt-totem 10122
name (id):  charjabug 737
name (id):  vikavolt 738
name (id):  crabrawler 739
name (id):  crabominable 740
name (id):  rhyperior 464
name (id):  wobbuffet 202
name (id):  slowpoke-galar 10164
name (id):  slowpoke 79
name (id):  applin 840
name (id):  drednaw-gmax 10214
name (id):  drednaw 834
name (id):  slowbro-mega 10071
name (id):  slowbro 80
name (id):  magneton 82
name (id):  magnemite 81
name (id):  flapple 841
name (id):  flapple-gmax 10216
name (id):  bellossom 182
name (id):  zorua-hisui 10238
name (id):  zorua 570
name (id):  marill 183
name (id):  slowbro-galar 10165
name (id):  appletun-gmax 10217
name (id):  azumarill 184
name (id):  appletun 842
name (id):  silicobra 843
name (id):  pikachu-rock-star 10080
name (id):  pikachu-pop-star 10082
name (id):  pikachu-belle 10081
name (id):  pikachu 25
name (id):  yanmega 469
name (id):  pikachu-phd 10083
name (id):  pikachu-cosplay 10085
name (id):  pikachu-original-cap 10094
name (id):  pikachu-libre 10084
name (id):  leafeon 470
name (id):  pikachu-hoenn-cap 10095
name (id):  pikachu-sinnoh-cap 10096
name (id):  pikachu-kalos-cap 10098
name (id):  pikachu-unova-cap 10097
name (id):  pikachu-partner-cap 10148
name (id):  pikachu-starter 10158
name (id):  oricorio-baile 741
name (id):  togekiss 468
name (id):  oricorio-pau 10124
name (id):  oricorio-pom-pom 10123
name (id):  oricorio-pom-pom 10123
name (id):  oricorio-baile 741
name (id):  oricorio-pau 10124
name (id):  magmortar 467
name (id):  mamoswine 473
name (id):  gliscor 472
name (id):  porygon-z 474
name (id):  sandaconda-gmax 10218
name (id):  sandaconda 844
name (id):  oricorio-sensu 10125
name (id):  pikachu-world-cap 10160
name (id):  pikachu-alola-cap 10099
name (id):  oricorio-sensu 10125
name (id):  pikachu-gmax 10199
name (id):  gothorita 575
name (id):  zoroark-hisui 10239
name (id):  zoroark 571
name (id):  farfetchd 83
name (id):  gothita 574
name (id):  dodrio 85
name (id):  doduo 84
name (id):  vanillish 583
name (id):  vanillite 582
name (id):  vanilluxe 584
name (id):  cramorant-gulping 10182
name (id):  cramorant 845
name (id):  slugma 218
name (id):  cutiefly 742
name (id):  cutiefly 742
name (id):  farfetchd-galar 10166
name (id):  cramorant-gorging 10183
name (id):  clobbopus 852
name (id):  heracross-mega 10047
name (id):  heracross 214
name (id):  girafarig 203
name (id):  magcargo 219
name (id):  skarmory 227
name (id):  ribombee-totem 10150
name (id):  glaceon 471
name (id):  ribombee-totem 10150
name (id):  ribombee 743
name (id):  ribombee 743
name (id):  wishiwashi-school 10127
name (id):  wishiwashi-solo 746
name (id):  wishiwashi-solo 746
name (id):  wishiwashi-school 10127
name (id):  gothitelle 576
name (id):  amoonguss 591
name (id):  barraskewda 847
name (id):  foongus 590
name (id):  arrokuda 846
name (id):  seel 86
name (id):  grimer-alola 10112
name (id):  grimer 88
name (id):  muk 89
name (id):  raichu-alola 10100
name (id):  raichu 26
name (id):  mudbray 749
name (id):  grapploct 853
name (id):  mudbray 749
name (id):  sandshrew 27
name (id):  pincurchin 871
name (id):  escavalier 589
name (id):  karrablast 588
name (id):  mudsdale 750
name (id):  sandshrew-alola 10101
name (id):  mudsdale 750
name (id):  morpeko-full-belly 877
name (id):  morpeko-hangry 10187
name (id):  probopass 476
name (id):  corsola-galar 10173
name (id):  corsola 222
name (id):  lampent 608
name (id):  dusknoir 477
name (id):  dewpider 751
name (id):  dewpider 751
name (id):  dewgong 87
name (id):  muk-alola 10113
name (id):  morelull 755
name (id):  kubfu 891
name (id):  cubchoo 613
name (id):  chandelure 609
name (id):  morelull 755
name (id):  litwick 607
name (id):  shelmet 616
name (id):  accelgor 617
name (id):  nidoran-f 29
name (id):  araquanid 752
name (id):  araquanid-totem 10153
name (id):  araquanid-totem 10153
name (id):  araquanid 752
name (id):  treecko 252
name (id):  gallade-mega 10068
name (id):  gallade 475
name (id):  rotom-wash 10009
name (id):  rotom 479
name (id):  rotom-heat 10008
name (id):  froslass 478
name (id):  urshifu-single-strike-gmax 10226
name (id):  urshifu-rapid-strike 10191
name (id):  urshifu-single-strike 892
name (id):  rotom-mow 10012
name (id):  rotom-fan 10011
name (id):  rotom-frost 10010
name (id):  phanpy 231
name (id):  urshifu-rapid-strike-gmax 10227
name (id):  cryogonal 615
name (id):  nidoran-f 29
name (id):  sandslash-alola 10102
name (id):  sandslash 28
name (id):  kingdra 230
name (id):  donphan 232
name (id):  shiinotic 756
name (id):  shiinotic 756
name (id):  beartic 614
name (id):  pawniard 624
name (id):  druddigon 621
name (id):  cloyster 91
name (id):  shellder 90
name (id):  uxie 480
name (id):  zarude 893
name (id):  zarude-dada 10192
name (id):  gastly 92
name (id):  torchic 255
name (id):  nidorina 30
name (id):  grovyle 253
name (id):  nidoran-m 32
name (id):  nidoqueen 31
name (id):  nidorino 33
name (id):  nidoran-m 32
name (id):  stunfisk-galar 10180
name (id):  stunfisk 618
name (id):  bisharp 625
name (id):  nidorino 33
name (id):  nidorina 30
name (id):  sceptile 254
name (id):  sceptile-mega 10065
name (id):  mesprit 481
name (id):  dialga-origin 10245
name (id):  dialga 483
name (id):  nidoqueen 31
name (id):  zubat 41
name (id):  azelf 482
name (id):  gengar-gmax 10202
name (id):  gengar-mega 10038
name (id):  gengar 94
name (id):  deino 633
name (id):  durant 632
name (id):  haunter 93
name (id):  heatmor 631
name (id):  goomy 704
name (id):  sliggoo 705
name (id):  nidoking 34
name (id):  combusken 256
name (id):  mudkip 258
name (id):  heatran 485
name (id):  nidoking 34
name (id):  zweilous 634
name (id):  blaziken 257
name (id):  blaziken-mega 10050
name (id):  palkia 484
name (id):  poochyena 261
name (id):  palkia-origin 10246
name (id):  regigigas 486
name (id):  clefairy 35
name (id):  clefable 36
name (id):  vulpix 37
name (id):  ninetales-alola 10104
name (id):  jigglypuff 39
name (id):  krabby 98
name (id):  drowzee 96
name (id):  minior-red-meteor 774
name (id):  onix 95
name (id):  minior-orange-meteor 10130
name (id):  minior-yellow-meteor 10131
name (id):  hydreigon 635
name (id):  sliggoo-hisui 10241
name (id):  goodra-hisui 10242
name (id):  goodra 706
name (id):  klefki 707
name (id):  vulpix-alola 10103
name (id):  ninetales 38
name (id):  zubat 41
name (id):  wigglytuff 40
name (id):  golbat 42
name (id):  oddish 43
name (id):  gloom 44
name (id):  vileplume 45
name (id):  parasect 47
name (id):  paras 46
name (id):  hypno 97
name (id):  minior-indigo-meteor 10134
name (id):  voltorb-hisui 10231
name (id):  voltorb 100
name (id):  venonat 48
name (id):  minior-violet-meteor 10135
name (id):  minior-blue-meteor 10133
name (id):  diglett-alola 10105
name (id):  diglett 50
name (id):  venomoth 49
name (id):  clefable 36
name (id):  dugtrio-alola 10106
name (id):  dugtrio 51
name (id):  meowth-alola 10107
name (id):  meowth 52
name (id):  meowth-gmax 10200
name (id):  meowth-galar 10161
name (id):  persian-alola 10108
name (id):  persian 53
name (id):  minior-green-meteor 10132
name (id):  marshtomp 259
name (id):  mankey 56
name (id):  primeape 57
name (id):  psyduck 54
name (id):  golduck 55
name (id):  phione 489
name (id):  growlithe-hisui 10229
name (id):  arcanine-hisui 10230
name (id):  arcanine 59
name (id):  growlithe 58
name (id):  cresselia 488
name (id):  poliwrath 62
name (id):  poliwhirl 61
name (id):  poliwag 60
name (id):  abra 63
name (id):  clefairy 35
name (id):  alakazam-mega 10037
name (id):  alakazam 65
name (id):  kadabra 64
name (id):  golbat 42
name (id):  machop 66
name (id):  minior-green 10139
name (id):  ponyta-galar 10162
name (id):  minior-yellow 10138
name (id):  machamp 68
name (id):  minior-red-meteor 774
name (id):  minior-yellow-meteor 10131
name (id):  minior-orange-meteor 10130
name (id):  machamp-gmax 10201
name (id):  machoke 67
name (id):  bellsprout 69
name (id):  minior-orange 10137
name (id):  swampert-mega 10064
name (id):  swampert 260
name (id):  victreebel 71
name (id):  tentacool 72
name (id):  minior-red 10136
name (id):  weepinbell 70
name (id):  tentacruel 73
name (id):  ponyta-galar 10162
name (id):  minior-blue-meteor 10133
name (id):  mightyena 262
name (id):  minior-green-meteor 10132
name (id):  minior-violet-meteor 10135
name (id):  minior-indigo-meteor 10134
name (id):  phantump 708
name (id):  rapidash-galar 10163
name (id):  graveler-alola 10110
name (id):  geodude-alola 10109
name (id):  graveler 75
name (id):  geodude 74
name (id):  rapidash-galar 10163
name (id):  minior-red 10136
name (id):  minior-orange 10137
name (id):  ponyta-galar 10162
name (id):  ponyta 77
name (id):  minior-yellow 10138
name (id):  minior-green 10139
name (id):  golem-alola 10111
name (id):  golem 76
name (id):  giratina-altered 487
name (id):  giratina-origin 10007
name (id):  kingler-gmax 10203
name (id):  kingler 99
name (id):  rapidash-galar 10163
name (id):  rapidash 78
name (id):  slowpoke 79
name (id):  slowpoke-galar 10164
name (id):  minior-indigo 10141
name (id):  electrode-hisui 10232
name (id):  electrode 101
name (id):  slowbro-mega 10071
name (id):  slowbro-galar 10165
name (id):  slowbro 80
name (id):  magnemite 81
name (id):  farfetchd-galar 10166
name (id):  farfetchd 83
name (id):  magneton 82
name (id):  minior-blue 10140
name (id):  doduo 84
name (id):  minior-violet 10142
name (id):  dodrio 85
name (id):  seel 86
name (id):  dewgong 87
name (id):  minior-blue 10140
name (id):  grimer 88
name (id):  trevenant 709
name (id):  grimer-alola 10112
name (id):  muk-alola 10113
name (id):  muk 89
name (id):  shellder 90
name (id):  minior-indigo 10141
name (id):  cloyster 91
name (id):  gengar 94
name (id):  gastly 92
name (id):  haunter 93
name (id):  minior-violet 10142
name (id):  gengar-gmax 10202
name (id):  gengar-mega 10038
name (id):  onix 95
name (id):  drowzee 96
name (id):  kingler-gmax 10203
name (id):  kingler 99
name (id):  hypno 97
name (id):  krabby 98
name (id):  voltorb-hisui 10231
name (id):  electrode-hisui 10232
name (id):  electrode 101
name (id):  voltorb 100
name (id):  komala 775
name (id):  pumpkaboo-small 10027
name (id):  pumpkaboo-average 710
name (id):  komala 775
name (id):  darkrai 491
name (id):  manaphy 490
name (id):  pumpkaboo-large 10028
name (id):  pumpkaboo-super 10029
name (id):  shaymin-land 492
name (id):  shaymin-sky 10006
name (id):  exeggcute 102
name (id):  mr-mime-galar 10168
name (id):  zigzagoon-galar 10174
name (id):  zigzagoon 263
name (id):  turtonator 776
name (id):  linoone 264
name (id):  exeggcute 102
name (id):  togedemaru 777
name (id):  togedemaru-totem 10154
name (id):  jynx 124
name (id):  exeggutor 103
name (id):  togedemaru-totem 10154
name (id):  togedemaru 777
name (id):  exeggutor-alola 10114
name (id):  mr-mime-galar 10168
name (id):  magikarp 129
name (id):  gyarados 130
name (id):  linoone-galar 10175
name (id):  turtonator 776
name (id):  oshawott 501
name (id):  dewott 502
name (id):  silcoon 266
name (id):  wurmple 265
name (id):  exeggutor 103
name (id):  exeggutor-alola 10114
name (id):  cubone 104
name (id):  cubone 104
name (id):  gourgeist-small 10030
name (id):  gourgeist-average 711
name (id):  beautifly 267
name (id):  lotad 270
name (id):  lombre 271
name (id):  mimikyu-disguised 778
name (id):  arceus 493
name (id):  samurott-hisui 10236
name (id):  lilligant-hisui 10237
name (id):  petilil 548
name (id):  mimikyu-disguised 778
name (id):  gourgeist-large 10031
name (id):  mimikyu-busted 10143
name (id):  cascoon 268
name (id):  mimikyu-totem-busted 10145
name (id):  samurott-hisui 10236
name (id):  mimikyu-totem-disguised 10144
name (id):  lilligant-hisui 10237
name (id):  basculin-red-striped 550
name (id):  basculin-white-striped 10247
name (id):  basculin-blue-striped 10016
name (id):  mimikyu-totem-busted 10145
name (id):  gourgeist-super 10032
name (id):  magmar 126
name (id):  mimikyu-busted 10143
name (id):  mimikyu-totem-disguised 10144
name (id):  bergmite 712
name (id):  avalugg 713
name (id):  dustox 269
name (id):  ludicolo 272
name (id):  bruxish 779
name (id):  hitmonlee 106
name (id):  zorua-hisui 10238
name (id):  electabuzz 125
name (id):  zorua-hisui 10238
name (id):  zoroark-hisui 10239
name (id):  gyarados-mega 10041
name (id):  rufflet 627
name (id):  avalugg-hisui 10243
name (id):  bruxish 779
name (id):  rattata-alola 10091
name (id):  zoroark-hisui 10239
name (id):  braviary-hisui 10240
name (id):  rattata-alola 10091
name (id):  xerneas 716
name (id):  rattata-alola 10091
name (id):  marowak-alola 10115
name (id):  marowak 105
name (id):  braviary-hisui 10240
name (id):  marowak-totem 10149
name (id):  hitmonlee 106
name (id):  marowak-totem 10149
name (id):  marowak 105
name (id):  marowak-alola 10115
name (id):  weezing 110
name (id):  koffing 109
name (id):  noibat 714
name (id):  rattata-alola 10091
name (id):  noivern 715
name (id):  seedot 273
name (id):  drampa 780
name (id):  lapras-gmax 10204
name (id):  lapras 131
name (id):  nuzleaf 274
name (id):  tapu-bulu 787
name (id):  raticate-alola 10092
name (id):  spearow 21
name (id):  drampa 780
name (id):  raticate-alola 10092
name (id):  raticate-alola 10092
name (id):  tapu-bulu 787
name (id):  fearow 22
name (id):  raticate-alola 10092
name (id):  golbat 42
name (id):  zubat 41
name (id):  raticate-alola 10092
name (id):  raticate-alola 10092
name (id):  yveltal 717
name (id):  spearow 21
name (id):  shiftry 275
name (id):  pelipper 279
name (id):  fearow 22
name (id):  wingull 278
name (id):  golbat 42
name (id):  zubat 41
name (id):  eevee 133
name (id):  eevee-gmax 10205
name (id):  eevee-starter 10159
name (id):  lickitung 108
name (id):  hitmonchan 107
name (id):  diglett-alola 10105
name (id):  tornadus-incarnate 641
name (id):  tornadus-therian 10019
name (id):  diglett-alola 10105
name (id):  diglett-alola 10105
name (id):  dugtrio-alola 10106
name (id):  psyduck 54
name (id):  diglett-alola 10105
name (id):  dugtrio-alola 10106
name (id):  psyduck 54
name (id):  hitmonchan 107
name (id):  weezing 110
name (id):  koffing 109
name (id):  weezing-galar 10167
name (id):  rhyhorn 111
name (id):  rhydon 112
name (id):  dugtrio-alola 10106
name (id):  golduck 55
name (id):  machop 66
name (id):  mankey 56
name (id):  primeape 57
name (id):  dugtrio-alola 10106
name (id):  golduck 55
name (id):  mankey 56
name (id):  primeape 57
name (id):  machop 66
name (id):  machamp-gmax 10201
name (id):  machamp 68
name (id):  machoke 67
name (id):  taillow 276
name (id):  tentacool 72
name (id):  machoke 67
name (id):  machamp 68
name (id):  machamp-gmax 10201
name (id):  tentacruel 73
name (id):  tentacool 72
name (id):  hypno 97
name (id):  drowzee 96
name (id):  exeggcute 102
name (id):  swellow 277
name (id):  tentacruel 73
name (id):  hypno 97
name (id):  drowzee 96
name (id):  lickitung 108
name (id):  exeggutor-alola 10114
name (id):  exeggcute 102
name (id):  weezing-galar 10167
name (id):  lickitung 108
name (id):  rhyhorn 111
name (id):  rhydon 112
name (id):  exeggutor-alola 10114
name (id):  zygarde-50 718
name (id):  zygarde-10-power-construct 10118
name (id):  zygarde-50-power-construct 10119
name (id):  zygarde-10 10181
name (id):  vaporeon 134
name (id):  zygarde-complete 10120
name (id):  exeggutor-alola 10114
name (id):  exeggutor-alola 10114
name (id):  jolteon 135
name (id):  pikachu-hoenn-cap 10095
name (id):  pikachu-hoenn-cap 10095
name (id):  tangela 114
name (id):  landorus-incarnate 645
name (id):  landorus-therian 10021
name (id):  pikachu-hoenn-cap 10095
name (id):  pikachu-hoenn-cap 10095
name (id):  pikachu-hoenn-cap 10095
name (id):  pikachu-hoenn-cap 10095
name (id):  pikachu-hoenn-cap 10095
name (id):  pikachu-hoenn-cap 10095
name (id):  pikachu-hoenn-cap 10095
name (id):  pikachu-hoenn-cap 10095
name (id):  pikachu-hoenn-cap 10095
name (id):  pikachu-hoenn-cap 10095
name (id):  pikachu-hoenn-cap 10095
name (id):  pikachu-hoenn-cap 10095
name (id):  thundurus-therian 10020
name (id):  thundurus-incarnate 642
name (id):  pikachu-hoenn-cap 10095
name (id):  goomy 704
name (id):  pikachu-hoenn-cap 10095
name (id):  pikachu-hoenn-cap 10095
name (id):  raichu 26
name (id):  sliggoo-hisui 10241
name (id):  raichu-alola 10100
name (id):  sandshrew-alola 10101
name (id):  sandshrew 27
name (id):  sandslash 28
name (id):  sandslash-alola 10102
name (id):  vulpix-alola 10103
name (id):  ninetales 38
name (id):  vulpix 37
name (id):  ninetales-alola 10104
name (id):  zubat 41
name (id):  jigglypuff 39
name (id):  wigglytuff 40
name (id):  oddish 43
name (id):  gloom 44
name (id):  vileplume 45
name (id):  kirlia 281
name (id):  scyther 123
name (id):  golbat 42
name (id):  sliggoo-hisui 10241
name (id):  golduck 55
name (id):  psyduck 54
name (id):  abra 63
name (id):  kadabra 64
name (id):  alakazam-mega 10037
name (id):  chansey 113
name (id):  gardevoir-mega 10051
name (id):  alakazam 65
name (id):  gardevoir 282
name (id):  machoke 67
name (id):  machop 66
name (id):  ralts 280
name (id):  machamp-gmax 10201
name (id):  surskit 283
name (id):  masquerain 284
name (id):  machamp 68
name (id):  tentacool 72
name (id):  tentacruel 73
name (id):  omastar 139
name (id):  geodude 74
name (id):  geodude-alola 10109
name (id):  graveler-alola 10110
name (id):  graveler 75
name (id):  golem-alola 10111
name (id):  magneton 82
name (id):  magnemite 81
name (id):  golem 76
name (id):  kangaskhan 115
name (id):  omanyte 138
name (id):  seadra 117
name (id):  horsea 116
name (id):  flareon 136
name (id):  grimer-alola 10112
name (id):  grimer 88
name (id):  goldeen 118
name (id):  sylveon 700
name (id):  dodrio 85
name (id):  doduo 84
name (id):  kabuto 140
name (id):  goodra-hisui 10242
name (id):  chansey 113
name (id):  bergmite 712
name (id):  muk-alola 10113
name (id):  muk 89
name (id):  voltorb-hisui 10231
name (id):  voltorb 100
name (id):  pinsir-mega 10040
name (id):  pinsir 127
name (id):  electrode-hisui 10232
name (id):  scyther 123
name (id):  koffing 109
name (id):  weezing 110
name (id):  electrode 101
name (id):  weezing-galar 10167
name (id):  kangaskhan-mega 10039
name (id):  rhydon 112
name (id):  rhyhorn 111
name (id):  horsea 116
name (id):  starmie 121
name (id):  staryu 120
name (id):  mr-mime 122
name (id):  seadra 117
name (id):  seaking 119
name (id):  staryu 120
name (id):  seaking 119
name (id):  goldeen 118
name (id):  avalugg-hisui 10243
name (id):  mr-mime-galar 10168
name (id):  electabuzz 125
name (id):  goodra-hisui 10242
name (id):  jynx 124
name (id):  scyther 123
name (id):  starmie 121
name (id):  magikarp 129
name (id):  avalugg-hisui 10243
name (id):  pinsir 127
name (id):  pinsir-mega 10040
name (id):  pinsir-mega 10040
name (id):  pinsir 127
name (id):  shroomish 285
name (id):  magmar 126
name (id):  crobat 169
name (id):  chinchou 170
name (id):  gyarados-mega 10041
name (id):  gyarados 130
name (id):  chansey 113
name (id):  pichu 172
name (id):  kangaskhan 115
name (id):  lanturn 171
name (id):  igglybuff 174
name (id):  natu 177
name (id):  kangaskhan-mega 10039
name (id):  tangela 114
name (id):  horsea 116
name (id):  seadra 117
name (id):  bellossom 182
name (id):  staryu 120
name (id):  seaking 119
name (id):  goldeen 118
name (id):  xatu 178
name (id):  marill 183
name (id):  azumarill 184
name (id):  starmie 121
name (id):  mr-mime-galar 10168
name (id):  mr-mime 122
name (id):  scyther 123
name (id):  chansey 113
name (id):  wobbuffet 202
name (id):  heracross-mega 10047
name (id):  heracross 214
name (id):  jynx 124
name (id):  girafarig 203
name (id):  pinsir 127
name (id):  pinsir-mega 10040
name (id):  magmar 126
name (id):  electabuzz 125
name (id):  pinsir 127
name (id):  pinsir-mega 10040
name (id):  corsola-galar 10173
name (id):  magcargo 219
name (id):  slugma 218
name (id):  corsola 222
name (id):  kingdra 230
name (id):  donphan 232
name (id):  phanpy 231
name (id):  skarmory 227
name (id):  treecko 252
name (id):  sceptile 254
name (id):  grovyle 253
name (id):  sceptile-mega 10065
name (id):  breloom 286
name (id):  blaziken-mega 10050
name (id):  torchic 255
name (id):  combusken 256
name (id):  blaziken 257
name (id):  rowlet 722
name (id):  swampert 260
name (id):  swampert-mega 10064
name (id):  mudkip 258
name (id):  marshtomp 259
name (id):  zigzagoon-galar 10174
name (id):  zigzagoon 263
name (id):  poochyena 261
name (id):  mightyena 262
name (id):  kabutops 141
name (id):  linoone-galar 10175
name (id):  linoone 264
name (id):  silcoon 266
name (id):  wurmple 265
name (id):  aerodactyl-mega 10042
name (id):  aerodactyl 142
name (id):  dartrix 723
name (id):  cascoon 268
name (id):  dustox 269
name (id):  beautifly 267
name (id):  lotad 270
name (id):  snorlax 143
name (id):  ludicolo 272
name (id):  seedot 273
name (id):  nuzleaf 274
name (id):  lombre 271
name (id):  snorlax-gmax 10206
name (id):  shiftry 275
name (id):  swellow 277
name (id):  taillow 276
name (id):  wingull 278
name (id):  ralts 280
name (id):  gardevoir 282
name (id):  tauros 128
name (id):  pelipper 279
name (id):  kirlia 281
name (id):  tauros-paldea-blaze-breed 10251
name (id):  tauros-paldea-combat-breed 10250
name (id):  magikarp 129
name (id):  gardevoir-mega 10051
name (id):  masquerain 284
name (id):  surskit 283
name (id):  shroomish 285
name (id):  nincada 290
name (id):  breloom 286
name (id):  tauros-paldea-aqua-breed 10252
name (id):  gyarados-mega 10041
name (id):  lapras-gmax 10204
name (id):  lapras 131
name (id):  gyarados 130
name (id):  tauros 128
name (id):  tauros 128
name (id):  tauros-paldea-combat-breed 10250
name (id):  decidueye-hisui 10244
name (id):  aerodactyl-mega 10042
name (id):  aerodactyl 142
name (id):  tauros-paldea-blaze-breed 10251
name (id):  tauros-paldea-combat-breed 10250
name (id):  tauros-paldea-aqua-breed 10252
name (id):  tauros-paldea-blaze-breed 10251
name (id):  tauros-paldea-aqua-breed 10252
name (id):  magikarp 129
name (id):  gyarados 130
name (id):  magikarp 129
name (id):  slakoth 287
name (id):  gyarados-mega 10041
name (id):  gyarados-mega 10041
name (id):  lapras-gmax 10204
name (id):  lapras-gmax 10204
name (id):  lapras 131
name (id):  gyarados 130
name (id):  lapras 131
name (id):  aerodactyl 142
name (id):  tauros-paldea-combat-breed 10250
name (id):  tauros-paldea-blaze-breed 10251
name (id):  tauros 128
name (id):  aerodactyl-mega 10042
name (id):  eevee-starter 10159
name (id):  eevee-gmax 10205
name (id):  eevee 133
name (id):  tauros-paldea-aqua-breed 10252
name (id):  magikarp 129
name (id):  gyarados-mega 10041
name (id):  gyarados 130
name (id):  lapras-gmax 10204
name (id):  lapras 131
name (id):  eevee 133
name (id):  vigoroth 288
name (id):  slakoth 287
name (id):  vigoroth 288
name (id):  kleavor 900
name (id):  decidueye-hisui 10244
name (id):  ditto 132
name (id):  wyrdeer 899
name (id):  flareon 136
name (id):  slaking 289
name (id):  ditto 132
name (id):  vaporeon 134
name (id):  jolteon 135
name (id):  eevee-starter 10159
name (id):  vaporeon 134
name (id):  jolteon 135
name (id):  nincada 290
name (id):  eevee-gmax 10205
name (id):  omastar 139
name (id):  omanyte 138
name (id):  flareon 136
name (id):  ursaluna 901
name (id):  slaking 289
name (id):  dratini 147
name (id):  ursaluna-bloodmoon 10272
name (id):  dratini 147
name (id):  sneasler 903
name (id):  whismur 293
name (id):  shedinja 292
name (id):  shedinja 292
name (id):  porygon 137
name (id):  omastar 139
name (id):  omanyte 138
name (id):  kabutops 141
name (id):  kabuto 140
name (id):  porygon 137
name (id):  articuno-galar 10169
name (id):  dragonair 148
name (id):  dragonite 149
name (id):  snorlax-gmax 10206
name (id):  aerodactyl-mega 10042
name (id):  snorlax 143
name (id):  aerodactyl 142
name (id):  aerodactyl-mega 10042
name (id):  aerodactyl 142
name (id):  kabutops 141
name (id):  kabuto 140
name (id):  ninjask 291
name (id):  crobat 169
name (id):  dragonite 149
name (id):  snorlax-gmax 10206
name (id):  snorlax 143
name (id):  articuno-galar 10169
name (id):  articuno-galar 10169
name (id):  ninjask 291
name (id):  articuno 144
name (id):  articuno 144
name (id):  articuno-galar 10169
name (id):  loudred 294
name (id):  zapdos 145
name (id):  loudred 294
name (id):  zapdos 145
name (id):  basculegion-female 10248
name (id):  basculegion-male 902
name (id):  zapdos-galar 10170
name (id):  zapdos-galar 10170
name (id):  dratini 147
name (id):  dragonair 148
name (id):  dratini 147
name (id):  whismur 293
name (id):  zapdos-galar 10170
name (id):  zapdos-galar 10170
name (id):  pikachu 25
name (id):  dragonair 148
name (id):  crobat 169
name (id):  enamorus-therian 10249
name (id):  enamorus-incarnate 905
name (id):  overqwil 904
name (id):  pikachu-rock-star 10080
name (id):  pikachu-pop-star 10082
name (id):  pikachu-belle 10081
name (id):  pikachu-phd 10083
name (id):  pikachu-original-cap 10094
name (id):  pikachu-libre 10084
name (id):  pikachu-cosplay 10085
name (id):  pikachu-hoenn-cap 10095
name (id):  pikachu-sinnoh-cap 10096
name (id):  pikachu-alola-cap 10099
name (id):  pikachu-kalos-cap 10098
name (id):  pikachu-unova-cap 10097
name (id):  aipom 190
name (id):  pikachu-gmax 10199
name (id):  pikachu-starter 10158
name (id):  pikachu-world-cap 10160
name (id):  pikachu-partner-cap 10148
name (id):  misdreavus 200
name (id):  raichu 26
name (id):  raichu-alola 10100
name (id):  jigglypuff 39
name (id):  wigglytuff 40
name (id):  moltres-galar 10171
name (id):  moltres-galar 10171
name (id):  moltres 146
name (id):  moltres 146
name (id):  moltres-galar 10171
name (id):  venomoth 49
name (id):  venonat 48
name (id):  dragonite 149
name (id):  dratini 147
name (id):  dragonite 149
name (id):  dragonair 148
name (id):  diglett 50
name (id):  diglett-alola 10105
name (id):  azurill 298
name (id):  dugtrio 51
name (id):  dugtrio-alola 10106
name (id):  hariyama 297
name (id):  meowth 52
name (id):  meowth-alola 10107
name (id):  makuhita 296
name (id):  exploud 295
name (id):  meowth-gmax 10200
name (id):  meowth-galar 10161
name (id):  persian 53
name (id):  persian-alola 10108
name (id):  azurill 298
name (id):  moltres-galar 10171
name (id):  psyduck 54
name (id):  golduck 55
name (id):  dragonair 148
name (id):  crobat 169
name (id):  dragonite 149
name (id):  mankey 56
name (id):  primeape 57
name (id):  growlithe 58
name (id):  arcanine 59
name (id):  arcanine-hisui 10230
name (id):  makuhita 296
name (id):  growlithe-hisui 10229
name (id):  slowbro-mega 10071
name (id):  slowbro 80
name (id):  exploud 295
name (id):  slowpoke-galar 10164
name (id):  slowpoke 79
name (id):  magnemite 81
name (id):  magneton 82
name (id):  slowbro-galar 10165
name (id):  hariyama 297
name (id):  grimer 88
name (id):  grimer-alola 10112
name (id):  muk 89
name (id):  muk-alola 10113
name (id):  shellder 90
name (id):  murkrow 198
name (id):  haunter 93
name (id):  gengar 94
name (id):  gastly 92
name (id):  cloyster 91
name (id):  gengar-gmax 10202
name (id):  gengar-mega 10038
name (id):  drowzee 96
name (id):  hypno 97
name (id):  voltorb-hisui 10231
name (id):  electrode-hisui 10232
name (id):  electrode 101
name (id):  snubbull 209
name (id):  voltorb 100
name (id):  granbull 210
name (id):  scyther 123
name (id):  tauros-paldea-combat-breed 10250
name (id):  chansey 113
name (id):  skarmory 227
name (id):  delcatty 301
name (id):  skitty 300
name (id):  snubbull 209
name (id):  granbull 210
name (id):  tauros-paldea-combat-breed 10250
name (id):  tauros-paldea-combat-breed 10250
name (id):  tauros-paldea-combat-breed 10250
name (id):  magikarp 129
name (id):  gyarados 130
name (id):  gyarados-mega 10041
name (id):  eevee-starter 10159
name (id):  eevee 133
name (id):  ditto 132
name (id):  delcatty 301
name (id):  scizor-mega 10046
name (id):  scizor 212
name (id):  eevee-gmax 10205
name (id):  vaporeon 134
name (id):  skarmory 227
name (id):  flareon 136
name (id):  jolteon 135
name (id):  nosepass 299
name (id):  heracross-mega 10047
name (id):  heracross 214
name (id):  nosepass 299
name (id):  dragonite 149
name (id):  dragonair 148
name (id):  dratini 147
name (id):  pichu 172
name (id):  igglybuff 174
name (id):  skitty 300
name (id):  cleffa 173
name (id):  sneasel 215
name (id):  scizor-mega 10046
name (id):  scizor 212
name (id):  miltank 241
name (id):  makuhita 296
name (id):  wingull 278
name (id):  blissey 242
name (id):  pelipper 279
name (id):  hariyama 297
name (id):  sableye 302
name (id):  sableye-mega 10066
name (id):  aron 304
name (id):  miltank 241
name (id):  blissey 242
name (id):  wingull 278
name (id):  pelipper 279
name (id):  makuhita 296
name (id):  hariyama 297
name (id):  sableye-mega 10066
name (id):  sableye 302
name (id):  mareep 179
name (id):  flaaffy 180
name (id):  mewtwo 150
name (id):  mewtwo-mega-x 10043
name (id):  mewtwo-mega-y 10044
name (id):  bulbasaur 1
name (id):  ampharos 181
name (id):  azumarill 184
name (id):  umbreon 197
name (id):  shuckle 213
name (id):  marill 183
name (id):  mawile-mega 10052
name (id):  mawile 303
name (id):  mewtwo-mega-y 10044
name (id):  mewtwo-mega-x 10043
name (id):  mewtwo 150
name (id):  ampharos-mega 10045
name (id):  sableye-mega 10066
name (id):  sableye 302
name (id):  aron 304
name (id):  lairon 305
name (id):  mawile-mega 10052
name (id):  mawile 303
name (id):  aggron-mega 10053
name (id):  aggron 306
name (id):  aggron-mega 10053
name (id):  lairon 305
name (id):  aggron 306
name (id):  electrike 309
name (id):  carvanha 318
name (id):  carvanha 318
name (id):  espeon 196
name (id):  sneasel-hisui 10235
name (id):  swinub 220
name (id):  piloswine 221
name (id):  delibird 225
name (id):  elekid 239
name (id):  smoochum 238
name (id):  larvitar 246
name (id):  sableye-mega 10066
name (id):  sableye 302
   Generating static pages (1922/11318) 
name (id):  meganium 154
name (id):  bayleef 153
name (id):  chikorita 152
name (id):  sudowoodo 185
name (id):  wailord 321
name (id):  meditite 307
name (id):  meditite 307
name (id):  electrike 309
name (id):  manectric 310
name (id):  wailord 321
name (id):  sunkern 191
name (id):  hoppip 187
name (id):  sharpedo 319
name (id):  sharpedo-mega 10070
name (id):  wailmer 320
name (id):  wailmer 320
name (id):  barboach 339
name (id):  whiscash 340
name (id):  jumpluff 189
name (id):  medicham-mega 10054
name (id):  medicham 308
name (id):  medicham-mega 10054
name (id):  manectric 310
name (id):  medicham 308
name (id):  magby 240
name (id):  manectric-mega 10055
name (id):  manectric-mega 10055
name (id):  tyranitar-mega 10049
name (id):  tyranitar 248
name (id):  pupitar 247
name (id):  skiploom 188
name (id):  espeon 196
name (id):  sharpedo-mega 10070
name (id):  sharpedo 319
name (id):  zigzagoon-galar 10174
name (id):  castform 351
name (id):  castform-sunny 10013
name (id):  zigzagoon-galar 10174
name (id):  barboach 339
name (id):  whiscash 340
name (id):  linoone-galar 10175
name (id):  sableye 302
name (id):  castform-rainy 10014
name (id):  castform-snowy 10015
name (id):  mew 151
name (id):  shellos 422
name (id):  ivysaur 2
name (id):  venusaur-gmax 10195
name (id):  venusaur-mega 10033
name (id):  venusaur 3
name (id):  charizard-mega-x 10034
name (id):  charmander 4
name (id):  charizard 6
name (id):  charmeleon 5
name (id):  charizard-gmax 10196
name (id):  charizard-mega-y 10035
name (id):  squirtle 7
name (id):  wartortle 8
name (id):  blastoise-mega 10036
name (id):  blastoise-gmax 10197
name (id):  blastoise 9
name (id):  caterpie 10
name (id):  metapod 11
name (id):  butterfree-gmax 10198
name (id):  butterfree 12
name (id):  weedle 13
name (id):  beedrill-mega 10090
name (id):  beedrill 15
name (id):  kakuna 14
name (id):  pidgey 16
name (id):  pidgeot-mega 10073
name (id):  pidgeot 18
name (id):  linoone-galar 10175
name (id):  pidgeotto 17
name (id):  rattata 19
name (id):  sableye-mega 10066
name (id):  mawile-mega 10052
name (id):  mawile 303
name (id):  aron 304
name (id):  rattata-alola 10091
name (id):  raticate-totem-alola 10093
name (id):  raticate-alola 10092
name (id):  raticate 20
name (id):  aggron-mega 10053
name (id):  arbok 24
name (id):  ekans 23
name (id):  fearow 22
name (id):  spearow 21
name (id):  lairon 305
name (id):  aggron 306
name (id):  swablu 333
name (id):  crawdaunt 342
name (id):  pikachu 25
name (id):  barboach 339
name (id):  whiscash 340
name (id):  pikachu-rock-star 10080
name (id):  pikachu-belle 10081
name (id):  pikachu-pop-star 10082
name (id):  minun 312
name (id):  altaria-mega 10067
name (id):  altaria 334
name (id):  minun 312
name (id):  pikachu-phd 10083
name (id):  pikachu-original-cap 10094
name (id):  pikachu-libre 10084
name (id):  pikachu-cosplay 10085
name (id):  baltoy 343
name (id):  claydol 344
name (id):  pikachu-kalos-cap 10098
name (id):  pikachu-hoenn-cap 10095
name (id):  pikachu-sinnoh-cap 10096
name (id):  pikachu-unova-cap 10097
name (id):  sunflora 192
name (id):  plusle 311
name (id):  volbeat 313
name (id):  corphish 341
name (id):  plusle 311
name (id):  pikachu-world-cap 10160
name (id):  pikachu-starter 10158
name (id):  pikachu-alola-cap 10099
name (id):  pikachu-partner-cap 10148
name (id):  castform-sunny 10013
name (id):  castform 351
name (id):  castform-snowy 10015
name (id):  castform-rainy 10014
name (id):  volbeat 313
name (id):  pikachu-gmax 10199
name (id):  raichu-alola 10100
name (id):  raichu 26
name (id):  sandshrew 27
name (id):  sandshrew-alola 10101
name (id):  gastrodon 423
name (id):  shellos 422
name (id):  sandslash-alola 10102
name (id):  sandslash 28
name (id):  nidoran-f 29
name (id):  nidoqueen 31
name (id):  nidorina 30
name (id):  nidorino 33
name (id):  nidoran-m 32
name (id):  nidoking 34
name (id):  clefable 36
name (id):  vulpix 37
name (id):  clefairy 35
name (id):  vulpix-alola 10103
name (id):  ninetales-alola 10104
name (id):  ninetales 38
name (id):  jigglypuff 39
name (id):  wigglytuff 40
name (id):  golbat 42
name (id):  zubat 41
name (id):  oddish 43
name (id):  vileplume 45
name (id):  paras 46
name (id):  parasect 47
name (id):  mew 151
name (id):  gloom 44
name (id):  diglett-alola 10105
name (id):  diglett 50
name (id):  venonat 48
name (id):  venomoth 49
name (id):  cyndaquil 155
name (id):  dugtrio-alola 10106
name (id):  dugtrio 51
name (id):  meowth 52
name (id):  meowth-alola 10107
name (id):  persian-alola 10108
name (id):  meowth-gmax 10200
name (id):  meowth-galar 10161
name (id):  persian 53
name (id):  psyduck 54
name (id):  golduck 55
name (id):  primeape 57
name (id):  mankey 56
name (id):  growlithe-hisui 10229
name (id):  arcanine-hisui 10230
name (id):  arcanine 59
name (id):  growlithe 58
name (id):  abra 63
name (id):  poliwrath 62
name (id):  poliwhirl 61
name (id):  poliwag 60
name (id):  alakazam 65
name (id):  alakazam-mega 10037
name (id):  kadabra 64
name (id):  wooper-paldea 10253
name (id):  machop 66
name (id):  machoke 67
name (id):  machamp-gmax 10201
name (id):  machamp 68
name (id):  bellsprout 69
name (id):  victreebel 71
name (id):  weepinbell 70
name (id):  tentacruel 73
name (id):  tentacool 72
name (id):  lileep 345
name (id):  cradily 346
name (id):  geodude-alola 10109
name (id):  graveler 75
name (id):  graveler-alola 10110
name (id):  geodude 74
name (id):  quilava 156
name (id):  golem-alola 10111
name (id):  golem 76
name (id):  ponyta-galar 10162
name (id):  ponyta 77
name (id):  rapidash-galar 10163
name (id):  rapidash 78
name (id):  slowpoke-galar 10164
name (id):  slowpoke 79
name (id):  illumise 314
name (id):  gulpin 316
name (id):  slowbro-mega 10071
name (id):  gulpin 316
name (id):  slowbro-galar 10165
name (id):  slowbro 80
name (id):  tropius 357
name (id):  magnemite 81
name (id):  relicanth 369
name (id):  roselia 315
name (id):  happiny 440
name (id):  magneton 82
name (id):  farfetchd-galar 10166
name (id):  farfetchd 83
name (id):  honchkrow 430
name (id):  gastrodon 423
name (id):  doduo 84
name (id):  riolu 447
name (id):  swalot 317
name (id):  roselia 315
name (id):  finneon 456
name (id):  lumineon 457
name (id):  dodrio 85
name (id):  wooper-paldea 10253
name (id):  seel 86
name (id):  dewgong 87
name (id):  sharpedo-mega 10070
name (id):  grimer 88
name (id):  carvanha 318
name (id):  lucario-mega 10059
name (id):  lucario 448
name (id):  murkrow 198
name (id):  sharpedo 319
name (id):  wailmer 320
name (id):  umbreon 197
name (id):  grimer-alola 10112
name (id):  cottonee 546
name (id):  muk-alola 10113
name (id):  muk 89
name (id):  shellder 90
name (id):  wailord 321
name (id):  cloyster 91
name (id):  gengar 94
name (id):  gastly 92
name (id):  haunter 93
name (id):  gengar-gmax 10202
name (id):  gengar-mega 10038
name (id):  onix 95
name (id):  drowzee 96
name (id):  kingler-gmax 10203
name (id):  krabby 98
name (id):  kingler 99
name (id):  relicanth 369
name (id):  hypno 97
name (id):  lopunny-mega 10088
name (id):  electrode-hisui 10232
name (id):  voltorb-hisui 10231
name (id):  lopunny 428
name (id):  voltorb 100
name (id):  electrode 101
name (id):  ambipom 424
name (id):  buneary 427
name (id):  exeggutor-alola 10114
name (id):  exeggutor 103
name (id):  illumise 314
name (id):  cubone 104
name (id):  exeggcute 102
name (id):  happiny 440
name (id):  mismagius 429
name (id):  sharpedo 319
name (id):  lucario 448
name (id):  riolu 447
name (id):  marowak 105
name (id):  sharpedo-mega 10070
name (id):  marowak-alola 10115
name (id):  marowak-totem 10149
name (id):  carvanha 318
name (id):  hitmonlee 106
name (id):  swalot 317
name (id):  lumineon 457
name (id):  finneon 456
name (id):  feebas 349
name (id):  lickitung 108
name (id):  weezing 110
name (id):  koffing 109
name (id):  lucario-mega 10059
name (id):  lickilicky 463
name (id):  wailmer 320
name (id):  hitmonchan 107
name (id):  wailord 321
name (id):  typhlosion-hisui 10233
name (id):  typhlosion 157
name (id):  cottonee 546
name (id):  weezing-galar 10167
name (id):  chansey 113
name (id):  rhyhorn 111
name (id):  rhydon 112
name (id):  kangaskhan-mega 10039
name (id):  kangaskhan 115
name (id):  horsea 116
name (id):  croconaw 159
name (id):  tangela 114
name (id):  totodile 158
name (id):  armaldo 348
name (id):  seadra 117
name (id):  staryu 120
name (id):  goldeen 118
name (id):  seaking 119
name (id):  anorith 347
name (id):  starmie 121
name (id):  mr-mime-galar 10168
name (id):  mr-mime 122
name (id):  scyther 123
name (id):  electabuzz 125
name (id):  pinsir 127
name (id):  jynx 124
name (id):  magmar 126
name (id):  milotic 350
name (id):  pinsir-mega 10040
name (id):  tauros-paldea-combat-breed 10250
name (id):  tauros 128
name (id):  tauros-paldea-blaze-breed 10251
name (id):  snorunt 361
name (id):  absol-mega 10057
name (id):  glalie 362
name (id):  absol 359
name (id):  tauros-paldea-aqua-breed 10252
name (id):  gyarados-mega 10041
name (id):  magikarp 129
name (id):  gyarados 130
name (id):  glalie-mega 10074
name (id):  lapras-gmax 10204
name (id):  lapras 131
name (id):  eevee 133
name (id):  ditto 132
name (id):  eevee-gmax 10205
name (id):  eevee-starter 10159
name (id):  vaporeon 134
name (id):  jolteon 135
name (id):  flareon 136
name (id):  omastar 139
name (id):  omanyte 138
name (id):  porygon 137
name (id):  aerodactyl-mega 10042
name (id):  aerodactyl 142
name (id):  kabuto 140
name (id):  kabutops 141
name (id):  articuno-galar 10169
name (id):  articuno 144
name (id):  snorlax-gmax 10206
name (id):  snorlax 143
name (id):  boldore 525
name (id):  roggenrola 524
name (id):  moltres-galar 10171
name (id):  moltres 146
name (id):  zapdos-galar 10170
name (id):  zapdos 145
name (id):  boldore 525
name (id):  dragonair 148
name (id):  dragonite 149
name (id):  dratini 147
name (id):  mewtwo 150
name (id):  roggenrola 524
name (id):  mewtwo-mega-y 10044
name (id):  mewtwo-mega-x 10043
name (id):  mew 151
name (id):  camerupt-mega 10087
name (id):  camerupt 323
name (id):  gigalith 526
name (id):  whimsicott 547
name (id):  lilligant 549
name (id):  petilil 548
name (id):  lilligant-hisui 10237
name (id):  braviary-hisui 10240
name (id):  braviary 628
name (id):  rufflet 627
name (id):  numel 322
name (id):  spinda 327
name (id):  torkoal 324
name (id):  camerupt 323
name (id):  bulbasaur 1
name (id):  venusaur-gmax 10195
name (id):  venusaur-mega 10033
name (id):  sealeo 364
name (id):  venusaur 3
name (id):  ivysaur 2
name (id):  gigalith 526
name (id):  lilligant-hisui 10237
name (id):  lilligant 549
name (id):  petilil 548
name (id):  whimsicott 547
name (id):  charmeleon 5
name (id):  charizard-mega-x 10034
name (id):  charizard 6
name (id):  charmander 4
name (id):  numel 322
name (id):  camerupt-mega 10087
name (id):  basculin-white-striped 10247
name (id):  basculin-blue-striped 10016
name (id):  basculin-red-striped 550
name (id):  charizard-mega-y 10035
name (id):  torkoal 324
name (id):  charizard-gmax 10196
name (id):  squirtle 7
name (id):  wartortle 8
name (id):  zorua 570
name (id):  walrein 365
name (id):  slowking-galar 10172
name (id):  zorua-hisui 10238
name (id):  caterpie 10
name (id):  zoroark-hisui 10239
name (id):  zoroark 571
name (id):  blastoise-mega 10036
name (id):  blastoise-gmax 10197
name (id):  blastoise 9
name (id):  slowking 199
name (id):  butterfree-gmax 10198
name (id):  metapod 11
name (id):  misdreavus 200
name (id):  butterfree 12
name (id):  girafarig 203
name (id):  weedle 13
name (id):  beedrill-mega 10090
name (id):  kakuna 14
name (id):  beedrill 15
name (id):  spheal 363
name (id):  feraligatr 160
name (id):  pidgey 16
name (id):  sentret 161
name (id):  relicanth 369
name (id):  pidgeotto 17
name (id):  pidgeot-mega 10073
name (id):  pidgeot 18
name (id):  rattata 19
name (id):  hoothoot 163
name (id):  rattata-alola 10091
name (id):  raticate-totem-alola 10093
name (id):  raticate-alola 10092
name (id):  raticate 20
name (id):  ekans 23
name (id):  arbok 24
name (id):  fearow 22
name (id):  spearow 21
name (id):  pikachu-rock-star 10080
name (id):  pikachu-pop-star 10082
name (id):  pikachu-belle 10081
name (id):  pikachu 25
name (id):  pikachu-cosplay 10085
name (id):  pikachu-libre 10084
name (id):  pikachu-phd 10083
name (id):  pikachu-original-cap 10094
name (id):  pikachu-hoenn-cap 10095
name (id):  pikachu-unova-cap 10097
name (id):  pikachu-sinnoh-cap 10096
name (id):  pikachu-kalos-cap 10098
name (id):  emolga 587
name (id):  goomy 704
name (id):  pikachu-partner-cap 10148
name (id):  pikachu-alola-cap 10099
name (id):  pikachu-starter 10158
name (id):  pikachu-world-cap 10160
name (id):  vullaby 629
name (id):  mandibuzz 630
name (id):  pikachu-gmax 10199
name (id):  raichu-alola 10100
name (id):  raichu 26
name (id):  sandshrew 27
name (id):  sandshrew-alola 10101
name (id):  sandslash-alola 10102
name (id):  sandslash 28
name (id):  nidoran-f 29
name (id):  nidorina 30
name (id):  nidoqueen 31
name (id):  nidorino 33
name (id):  nidoran-m 32
name (id):  nidoking 34
name (id):  clefairy 35
name (id):  clefable 36
name (id):  emolga 587
name (id):  vulpix 37
name (id):  spoink 325
name (id):  druddigon 621
name (id):  vulpix-alola 10103
name (id):  mienfoo 619
name (id):  ninetales-alola 10104
name (id):  ninetales 38
name (id):  mienshao 620
name (id):  jigglypuff 39
name (id):  rufflet 627
name (id):  wigglytuff 40
name (id):  braviary-hisui 10240
name (id):  oddish 43
name (id):  golbat 42
name (id):  zubat 41
name (id):  braviary 628
name (id):  vullaby 629
name (id):  mandibuzz 630
name (id):  pineco 204
name (id):  flabebe 669
name (id):  florges 671
name (id):  vileplume 45
name (id):  gloom 44
name (id):  paras 46
name (id):  parasect 47
name (id):  spoink 325
name (id):  diglett-alola 10105
name (id):  diglett 50
name (id):  venomoth 49
name (id):  venonat 48
name (id):  dugtrio-alola 10106
name (id):  dugtrio 51
name (id):  meowth-alola 10107
name (id):  meowth 52
name (id):  grumpig 326
name (id):  furret 162
name (id):  meowth-gmax 10200
name (id):  meowth-galar 10161
name (id):  persian-alola 10108
name (id):  persian 53
name (id):  trapinch 328
name (id):  vibrava 329
name (id):  flygon 330
name (id):  golduck 55
name (id):  psyduck 54
name (id):  primeape 57
name (id):  mankey 56
name (id):  ledyba 165
name (id):  forretress 205
name (id):  growlithe 58
name (id):  arcanine 59
name (id):  growlithe-hisui 10229
name (id):  scizor 212
name (id):  arcanine-hisui 10230
name (id):  grumpig 326
name (id):  poliwag 60
name (id):  poliwrath 62
name (id):  poliwhirl 61
name (id):  abra 63
name (id):  vibrava 329
name (id):  trapinch 328
name (id):  flygon 330
name (id):  alakazam-mega 10037
name (id):  bagon 371
name (id):  kadabra 64
name (id):  alakazam 65
name (id):  machop 66
name (id):  spinda 327
name (id):  shelgon 372
name (id):  swablu 333
name (id):  altaria 334
name (id):  machamp-gmax 10201
name (id):  machamp 68
name (id):  machoke 67
name (id):  noctowl 164
name (id):  bellsprout 69
name (id):  carbink 703
name (id):  sliggoo 705
name (id):  ledian 166
name (id):  sliggoo-hisui 10241
name (id):  crobat 169
name (id):  goodra 706
name (id):  victreebel 71
name (id):  goodra-hisui 10242
name (id):  weepinbell 70
name (id):  tentacruel 73
name (id):  tentacool 72
name (id):  pikipek 731
name (id):  toucannon 733
name (id):  trumbeak 732
name (id):  yungoos 734
name (id):  graveler-alola 10110
name (id):  graveler 75
name (id):  litleo 667
name (id):  gumshoos-totem 10121
name (id):  geodude-alola 10109
name (id):  crabrawler 739
name (id):  geodude 74
name (id):  crabominable 740
name (id):  gumshoos 735
name (id):  oricorio-baile 741
name (id):  oricorio-sensu 10125
name (id):  oricorio-pau 10124
name (id):  oricorio-pom-pom 10123
name (id):  golem-alola 10111
name (id):  golem 76
name (id):  ponyta-galar 10162
name (id):  ponyta 77
name (id):  cutiefly 742
name (id):  ribombee 743
name (id):  ribombee-totem 10150
name (id):  rockruff 744
name (id):  slowpoke-galar 10164
name (id):  slowpoke 79
name (id):  rapidash-galar 10163
name (id):  rapidash 78
name (id):  rockruff-own-tempo 10151
name (id):  lycanroc-midday 745
name (id):  lycanroc-dusk 10152
name (id):  lycanroc-midnight 10126
name (id):  slowbro-galar 10165
name (id):  slowbro-mega 10071
name (id):  mudsdale 750
name (id):  mudbray 749
name (id):  slowbro 80
name (id):  magnemite 81
name (id):  magneton 82
name (id):  farfetchd-galar 10166
name (id):  farfetchd 83
name (id):  spinarak 167
name (id):  doduo 84
name (id):  dodrio 85
name (id):  dewgong 87
name (id):  seel 86
name (id):  grimer 88
name (id):  grimer-alola 10112
name (id):  muk-alola 10113
name (id):  muk 89
name (id):  shellder 90
name (id):  cloyster 91
name (id):  haunter 93
name (id):  gengar 94
name (id):  gastly 92
name (id):  cacnea 331
name (id):  ariados 168
name (id):  altaria 334
name (id):  swablu 333
name (id):  altaria-mega 10067
name (id):  gengar-mega 10038
name (id):  gengar-gmax 10202
name (id):  drowzee 96
name (id):  onix 95
name (id):  lanturn 171
name (id):  chinchou 170
name (id):  cacnea 331
name (id):  salamence 373
name (id):  pyroar 668
name (id):  pichu 172
name (id):  kingler-gmax 10203
name (id):  cleffa 173
name (id):  hypno 97
name (id):  cacturne 332
name (id):  inkay 686
name (id):  beldum 374
name (id):  metang 375
name (id):  metagross 376
name (id):  kingler 99
name (id):  krabby 98
name (id):  malamar 687
name (id):  skrelp 690
name (id):  dunsparce 206
name (id):  altaria-mega 10067
name (id):  igglybuff 174
name (id):  natu 177
name (id):  voltorb 100
name (id):  voltorb-hisui 10231
name (id):  electrode-hisui 10232
name (id):  electrode 101
name (id):  qwilfish-hisui 10234
name (id):  exeggutor-alola 10114
name (id):  exeggutor 103
name (id):  qwilfish 211
name (id):  exeggcute 102
name (id):  cubone 104
name (id):  stufful 759
name (id):  scizor-mega 10046
name (id):  marowak-alola 10115
name (id):  marowak-totem 10149
name (id):  sneasel 215
name (id):  heracross-mega 10047
name (id):  heracross 214
name (id):  marowak 105
name (id):  hitmonlee 106
name (id):  salamence-mega 10089
name (id):  metagross-mega 10076
name (id):  hitmonchan 107
name (id):  sneasel-hisui 10235
name (id):  weezing 110
name (id):  koffing 109
name (id):  lickitung 108
name (id):  delibird 225
name (id):  weezing-galar 10167
name (id):  chansey 113
name (id):  rhydon 112
name (id):  rhyhorn 111
name (id):  kangaskhan-mega 10039
name (id):  kangaskhan 115
name (id):  horsea 116
name (id):  tangela 114
name (id):  seadra 117
name (id):  seaking 119
name (id):  goldeen 118
name (id):  cacturne 332
name (id):  staryu 120
name (id):  starmie 121
name (id):  mr-mime-galar 10168
name (id):  mr-mime 122
name (id):  scyther 123
name (id):  bewear 760
name (id):  pinsir 127
name (id):  magmar 126
name (id):  electabuzz 125
name (id):  furfrou 676
name (id):  jynx 124
name (id):  jangmo-o 782
name (id):  wimpod 767
name (id):  golisopod 768
name (id):  dragalge 691
name (id):  clauncher 692
name (id):  clawitzer 693
name (id):  carbink 703
name (id):  tauros-paldea-combat-breed 10250
name (id):  tauros 128
name (id):  pinsir-mega 10040
name (id):  tauros-paldea-blaze-breed 10251
name (id):  sliggoo 705
name (id):  sliggoo-hisui 10241
name (id):  goomy 704
name (id):  goodra 706
name (id):  tauros-paldea-aqua-breed 10252
name (id):  gyarados-mega 10041
name (id):  gyarados 130
name (id):  goodra-hisui 10242
name (id):  pikipek 731
name (id):  magikarp 129
name (id):  noibat 714
name (id):  noivern 715
name (id):  lapras-gmax 10204
name (id):  lapras 131
name (id):  ditto 132
name (id):  toucannon 733
name (id):  trumbeak 732
name (id):  eevee 133
name (id):  gumshoos 735
name (id):  yungoos 734
name (id):  eevee-gmax 10205
name (id):  eevee-starter 10159
name (id):  vaporeon 134
name (id):  jolteon 135
name (id):  oricorio-baile 741
name (id):  crabominable 740
name (id):  gumshoos-totem 10121
name (id):  flareon 136
name (id):  crabrawler 739
name (id):  omanyte 138
name (id):  omastar 139
name (id):  porygon 137
name (id):  cutiefly 742
name (id):  oricorio-pau 10124
name (id):  oricorio-pom-pom 10123
name (id):  oricorio-sensu 10125
name (id):  aerodactyl-mega 10042
name (id):  kabuto 140
name (id):  kabutops 141
name (id):  aerodactyl 142
name (id):  ribombee 743
name (id):  ribombee-totem 10150
name (id):  rockruff-own-tempo 10151
name (id):  rockruff 744
name (id):  articuno-galar 10169
name (id):  articuno 144
name (id):  snorlax-gmax 10206
name (id):  snorlax 143
name (id):  mudbray 749
name (id):  lycanroc-midday 745
name (id):  lycanroc-dusk 10152
name (id):  lycanroc-midnight 10126
name (id):  zapdos-galar 10170
name (id):  zapdos 145
name (id):  moltres-galar 10171
name (id):  moltres 146
name (id):  mudsdale 750
name (id):  wimpod 767
name (id):  bewear 760
name (id):  stufful 759
name (id):  dragonite 149
name (id):  dragonair 148
name (id):  dratini 147
name (id):  togepi 175
name (id):  golisopod 768
name (id):  mewtwo 150
name (id):  togetic 176
name (id):  jangmo-o 782
name (id):  hakamo-o 783
name (id):  zangoose 335
name (id):  mewtwo-mega-y 10044
name (id):  mewtwo-mega-x 10043
name (id):  flaaffy 180
name (id):  ampharos 181
name (id):  mareep 179
name (id):  xatu 178
name (id):  chikorita 152
name (id):  mew 151
name (id):  zangoose 335
name (id):  bayleef 153
name (id):  meganium 154
name (id):  registeel 379
name (id):  regice 378
name (id):  cyndaquil 155
name (id):  quilava 156
name (id):  ampharos-mega 10045
name (id):  azumarill 184
name (id):  marill 183
name (id):  bellossom 182
name (id):  typhlosion 157
name (id):  lunatone 337
name (id):  lunatone 337
name (id):  typhlosion-hisui 10233
name (id):  regirock 377
name (id):  totodile 158
name (id):  croconaw 159
name (id):  skiploom 188
name (id):  hoppip 187
name (id):  sudowoodo 185
name (id):  seviper 336
name (id):  mime-jr 439
name (id):  bronzong 437
name (id):  bronzor 436
name (id):  furret 162
name (id):  ursaring 217
name (id):  sentret 161
name (id):  feraligatr 160
name (id):  corphish 341
name (id):  spiritomb 442
name (id):  whiscash 340
name (id):  barboach 339
name (id):  hoothoot 163
name (id):  teddiursa 216
name (id):  gible 443
name (id):  solrock 338
name (id):  garchomp-mega 10058
name (id):  houndoom-mega 10048
name (id):  houndour 228
name (id):  noctowl 164
name (id):  spinarak 167
name (id):  gabite 444
name (id):  garchomp 445
name (id):  phanpy 231
name (id):  dhelmise 781
name (id):  ledian 166
name (id):  ledyba 165
name (id):  houndoom 229
name (id):  dhelmise 781
name (id):  hakamo-o 783
name (id):  munchlax 446
name (id):  kommo-o-totem 10146
name (id):  kommo-o 784
name (id):  seviper 336
name (id):  riolu 447
name (id):  lucario-mega 10059
name (id):  kommo-o-totem 10146
name (id):  lucario 448
name (id):  ariados 168
name (id):  crobat 169
name (id):  blissey 242
name (id):  kommo-o 784
name (id):  chinchou 170
name (id):  crawdaunt 342
name (id):  whiscash 340
name (id):  lanturn 171
name (id):  donphan 232
name (id):  barboach 339
name (id):  corphish 341
name (id):  larvitar 246
name (id):  weavile 461
name (id):  abomasnow-mega 10060
name (id):  abomasnow 460
name (id):  snover 459
   Generating static pages (2829/11318) 
name (id):  cleffa 173
name (id):  igglybuff 174
name (id):  togepi 175
name (id):  baltoy 343
name (id):  claydol 344
name (id):  bulbasaur 1
name (id):  pichu 172
name (id):  lileep 345
name (id):  cradily 346
name (id):  electivire 466
name (id):  glaceon 471
name (id):  leafeon 470
name (id):  magmortar 467
name (id):  mareep 179
name (id):  natu 177
name (id):  feebas 349
name (id):  armaldo 348
name (id):  xatu 178
name (id):  togetic 176
name (id):  anorith 347
name (id):  milotic 350
name (id):  froslass 478
name (id):  mamoswine 473
name (id):  flaaffy 180
name (id):  castform-sunny 10013
name (id):  castform 351
name (id):  ampharos-mega 10045
name (id):  ampharos 181
name (id):  bellossom 182
name (id):  castform-rainy 10014
name (id):  castform-snowy 10015
name (id):  solrock 338
name (id):  tapu-fini 788
name (id):  azumarill 184
name (id):  shuppet 353
name (id):  banette-mega 10056
name (id):  banette 354
name (id):  marill 183
name (id):  sudowoodo 185
name (id):  baltoy 343
name (id):  crawdaunt 342
name (id):  claydol 344
name (id):  lileep 345
name (id):  politoed 186
name (id):  anorith 347
name (id):  jumpluff 189
name (id):  sunflora 192
name (id):  sunkern 191
name (id):  aipom 190
name (id):  cradily 346
name (id):  armaldo 348
name (id):  feebas 349
name (id):  tapu-fini 788
name (id):  milotic 350
name (id):  wooper 194
name (id):  wooper-paldea 10253
name (id):  castform 351
name (id):  castform-rainy 10014
name (id):  castform-sunny 10013
name (id):  venusaur 3
name (id):  ivysaur 2
name (id):  venusaur-gmax 10195
name (id):  venusaur-mega 10033
name (id):  stantler 234
name (id):  castform-snowy 10015
name (id):  charmeleon 5
name (id):  charizard 6
name (id):  charizard-mega-x 10034
name (id):  tyranitar-mega 10049
name (id):  shuppet 353
name (id):  banette 354
name (id):  pupitar 247
name (id):  tyranitar 248
name (id):  charmander 4
name (id):  wingull 278
name (id):  butterfree-gmax 10198
name (id):  charizard-gmax 10196
name (id):  metapod 11
name (id):  charizard-mega-y 10035
name (id):  caterpie 10
name (id):  wartortle 8
name (id):  squirtle 7
name (id):  butterfree 12
name (id):  pelipper 279
name (id):  raticate-alola 10092
name (id):  rattata-alola 10091
name (id):  rattata-alola 10091
name (id):  raticate-alola 10092
name (id):  blastoise-gmax 10197
name (id):  ralts 280
name (id):  kirlia 281
name (id):  gardevoir 282
name (id):  blastoise 9
name (id):  blastoise-mega 10036
name (id):  politoed 186
name (id):  caterpie 10
name (id):  skiploom 188
name (id):  jumpluff 189
name (id):  hoppip 187
name (id):  metapod 11
name (id):  butterfree 12
name (id):  weedle 13
name (id):  butterfree-gmax 10198
name (id):  gardevoir-mega 10051
name (id):  raticate-alola 10092
name (id):  spearow 21
name (id):  fearow 22
name (id):  aipom 190
name (id):  masquerain 284
name (id):  surskit 283
name (id):  shroomish 285
name (id):  kakuna 14
name (id):  beedrill-mega 10090
name (id):  beedrill 15
name (id):  wooper 194
name (id):  sunkern 191
name (id):  sunflora 192
name (id):  ekans 23
name (id):  pidgey 16
name (id):  breloom 286
name (id):  pidgeot-mega 10073
name (id):  pidgeot 18
name (id):  slakoth 287
name (id):  slaking 289
name (id):  vigoroth 288
name (id):  arbok 24
name (id):  rattata 19
name (id):  pidgeotto 17
name (id):  rattata-alola 10091
name (id):  raticate-totem-alola 10093
name (id):  raticate-alola 10092
name (id):  raticate 20
name (id):  audino-mega 10069
name (id):  azurill 298
name (id):  audino 531
name (id):  makuhita 296
name (id):  hariyama 297
name (id):  arbok 24
name (id):  sableye 302
name (id):  fearow 22
name (id):  spearow 21
name (id):  ekans 23
name (id):  quagsire 195
name (id):  timburr 532
name (id):  conkeldurr 534
name (id):  kecleon 352
name (id):  gurdurr 533
name (id):  pikachu-alola-cap 10099
name (id):  pikachu-alola-cap 10099
name (id):  pikachu-alola-cap 10099
name (id):  yanma 193
name (id):  pikachu-pop-star 10082
name (id):  pikachu-rock-star 10080
name (id):  pikachu-belle 10081
name (id):  pikachu 25
name (id):  cottonee 546
name (id):  tropius 357
name (id):  sableye-mega 10066
name (id):  umbreon 197
name (id):  medicham-mega 10054
name (id):  meditite 307
name (id):  medicham 308
name (id):  pikachu-alola-cap 10099
name (id):  espeon 196
name (id):  yanma 193
name (id):  pikachu-alola-cap 10099
name (id):  pikachu-alola-cap 10099
name (id):  pikachu-phd 10083
name (id):  pikachu-cosplay 10085
name (id):  pikachu-original-cap 10094
name (id):  pikachu-alola-cap 10099
name (id):  whimsicott 547
name (id):  murkrow 198
name (id):  basculin-white-striped 10247
name (id):  basculin-blue-striped 10016
name (id):  pikachu-libre 10084
name (id):  wooper-paldea 10253
name (id):  basculin-red-striped 550
name (id):  umbreon 197
name (id):  slowking 199
name (id):  espeon 196
name (id):  quagsire 195
name (id):  pikachu-alola-cap 10099
name (id):  pikachu-sinnoh-cap 10096
name (id):  pikachu-kalos-cap 10098
name (id):  pikachu-hoenn-cap 10095
name (id):  pikachu-alola-cap 10099
name (id):  pikachu-alola-cap 10099
name (id):  pikachu-unova-cap 10097
name (id):  slowking-galar 10172
name (id):  camerupt 323
name (id):  numel 322
name (id):  wobbuffet 202
name (id):  misdreavus 200
name (id):  slowking 199
name (id):  pikachu-alola-cap 10099
name (id):  gulpin 316
name (id):  swalot 317
name (id):  pikachu-world-cap 10160
name (id):  pikachu-alola-cap 10099
name (id):  pikachu-starter 10158
name (id):  pikachu-partner-cap 10148
name (id):  slowking-galar 10172
name (id):  misdreavus 200
name (id):  murkrow 198
name (id):  pikachu-alola-cap 10099
name (id):  pikachu-alola-cap 10099
name (id):  kecleon 352
name (id):  pikachu-alola-cap 10099
name (id):  pikachu-gmax 10199
name (id):  pikachu-alola-cap 10099
name (id):  raichu 26
name (id):  tropius 357
name (id):  spoink 325
name (id):  girafarig 203
name (id):  sandshrew 27
name (id):  raichu-alola 10100
name (id):  banette-mega 10056
name (id):  unown 201
name (id):  camerupt-mega 10087
name (id):  wobbuffet 202
name (id):  grumpig 326
name (id):  unown 201
name (id):  pineco 204
name (id):  torkoal 324
name (id):  sandshrew-alola 10101
name (id):  pikachu-alola-cap 10099
name (id):  sandslash-alola 10102
name (id):  pikachu-alola-cap 10099
name (id):  nidoran-f 29
name (id):  sandslash 28
name (id):  girafarig 203
name (id):  raichu-alola 10100
name (id):  dunsparce 206
name (id):  forretress 205
name (id):  dunsparce 206
name (id):  cacnea 331
name (id):  pineco 204
name (id):  forretress 205
name (id):  nidoqueen 31
name (id):  nidorina 30
name (id):  nidoran-m 32
name (id):  nidorino 33
name (id):  swablu 333
name (id):  altaria 334
name (id):  cacturne 332
name (id):  snubbull 209
name (id):  nidoking 34
name (id):  clefable 36
name (id):  clefairy 35
name (id):  altaria-mega 10067
name (id):  zangoose 335
name (id):  seviper 336
name (id):  barboach 339
name (id):  vulpix 37
name (id):  vulpix-alola 10103
name (id):  ninetales-alola 10104
name (id):  ninetales 38
name (id):  banette-mega 10056
name (id):  jigglypuff 39
name (id):  banette 354
name (id):  whiscash 340
name (id):  shuppet 353
name (id):  golbat 42
name (id):  oddish 43
name (id):  zubat 41
name (id):  wigglytuff 40
name (id):  glalie-mega 10074
name (id):  snorunt 361
name (id):  glalie 362
name (id):  gloom 44
name (id):  parasect 47
name (id):  paras 46
name (id):  tropius 357
name (id):  vileplume 45
name (id):  bagon 371
name (id):  shelgon 372
name (id):  salamence 373
name (id):  venonat 48
name (id):  venomoth 49
name (id):  diglett-alola 10105
name (id):  diglett 50
name (id):  raichu-alola 10100
name (id):  dugtrio-alola 10106
name (id):  dugtrio 51
name (id):  sandslash-alola 10102
name (id):  sandshrew-alola 10101
name (id):  meowth-alola 10107
name (id):  meowth 52
name (id):  meowth-galar 10161
name (id):  meowth-gmax 10200
name (id):  persian-alola 10108
name (id):  persian 53
name (id):  primeape 57
name (id):  mankey 56
name (id):  psyduck 54
name (id):  golduck 55
name (id):  growlithe-hisui 10229
name (id):  arcanine-hisui 10230
name (id):  growlithe 58
name (id):  arcanine 59
name (id):  darumaka-galar 10176
name (id):  chimecho 358
name (id):  poliwhirl 61
name (id):  poliwrath 62
name (id):  poliwag 60
name (id):  abra 63
name (id):  duskull 355
name (id):  alakazam-mega 10037
name (id):  alakazam 65
name (id):  kadabra 64
name (id):  machop 66
name (id):  sandshrew-alola 10101
name (id):  machamp-gmax 10201
name (id):  machamp 68
name (id):  machoke 67
name (id):  bellsprout 69
name (id):  weepinbell 70
name (id):  victreebel 71
name (id):  tentacruel 73
name (id):  tentacool 72
name (id):  graveler-alola 10110
name (id):  geodude 74
name (id):  graveler 75
name (id):  geodude-alola 10109
name (id):  darumaka-galar 10176
name (id):  duskull 355
name (id):  ponyta-galar 10162
name (id):  ponyta 77
name (id):  golem-alola 10111
name (id):  golem 76
name (id):  sandslash-alola 10102
name (id):  dusclops 356
name (id):  rapidash-galar 10163
name (id):  rapidash 78
name (id):  slowpoke-galar 10164
name (id):  slowpoke 79
name (id):  snorunt 361
name (id):  vulpix-alola 10103
name (id):  clefairy 35
name (id):  clefable 36
name (id):  absol 359
name (id):  absol-mega 10057
name (id):  dusclops 356
name (id):  slowbro-galar 10165
name (id):  slowbro-mega 10071
name (id):  slowbro 80
name (id):  magnemite 81
name (id):  absol 359
name (id):  absol-mega 10057
name (id):  chimecho 358
name (id):  magneton 82
name (id):  doduo 84
name (id):  farfetchd 83
name (id):  luvdisc 370
name (id):  farfetchd-galar 10166
name (id):  gligar 207
name (id):  salamence-mega 10089
name (id):  gligar 207
name (id):  vulpix-alola 10103
name (id):  grimer 88
name (id):  dodrio 85
name (id):  seel 86
name (id):  dewgong 87
name (id):  ninetales-alola 10104
name (id):  jigglypuff 39
name (id):  grimer-alola 10112
name (id):  muk-alola 10113
name (id):  shellder 90
name (id):  wigglytuff 40
name (id):  muk 89
name (id):  cloyster 91
name (id):  gastly 92
name (id):  haunter 93
name (id):  gengar 94
name (id):  steelix-mega 10072
name (id):  gengar-gmax 10202
name (id):  gengar-mega 10038
name (id):  steelix 208
name (id):  onix 95
name (id):  drowzee 96
name (id):  wynaut 360
name (id):  wynaut 360
name (id):  steelix 208
name (id):  qwilfish-hisui 10234
name (id):  qwilfish 211
name (id):  glalie-mega 10074
name (id):  hypno 97
name (id):  scizor 212
name (id):  glalie 362
name (id):  granbull 210
name (id):  krabby 98
name (id):  kingler-gmax 10203
name (id):  kingler 99
name (id):  sealeo 364
name (id):  spheal 363
name (id):  steelix-mega 10072
name (id):  glalie-mega 10074
name (id):  snorunt 361
name (id):  glalie 362
name (id):  qwilfish 211
name (id):  granbull 210
name (id):  snubbull 209
name (id):  scizor-mega 10046
name (id):  walrein 365
name (id):  spheal 363
name (id):  ninetales-alola 10104
name (id):  darmanitan-galar-standard 10177
name (id):  huntail 367
name (id):  gorebyss 368
name (id):  voltorb-hisui 10231
name (id):  electrode 101
name (id):  qwilfish-hisui 10234
name (id):  heracross-mega 10047
name (id):  heracross 214
name (id):  darmanitan-galar-standard 10177
name (id):  clamperl 366
name (id):  electrode-hisui 10232
name (id):  voltorb 100
name (id):  shuckle 213
name (id):  zubat 41
name (id):  golbat 42
name (id):  scizor-mega 10046
name (id):  scizor 212
name (id):  shuckle 213
name (id):  sealeo 364
name (id):  parasect 47
name (id):  walrein 365
name (id):  shelgon 372
name (id):  exeggcute 102
name (id):  huntail 367
name (id):  luvdisc 370
name (id):  paras 46
name (id):  sneasel 215
name (id):  cubone 104
name (id):  bagon 371
name (id):  exeggutor 103
name (id):  clamperl 366
name (id):  relicanth 369
name (id):  sneasel-hisui 10235
name (id):  exeggutor-alola 10114
name (id):  diglett-alola 10105
name (id):  dugtrio-alola 10106
name (id):  heracross-mega 10047
name (id):  heracross 214
name (id):  diglett-alola 10105
name (id):  dugtrio-alola 10106
name (id):  staravia 397
name (id):  sneasel 215
name (id):  sneasel-hisui 10235
name (id):  ursaring 217
name (id):  teddiursa 216
name (id):  staraptor 398
name (id):  starly 396
name (id):  gorebyss 368
name (id):  marowak 105
name (id):  salamence-mega 10089
name (id):  bagon 371
name (id):  marowak-totem 10149
name (id):  marowak-alola 10115
name (id):  beldum 374
name (id):  metang 375
name (id):  luvdisc 370
name (id):  hitmonlee 106
name (id):  teddiursa 216
name (id):  salamence 373
name (id):  relicanth 369
name (id):  slugma 218
name (id):  ursaring 217
name (id):  slugma 218
name (id):  magcargo 219
name (id):  darmanitan-galar-standard 10177
name (id):  swinub 220
name (id):  meowth-alola 10107
name (id):  magcargo 219
name (id):  piloswine 221
name (id):  lickitung 108
name (id):  metagross 376
name (id):  weezing 110
name (id):  koffing 109
name (id):  salamence 373
name (id):  metagross-mega 10076
name (id):  regirock 377
name (id):  hitmonchan 107
name (id):  regice 378
name (id):  corsola-galar 10173
name (id):  corsola 222
name (id):  swinub 220
name (id):  piloswine 221
name (id):  darmanitan-galar-standard 10177
name (id):  shelgon 372
name (id):  salamence-mega 10089
name (id):  corsola-galar 10173
name (id):  beldum 374
name (id):  corsola 222
name (id):  weezing-galar 10167
name (id):  registeel 379
name (id):  rhyhorn 111
name (id):  rhydon 112
name (id):  chansey 113
name (id):  delibird 225
name (id):  metang 375
name (id):  regirock 377
name (id):  metagross-mega 10076
name (id):  metagross 376
name (id):  tangela 114
name (id):  kangaskhan 115
name (id):  kangaskhan-mega 10039
name (id):  horsea 116
name (id):  registeel 379
name (id):  regice 378
name (id):  staryu 120
name (id):  seadra 117
name (id):  goldeen 118
name (id):  seaking 119
name (id):  mr-mime-galar 10168
name (id):  mr-mime 122
name (id):  starmie 121
name (id):  scyther 123
name (id):  jynx 124
name (id):  pinsir 127
name (id):  magmar 126
name (id):  electabuzz 125
name (id):  pinsir-mega 10040
name (id):  tauros-paldea-blaze-breed 10251
name (id):  tauros-paldea-combat-breed 10250
name (id):  tauros 128
name (id):  meowth-alola 10107
name (id):  meowth-alola 10107
name (id):  meowth-alola 10107
name (id):  tauros-paldea-aqua-breed 10252
name (id):  kricketot 401
name (id):  magikarp 129
name (id):  gyarados 130
name (id):  gyarados-mega 10041
name (id):  psyduck 54
name (id):  golduck 55
name (id):  persian-alola 10108
name (id):  lapras-gmax 10204
name (id):  ditto 132
name (id):  lapras 131
name (id):  eevee 133
name (id):  eevee-gmax 10205
name (id):  eevee-starter 10159
name (id):  jolteon 135
name (id):  vaporeon 134
name (id):  carracosta 565
name (id):  flareon 136
name (id):  porygon 137
name (id):  omanyte 138
name (id):  omastar 139
name (id):  aerodactyl-mega 10042
name (id):  aerodactyl 142
name (id):  kabuto 140
name (id):  kabutops 141
name (id):  snorlax-gmax 10206
name (id):  snorlax 143
name (id):  articuno-galar 10169
name (id):  tirtouga 564
name (id):  articuno 144
name (id):  remoraid 223
name (id):  gothita 574
name (id):  gothorita 575
name (id):  zapdos-galar 10170
name (id):  zapdos 145
name (id):  octillery 224
name (id):  moltres 146
name (id):  moltres-galar 10171
name (id):  delibird 225
name (id):  skarmory 227
name (id):  dratini 147
name (id):  dragonite 149
name (id):  dragonair 148
name (id):  mewtwo 150
name (id):  mantine 226
name (id):  houndour 228
name (id):  remoraid 223
name (id):  kricketune 402
name (id):  octillery 224
name (id):  shinx 403
name (id):  persian-alola 10108
name (id):  mewtwo-mega-x 10043
name (id):  luxio 404
name (id):  houndoom-mega 10048
name (id):  mewtwo-mega-y 10044
name (id):  primeape 57
name (id):  houndoom 229
name (id):  mantine 226
name (id):  kingdra 230
name (id):  phanpy 231
name (id):  mew 151
name (id):  mankey 56
name (id):  luxray 405
name (id):  growlithe-hisui 10229
name (id):  growlithe 58
name (id):  combee 415
name (id):  vespiquen 416
name (id):  houndoom-mega 10048
name (id):  houndoom 229
name (id):  porygon2 233
name (id):  pachirisu 417
name (id):  houndour 228
name (id):  skarmory 227
name (id):  stantler 234
name (id):  donphan 232
name (id):  arcanine-hisui 10230
name (id):  floatzel 419
name (id):  porygon2 233
name (id):  arcanine 59
name (id):  donphan 232
name (id):  phanpy 231
name (id):  buizel 418
name (id):  kingdra 230
name (id):  poliwhirl 61
name (id):  poliwag 60
name (id):  gastrodon 423
name (id):  shellos 422
name (id):  stantler 234
name (id):  drifblim 426
name (id):  smeargle 235
name (id):  abra 63
name (id):  kadabra 64
name (id):  alakazam 65
name (id):  mismagius 429
name (id):  honchkrow 430
name (id):  drifloon 425
name (id):  meltan 808
name (id):  poliwrath 62
name (id):  smeargle 235
name (id):  stunky 434
name (id):  skuntank 435
name (id):  machop 66
name (id):  machamp 68
name (id):  machoke 67
name (id):  bronzong 437
name (id):  bronzor 436
name (id):  smoochum 238
name (id):  elekid 239
name (id):  latias-mega 10062
name (id):  alakazam-mega 10037
name (id):  latias 380
name (id):  machamp-gmax 10201
name (id):  happiny 440
name (id):  bonsly 438
name (id):  tentacool 72
name (id):  tentacruel 73
name (id):  spiritomb 442
name (id):  gible 443
name (id):  archen 566
name (id):  garchomp-mega 10058
name (id):  garchomp 445
name (id):  gabite 444
name (id):  latios 381
name (id):  riolu 447
name (id):  archeops 567
name (id):  gothitelle 576
name (id):  lucario-mega 10059
name (id):  lucario 448
name (id):  latias-mega 10062
name (id):  latias 380
name (id):  hippowdon 450
name (id):  hippopotas 449
name (id):  latios 381
name (id):  toxicroak 454
name (id):  croagunk 453
name (id):  finneon 456
name (id):  lumineon 457
name (id):  melmetal-gmax 10208
name (id):  melmetal 809
name (id):  charmander 4
name (id):  charmeleon 5
name (id):  abomasnow-mega 10060
name (id):  snover 459
name (id):  abomasnow 460
name (id):  weavile 461
name (id):  charizard-mega-x 10034
name (id):  charizard-gmax 10196
name (id):  charizard-mega-y 10035
name (id):  charizard 6
name (id):  geodude-alola 10109
name (id):  tyrogue 236
name (id):  tyrogue 236
name (id):  glaceon 471
name (id):  leafeon 470
name (id):  butterfree-gmax 10198
name (id):  metapod 11
name (id):  caterpie 10
name (id):  geodude-alola 10109
name (id):  gallade 475
name (id):  magnezone 462
name (id):  butterfree 12
name (id):  graveler-alola 10110
name (id):  hitmontop 237
name (id):  pikachu-pop-star 10082
name (id):  pikachu-belle 10081
name (id):  pikachu-rock-star 10080
name (id):  pikachu 25
name (id):  gallade-mega 10068
name (id):  froslass 478
name (id):  smoochum 238
name (id):  miltank 241
name (id):  rotom 479
name (id):  rotom-heat 10008
name (id):  pikachu-cosplay 10085
name (id):  pikachu-libre 10084
name (id):  magby 240
name (id):  elekid 239
name (id):  pikachu-phd 10083
name (id):  pikachu-original-cap 10094
name (id):  rotom-mow 10012
name (id):  rotom-fan 10011
name (id):  rotom-wash 10009
name (id):  rotom-frost 10010
name (id):  blissey 242
name (id):  pikachu-hoenn-cap 10095
name (id):  pikachu-sinnoh-cap 10096
name (id):  pikachu-unova-cap 10097
name (id):  latios-mega 10063
name (id):  petilil 548
name (id):  lilligant 549
name (id):  basculin-red-striped 550
name (id):  lilligant-hisui 10237
name (id):  pikachu-kalos-cap 10098
name (id):  pikachu-starter 10158
name (id):  latios-mega 10063
name (id):  hitmontop 237
name (id):  pikachu-world-cap 10160
name (id):  pikachu-alola-cap 10099
name (id):  pikachu-partner-cap 10148
name (id):  basculin-white-striped 10247
name (id):  basculin-blue-striped 10016
name (id):  miltank 241
name (id):  krokorok 552
name (id):  sandile 551
name (id):  magby 240
name (id):  blissey 242
name (id):  pikachu-gmax 10199
name (id):  clefairy 35
name (id):  graveler-alola 10110
name (id):  raichu-alola 10100
name (id):  zorua-hisui 10238
name (id):  raichu 26
name (id):  krookodile 553
name (id):  zorua 570
name (id):  zoroark 571
name (id):  golem-alola 10111
name (id):  clefable 36
name (id):  vulpix 37
name (id):  vulpix-alola 10103
name (id):  ninetales 38
name (id):  golem-alola 10111
name (id):  zoroark-hisui 10239
name (id):  slowpoke 79
name (id):  slowpoke-galar 10164
name (id):  gothita 574
name (id):  gothorita 575
name (id):  gothitelle 576
name (id):  slowbro 80
name (id):  ninetales-alola 10104
name (id):  oddish 43
name (id):  gloom 44
name (id):  vileplume 45
name (id):  slowbro-mega 10071
name (id):  foongus 590
name (id):  slowbro-galar 10165
name (id):  amoonguss 591
name (id):  magnemite 81
name (id):  magneton 82
name (id):  diglett 50
name (id):  dugtrio-alola 10106
name (id):  diglett-alola 10105
name (id):  dewgong 87
name (id):  seel 86
name (id):  dugtrio 51
name (id):  grimer-alola 10112
name (id):  duosion 578
name (id):  meowth-galar 10161
name (id):  reuniclus 579
name (id):  solosis 577
name (id):  kyogre-primal 10077
name (id):  kyogre 382
name (id):  vanillish 583
name (id):  raikou 243
name (id):  vanilluxe 584
name (id):  vanillite 582
name (id):  karrablast 588
name (id):  kyogre-primal 10077
name (id):  pupitar 247
name (id):  larvitar 246
name (id):  kyogre 382
name (id):  escavalier 589
name (id):  suicune 245
name (id):  entei 244
name (id):  tyranitar-mega 10049
name (id):  tyranitar 248
name (id):  entei 244
name (id):  meowth-galar 10161
name (id):  grimer-alola 10112
name (id):  meowth-galar 10161
name (id):  meowth-galar 10161
name (id):  muk-alola 10113
name (id):  shellder 90
name (id):  cloyster 91
name (id):  groudon 383
name (id):  persian 53
name (id):  persian-alola 10108
name (id):  growlithe-hisui 10229
name (id):  growlithe 58
name (id):  suicune 245
name (id):  arcanine-hisui 10230
name (id):  arcanine 59
name (id):  machop 66
name (id):  machoke 67
name (id):  sawsbuck 586
name (id):  ponyta-galar 10162
name (id):  raikou 243
name (id):  ponyta-galar 10162
name (id):  machamp-gmax 10201
name (id):  machamp 68
name (id):  tyranitar-mega 10049
name (id):  larvitar 246
name (id):  tyranitar 248
name (id):  pupitar 247
name (id):  rapidash-galar 10163
name (id):  rapidash-galar 10163
name (id):  farfetchd-galar 10166
name (id):  bulbasaur 1
name (id):  groudon-primal 10078
name (id):  deerling 585
name (id):  muk-alola 10113
name (id):  gengar-mega 10038
name (id):  gastly 92
name (id):  gengar 94
name (id):  haunter 93
name (id):  farfetchd-galar 10166
name (id):  galvantula 596
name (id):  joltik 595
name (id):  shellder 90
name (id):  gastly 92
name (id):  haunter 93
name (id):  cloyster 91
name (id):  gengar-gmax 10202
name (id):  drowzee 96
name (id):  hypno 97
name (id):  exeggcute 102
name (id):  gengar-mega 10038
name (id):  groudon 383
name (id):  gengar-gmax 10202
name (id):  gengar 94
name (id):  onix 95
name (id):  groudon-primal 10078
name (id):  exeggutor-alola 10114
name (id):  exeggutor-alola 10114
name (id):  cubone 104
name (id):  ferroseed 597
name (id):  kingler-gmax 10203
name (id):  kingler 99
name (id):  krabby 98
name (id):  hitmonlee 106
name (id):  tynamo 602
name (id):  chandelure 609
name (id):  lampent 608
name (id):  litwick 607
name (id):  koffing 109
name (id):  hitmonchan 107
name (id):  weezing-galar 10167
name (id):  lugia 249
name (id):  lugia 249
name (id):  marowak-alola 10115
name (id):  chansey 113
name (id):  lickitung 108
name (id):  marowak-alola 10115
name (id):  marowak-alola 10115
name (id):  weezing-galar 10167
name (id):  goldeen 118
name (id):  seaking 119
name (id):  seaking 119
name (id):  goldeen 118
name (id):  rhyhorn 111
name (id):  kangaskhan-mega 10039
name (id):  kangaskhan 115
name (id):  rhydon 112
name (id):  rayquaza-mega 10079
name (id):  rayquaza 384
name (id):  magikarp 129
name (id):  gyarados 130
name (id):  mr-mime-galar 10168
name (id):  eelektrik 603
name (id):  mr-mime-galar 10168
name (id):  mr-mime 122
name (id):  mr-mime-galar 10168
name (id):  rayquaza-mega 10079
name (id):  starmie 121
name (id):  staryu 120
name (id):  rayquaza 384
name (id):  lapras-gmax 10204
name (id):  gyarados-mega 10041
name (id):  lapras 131
name (id):  ho-oh 250
name (id):  ditto 132
name (id):  scyther 123
name (id):  eelektross 604
name (id):  eevee 133
name (id):  eevee-starter 10159
name (id):  magmar 126
name (id):  vaporeon 134
name (id):  eevee-gmax 10205
name (id):  electabuzz 125
name (id):  jynx 124
name (id):  jirachi 385
name (id):  ho-oh 250
name (id):  celebi 251
name (id):  flareon 136
name (id):  snorlax 143
name (id):  jolteon 135
name (id):  snorlax-gmax 10206
name (id):  tauros-paldea-combat-breed 10250
name (id):  tauros 128
name (id):  pinsir-mega 10040
name (id):  pinsir 127
name (id):  celebi 251
name (id):  ambipom 424
name (id):  venusaur-mega 10033
name (id):  ferrothorn 598
name (id):  ivysaur 2
name (id):  venusaur-gmax 10195
name (id):  alomomola 594
name (id):  venusaur 3
name (id):  lickilicky 463
name (id):  shelmet 616
name (id):  tangrowth 465
name (id):  tauros-paldea-blaze-breed 10251
name (id):  tauros-paldea-aqua-breed 10252
name (id):  cryogonal 615
name (id):  cubchoo 613
name (id):  beartic 614
name (id):  gyarados 130
name (id):  magikarp 129
name (id):  cubchoo 613
name (id):  charizard 6
name (id):  charizard-mega-x 10034
name (id):  lanturn 171
name (id):  chinchou 170
name (id):  charmander 4
name (id):  charmeleon 5
name (id):  yanmega 469
name (id):  hoothoot 163
name (id):  noctowl 164
name (id):  mamoswine 473
name (id):  gyarados-mega 10041
name (id):  accelgor 617
name (id):  druddigon 621
name (id):  lapras-gmax 10204
name (id):  lapras 131
name (id):  charizard-mega-y 10035
name (id):  charizard-gmax 10196
name (id):  golurk 623
name (id):  golett 622
name (id):  cleffa 173
name (id):  squirtle 7
name (id):  wartortle 8
name (id):  ditto 132
name (id):  pichu 172
name (id):  togepi 175
name (id):  togetic 176
name (id):  deino 633
name (id):  zweilous 634
name (id):  eevee 133
name (id):  eevee-starter 10159
name (id):  eevee-gmax 10205
name (id):  blastoise-gmax 10197
name (id):  blastoise 9
name (id):  durant 632
name (id):  heatmor 631
name (id):  caterpie 10
name (id):  blastoise-mega 10036
name (id):  vaporeon 134
name (id):  bellossom 182
name (id):  butterfree-gmax 10198
name (id):  metapod 11
name (id):  sudowoodo 185
name (id):  natu 177
name (id):  xatu 178
name (id):  butterfree 12
name (id):  weedle 13
name (id):  flareon 136
name (id):  omanyte 138
name (id):  hydreigon 635
name (id):  jolteon 135
name (id):  porygon 137
name (id):  beedrill 15
name (id):  espeon 196
name (id):  beedrill-mega 10090
name (id):  kakuna 14
name (id):  wooper-paldea 10253
name (id):  wooper 194
name (id):  quagsire 195
name (id):  pidgey 16
name (id):  aerodactyl 142
name (id):  jirachi 385
name (id):  omastar 139
name (id):  pidgeot-mega 10073
name (id):  pidgeot 18
name (id):  pidgeotto 17
name (id):  umbreon 197
name (id):  kabuto 140
name (id):  kabutops 141
name (id):  steelix-mega 10072
name (id):  rattata 19
name (id):  steelix 208
name (id):  wobbuffet 202
name (id):  aerodactyl-mega 10042
name (id):  rattata-alola 10091
name (id):  raticate-alola 10092
name (id):  snorlax-gmax 10206
name (id):  snorlax 143
name (id):  raticate-totem-alola 10093
name (id):  dratini 147
name (id):  shuckle 213
name (id):  raticate 20
name (id):  sneasel 215
name (id):  qwilfish-hisui 10234
name (id):  qwilfish 211
name (id):  dragonair 148
name (id):  dragonite 149
name (id):  ekans 23
name (id):  arbok 24
name (id):  spearow 21
name (id):  fearow 22
name (id):  sneasel-hisui 10235
name (id):  piloswine 221
name (id):  swinub 220
name (id):  noctowl 164
name (id):  hoothoot 163
name (id):  pikachu-pop-star 10082
name (id):  pikachu 25
name (id):  pikachu-rock-star 10080
name (id):  pikachu-belle 10081
name (id):  ledian 166
name (id):  ledyba 165
name (id):  ariados 168
name (id):  spinarak 167
name (id):  pikachu-original-cap 10094
name (id):  pikachu-libre 10084
name (id):  pikachu-cosplay 10085
name (id):  pikachu-phd 10083
name (id):  pikachu-kalos-cap 10098
name (id):  pikachu-hoenn-cap 10095
name (id):  pikachu-sinnoh-cap 10096
name (id):  pikachu-unova-cap 10097
name (id):  crobat 169
name (id):  lanturn 171
name (id):  chinchou 170
name (id):  pichu 172
name (id):  pikachu-alola-cap 10099
name (id):  pikachu-starter 10158
name (id):  pikachu-world-cap 10160
name (id):  pikachu-partner-cap 10148
name (id):  fraxure 611
name (id):  corsola-galar 10173
name (id):  haxorus 612
name (id):  snivy 495
name (id):  pikachu-gmax 10199
name (id):  delibird 225
name (id):  raichu-alola 10100
name (id):  victini 494
name (id):  cleffa 173
name (id):  raichu 26
name (id):  sandshrew 27
name (id):  corsola-galar 10173
name (id):  natu 177
name (id):  xatu 178
name (id):  octillery 224
name (id):  remoraid 223
name (id):  cobalion 638
name (id):  sandshrew-alola 10101
name (id):  igglybuff 174
name (id):  axew 610
name (id):  sandslash-alola 10102
name (id):  sandslash 28
name (id):  larvitar 246
name (id):  nidoran-f 29
name (id):  tyrogue 236
name (id):  cryogonal 615
name (id):  ampharos-mega 10045
name (id):  flaaffy 180
name (id):  ampharos 181
name (id):  mantine 226
name (id):  hitmontop 237
name (id):  mareep 179
name (id):  beartic 614
name (id):  terrakion 639
name (id):  nidorina 30
name (id):  nidoqueen 31
name (id):  nidorino 33
name (id):  nidoran-m 32
name (id):  bisharp 625
name (id):  pawniard 624
name (id):  virizion 640
name (id):  tyranitar-mega 10049
name (id):  tyranitar 248
name (id):  pupitar 247
name (id):  aipom 190
name (id):  zigzagoon-galar 10174
name (id):  braviary 628
name (id):  clefable 36
name (id):  zigzagoon-galar 10174
name (id):  politoed 186
name (id):  espeon 196
name (id):  nidoking 34
name (id):  clefairy 35
name (id):  rufflet 627
name (id):  braviary-hisui 10240
name (id):  linoone-galar 10175
name (id):  deino 633
name (id):  sudowoodo 185
name (id):  vulpix 37
name (id):  linoone-galar 10175
name (id):  lotad 270
name (id):  vulpix-alola 10103
name (id):  ninetales-alola 10104
name (id):  ninetales 38
name (id):  jigglypuff 39
name (id):  zweilous 634
name (id):  slowking 199
name (id):  hydreigon 635
name (id):  larvesta 636
name (id):  volcarona 637
name (id):  slowking-galar 10172
name (id):  lombre 271
name (id):  ludicolo 272
name (id):  umbreon 197
name (id):  oddish 43
name (id):  wigglytuff 40
name (id):  murkrow 198
name (id):  seedot 273
name (id):  nuzleaf 274
name (id):  golbat 42
name (id):  zubat 41
name (id):  talonflame 663
name (id):  fletchling 661
name (id):  fletchinder 662
name (id):  misdreavus 200
name (id):  pineco 204
name (id):  forretress 205
name (id):  dunsparce 206
name (id):  gloom 44
name (id):  vileplume 45
name (id):  shiftry 275
name (id):  parasect 47
name (id):  paras 46
name (id):  pelipper 279
name (id):  ralts 280
name (id):  wingull 278
name (id):  venonat 48
name (id):  venomoth 49
name (id):  diglett 50
name (id):  diglett-alola 10105
name (id):  scizor 212
name (id):  scizor-mega 10046
name (id):  snubbull 209
name (id):  granbull 210
name (id):  gardevoir-mega 10051
name (id):  kirlia 281
name (id):  gardevoir 282
name (id):  nincada 290
name (id):  dugtrio-alola 10106
name (id):  meowth-alola 10107
name (id):  meowth 52
name (id):  dugtrio 51
name (id):  tepig 498
name (id):  sneasel-hisui 10235
name (id):  sneasel 215
name (id):  sableye-mega 10066
name (id):  sableye 302
name (id):  heracross 214
name (id):  heracross-mega 10047
name (id):  meowth-galar 10161
name (id):  meowth-gmax 10200
name (id):  persian-alola 10108
name (id):  persian 53
name (id):  shedinja 292
name (id):  ninjask 291
name (id):  servine 496
name (id):  scatterbug 664
name (id):  mawile-mega 10052
name (id):  mawile 303
name (id):  psyduck 54
name (id):  golduck 55
name (id):  primeape 57
name (id):  mankey 56
name (id):  pyroar 668
name (id):  litleo 667
name (id):  remoraid 223
name (id):  corsola 222
name (id):  corsola-galar 10173
name (id):  octillery 224
name (id):  pignite 499
name (id):  electrike 309
name (id):  manectric 310
name (id):  tyrunt 696
name (id):  growlithe-hisui 10229
name (id):  growlithe 58
name (id):  manectric-mega 10055
name (id):  roselia 315
name (id):  wailord 321
name (id):  wailmer 320
name (id):  arcanine-hisui 10230
name (id):  amaura 698
name (id):  arcanine 59
name (id):  skarmory 227
name (id):  houndour 228
name (id):  deoxys-defense 10002
name (id):  poliwhirl 61
name (id):  poliwrath 62
name (id):  deoxys-attack 10001
name (id):  deoxys-speed 10003
name (id):  deoxys-normal 386
name (id):  delibird 225
name (id):  abra 63
name (id):  mantine 226
name (id):  poliwag 60
name (id):  trapinch 328
name (id):  flygon 330
name (id):  torkoal 324
name (id):  houndoom-mega 10048
name (id):  houndoom 229
name (id):  porygon2 233
name (id):  pikachu-hoenn-cap 10095
name (id):  pikachu-hoenn-cap 10095
name (id):  pikachu-hoenn-cap 10095
name (id):  pikachu-hoenn-cap 10095
name (id):  vibrava 329
name (id):  serperior 497
name (id):  deoxys-defense 10002
name (id):  alakazam-mega 10037
name (id):  spewpa 665
name (id):  machop 66
name (id):  aurorus 699
name (id):  alakazam 65
name (id):  deoxys-attack 10001
name (id):  deoxys-normal 386
name (id):  barboach 339
name (id):  whiscash 340
name (id):  smeargle 235
name (id):  pikachu-hoenn-cap 10095
name (id):  samurott 503
name (id):  kadabra 64
name (id):  pikachu-hoenn-cap 10095
name (id):  pikachu-hoenn-cap 10095
name (id):  dewott 502
name (id):  oshawott 501
name (id):  pikachu-hoenn-cap 10095
name (id):  lunatone 337
name (id):  elekid 239
name (id):  solrock 338
name (id):  miltank 241
name (id):  machoke 67
name (id):  tyrantrum 697
name (id):  deoxys-speed 10003
name (id):  pikachu-hoenn-cap 10095
name (id):  pikachu-hoenn-cap 10095
name (id):  machamp 68
name (id):  magby 240
name (id):  machamp-gmax 10201
name (id):  budew 406
name (id):  pikachu-hoenn-cap 10095
name (id):  pikachu-hoenn-cap 10095
name (id):  roserade 407
name (id):  chingling 433
name (id):  smoochum 238
name (id):  bellsprout 69
name (id):  carbink 703
name (id):  sylveon 700
name (id):  phantump 708
name (id):  claydol 344
name (id):  baltoy 343
name (id):  pikachu-hoenn-cap 10095
name (id):  vivillon 666
name (id):  pikachu-hoenn-cap 10095
name (id):  pikachu-hoenn-cap 10095
name (id):  pikachu-hoenn-cap 10095
name (id):  trevenant 709
name (id):  blissey 242
name (id):  victreebel 71
name (id):  weepinbell 70
name (id):  corphish 341
name (id):  crawdaunt 342
name (id):  rhyperior 464
name (id):  tentacool 72
name (id):  pupitar 247
name (id):  florges 671
name (id):  magnezone 462
name (id):  pikachu-hoenn-cap 10095
name (id):  tentacruel 73
name (id):  raichu-alola 10100
name (id):  larvitar 246
name (id):  gallade-mega 10068
name (id):  flabebe 669
name (id):  bergmite 712
name (id):  tyranitar 248
name (id):  avalugg-hisui 10243
name (id):  avalugg 713
name (id):  raichu 26
name (id):  milotic 350
name (id):  feebas 349
name (id):  gallade 475
name (id):  noibat 714
name (id):  sandshrew 27
name (id):  graveler 75
name (id):  graveler-alola 10110
name (id):  geodude-alola 10109
name (id):  duskull 355
name (id):  dusclops 356
name (id):  wingull 278
name (id):  pelipper 279
name (id):  surskit 283
name (id):  geodude 74
name (id):  sandshrew-alola 10101
name (id):  sandslash-alola 10102
name (id):  noivern 715
name (id):  sandslash 28
name (id):  dusknoir 477
name (id):  probopass 476
name (id):  araquanid 752
name (id):  araquanid-totem 10153
name (id):  dewpider 751
name (id):  golem-alola 10111
name (id):  vulpix 37
name (id):  froslass 478
name (id):  tyranitar-mega 10049
name (id):  glalie-mega 10074
name (id):  glalie 362
name (id):  snorunt 361
name (id):  golem 76
name (id):  ponyta-galar 10162
name (id):  ponyta 77
name (id):  vulpix-alola 10103
name (id):  mimikyu-busted 10143
name (id):  mimikyu-totem-disguised 10144
name (id):  ninetales 38
name (id):  wynaut 360
name (id):  masquerain 284
name (id):  ninetales-alola 10104
name (id):  mimikyu-totem-busted 10145
name (id):  mimikyu-disguised 778
name (id):  jigglypuff 39
name (id):  makuhita 296
name (id):  hariyama 297
name (id):  slowpoke 79
name (id):  slowpoke-galar 10164
name (id):  rapidash-galar 10163
name (id):  skwovet 819
name (id):  greedent 820
name (id):  roserade 407
name (id):  nosepass 299
name (id):  vespiquen 416
name (id):  combee 415
name (id):  rapidash 78
name (id):  budew 406
name (id):  dhelmise 781
name (id):  wigglytuff 40
name (id):  zubat 41
name (id):  sableye 302
name (id):  oddish 43
name (id):  slowbro-mega 10071
name (id):  sableye-mega 10066
name (id):  golbat 42
name (id):  slowbro-galar 10165
name (id):  shellos 422
name (id):  slowbro 80
name (id):  cherubi 420
name (id):  gastrodon 423
name (id):  mawile-mega 10052
name (id):  mawile 303
name (id):  magnemite 81
name (id):  cherrim 421
name (id):  vileplume 45
name (id):  magneton 82
name (id):  golduck 55
name (id):  gloom 44
name (id):  psyduck 54
name (id):  carvanha 318
name (id):  manectric-mega 10055
name (id):  manectric 310
name (id):  electrike 309
name (id):  caterpie 10
name (id):  farfetchd-galar 10166
name (id):  farfetchd 83
name (id):  doduo 84
name (id):  drifloon 425
name (id):  skuntank 435
name (id):  rattata-alola 10091
name (id):  stunky 434
name (id):  drifblim 426
name (id):  butterfree-gmax 10198
name (id):  metapod 11
name (id):  butterfree 12
name (id):  alakazam-mega 10037
name (id):  skiddo 672
name (id):  seel 86
name (id):  sharpedo-mega 10070
name (id):  sharpedo 319
name (id):  emboar 500
name (id):  grimer 88
name (id):  kadabra 64
name (id):  abra 63
name (id):  alakazam 65
name (id):  dodrio 85
name (id):  dewgong 87
name (id):  mime-jr 439
name (id):  rattata-alola 10091
name (id):  wailord 321
name (id):  wailmer 320
name (id):  gogoat 673
name (id):  bronzor 436
name (id):  bronzong 437
name (id):  raticate-alola 10092
name (id):  samurott-hisui 10236
name (id):  patrat 504
name (id):  watchog 505
name (id):  bonsly 438
name (id):  raticate-alola 10092
name (id):  raticate-alola 10092
name (id):  dragalge 691
name (id):  skrelp 690
name (id):  clauncher 692
name (id):  machamp 68
name (id):  machamp-gmax 10201
name (id):  trapinch 328
name (id):  vibrava 329
name (id):  torkoal 324
name (id):  machoke 67
name (id):  machop 66
name (id):  grimer-alola 10112
name (id):  muk-alola 10113
name (id):  muk 89
name (id):  fearow 22
name (id):  spearow 21
name (id):  rookidee 821
name (id):  shellder 90
name (id):  clawitzer 693
name (id):  munchlax 446
name (id):  lucario 448
name (id):  lucario-mega 10059
name (id):  riolu 447
name (id):  spinda 327
name (id):  pikachu-alola-cap 10099
name (id):  pikachu-alola-cap 10099
name (id):  tentacool 72
name (id):  haunter 93
name (id):  gengar 94
name (id):  gastly 92
name (id):  dedenne 702
name (id):  geodude-alola 10109
name (id):  geodude 74
name (id):  tentacruel 73
name (id):  sylveon 700
name (id):  flygon 330
name (id):  pikachu-alola-cap 10099
name (id):  pikachu-alola-cap 10099
name (id):  pikachu-alola-cap 10099
name (id):  goomy 704
name (id):  cloyster 91
name (id):  barboach 339
name (id):  whiscash 340
name (id):  corphish 341
name (id):  pikachu-alola-cap 10099
name (id):  hippopotas 449
name (id):  hippowdon 450
name (id):  skorupi 451
name (id):  drapion 452
name (id):  graveler-alola 10110
name (id):  golem-alola 10111
name (id):  gengar-gmax 10202
name (id):  gengar-mega 10038
name (id):  golem 76
name (id):  graveler 75
name (id):  onix 95
name (id):  drowzee 96
name (id):  pikachu-alola-cap 10099
name (id):  pikachu-alola-cap 10099
name (id):  pikachu-alola-cap 10099
name (id):  pikachu-alola-cap 10099
name (id):  crawdaunt 342
name (id):  baltoy 343
name (id):  claydol 344
name (id):  snover 459
name (id):  doduo 84
name (id):  dodrio 85
name (id):  hypno 97
name (id):  kingler-gmax 10203
name (id):  kingler 99
name (id):  toxicroak 454
name (id):  croagunk 453
name (id):  magneton 82
name (id):  magnemite 81
name (id):  lileep 345
name (id):  krabby 98
name (id):  mantyke 458
name (id):  pikachu-alola-cap 10099
name (id):  pikachu-alola-cap 10099
name (id):  pikachu-alola-cap 10099
name (id):  abomasnow-mega 10060
name (id):  weavile 461
name (id):  muk 89
name (id):  abomasnow 460
name (id):  muk-alola 10113
name (id):  grimer-alola 10112
name (id):  grimer 88
name (id):  voltorb-hisui 10231
name (id):  armaldo 348
name (id):  electrode-hisui 10232
name (id):  electrode 101
name (id):  voltorb 100
name (id):  pikachu-alola-cap 10099
name (id):  rhyperior 464
name (id):  anorith 347
name (id):  feebas 349
name (id):  gossifleur 829
name (id):  cradily 346
name (id):  electrode 101
name (id):  pikachu-alola-cap 10099
name (id):  corviknight 823
name (id):  voltorb-hisui 10231
name (id):  leafeon 470
name (id):  glaceon 471
name (id):  mamoswine 473
name (id):  electrode-hisui 10232
name (id):  voltorb 100
name (id):  pikachu-alola-cap 10099
name (id):  corviknight-gmax 10212
name (id):  exeggutor-alola 10114
name (id):  exeggutor 103
name (id):  pikachu-alola-cap 10099
name (id):  exeggcute 102
name (id):  corvisquire 822
name (id):  raichu-alola 10100
name (id):  cubone 104
name (id):  togekiss 468
name (id):  castform-rainy 10014
name (id):  castform-sunny 10013
name (id):  castform 351
name (id):  weezing-galar 10167
name (id):  weezing 110
name (id):  koffing 109
name (id):  raichu-alola 10100
name (id):  rhyhorn 111
name (id):  froslass 478
name (id):  marowak-totem 10149
name (id):  marowak-alola 10115
name (id):  lillipup 506
name (id):  hitmonlee 106
name (id):  sandshrew-alola 10101
name (id):  sandslash-alola 10102
name (id):  sandshrew-alola 10101
name (id):  marowak 105
name (id):  gallade-mega 10068
name (id):  dusknoir 477
name (id):  milotic 350
name (id):  gallade 475
name (id):  liepard 510
name (id):  purrloin 509
name (id):  rhydon 112
name (id):  seadra 117
name (id):  horsea 116
name (id):  castform-snowy 10015
name (id):  shuppet 353
name (id):  banette 354
name (id):  lickitung 108
name (id):  goldeen 118
name (id):  clefable 36
name (id):  clefairy 35
name (id):  vulpix-alola 10103
name (id):  weezing 110
name (id):  koffing 109
name (id):  rotom-frost 10010
name (id):  rotom-wash 10009
name (id):  hitmonchan 107
name (id):  kecleon 352
name (id):  rotom-heat 10008
name (id):  rotom 479
name (id):  sandslash-alola 10102
name (id):  seaking 119
name (id):  staryu 120
name (id):  starmie 121
name (id):  weezing-galar 10167
name (id):  banette-mega 10056
name (id):  rhydon 112
name (id):  rhyhorn 111
name (id):  pinsir 127
name (id):  absol 359
name (id):  absol-mega 10057
name (id):  tropius 357
name (id):  vulpix-alola 10103
name (id):  chansey 113
name (id):  ninetales-alola 10104
name (id):  rotom-fan 10011
name (id):  rotom-mow 10012
name (id):  jigglypuff 39
name (id):  ninetales-alola 10104
name (id):  purrloin 509
name (id):  liepard 510
name (id):  pinsir-mega 10040
name (id):  horsea 116
name (id):  gyarados-mega 10041
name (id):  magikarp 129
name (id):  gyarados 130
name (id):  yamper 835
name (id):  kangaskhan-mega 10039
name (id):  kangaskhan 115
name (id):  golbat 42
name (id):  zubat 41
name (id):  tangela 114
name (id):  glalie-mega 10074
name (id):  glalie 362
name (id):  snorunt 361
name (id):  dubwool 832
name (id):  clamperl 366
name (id):  wooloo 831
name (id):  wigglytuff 40
name (id):  crobat 169
name (id):  paras 46
name (id):  pichu 172
name (id):  chinchou 170
name (id):  lanturn 171
name (id):  seadra 117
name (id):  eldegoss 830
name (id):  seaking 119
name (id):  goldeen 118
name (id):  staryu 120
name (id):  diglett-alola 10105
name (id):  dugtrio-alola 10106
name (id):  diglett-alola 10105
name (id):  gorebyss 368
name (id):  huntail 367
name (id):  hawlucha 701
name (id):  relicanth 369
name (id):  bellossom 182
name (id):  igglybuff 174
name (id):  parasect 47
name (id):  sliggoo 705
name (id):  sliggoo-hisui 10241
name (id):  goodra-hisui 10242
name (id):  mr-mime-galar 10168
name (id):  mr-mime 122
name (id):  xatu 178
name (id):  natu 177
name (id):  starmie 121
name (id):  luvdisc 370
name (id):  goodra 706
name (id):  dugtrio-alola 10106
name (id):  scyther 123
name (id):  meowth-alola 10107
name (id):  meowth-alola 10107
name (id):  meowth-alola 10107
name (id):  wobbuffet 202
name (id):  salamence-mega 10089
name (id):  salamence 373
name (id):  bagon 371
name (id):  azumarill 184
name (id):  marill 183
name (id):  magmar 126
name (id):  jynx 124
name (id):  psyduck 54
name (id):  avalugg-hisui 10243
name (id):  pinsir 127
name (id):  girafarig 203
name (id):  meowth-alola 10107
name (id):  persian-alola 10108
name (id):  electabuzz 125
name (id):  shelgon 372
name (id):  avalugg 713
name (id):  bergmite 712
name (id):  persian-alola 10108
name (id):  klefki 707
name (id):  beldum 374
name (id):  metang 375
name (id):  metagross 376
name (id):  metagross-mega 10076
name (id):  golduck 55
name (id):  pinsir-mega 10040
name (id):  heracross-mega 10047
name (id):  heracross 214
name (id):  primeape 57
name (id):  mankey 56
name (id):  tauros-paldea-combat-breed 10250
name (id):  tauros-paldea-blaze-breed 10251
name (id):  tauros 128
name (id):  slugma 218
name (id):  magcargo 219
name (id):  yungoos 734
name (id):  gumshoos 735
name (id):  noivern 715
name (id):  noibat 714
name (id):  growlithe 58
name (id):  tauros-paldea-aqua-breed 10252
name (id):  gyarados-mega 10041
name (id):  magikarp 129
name (id):  skarmory 227
name (id):  growlithe-hisui 10229
name (id):  gyarados 130
name (id):  kingdra 230
name (id):  arcanine-hisui 10230
name (id):  cranidos 408
name (id):  rampardos 409
name (id):  corsola 222
name (id):  corsola-galar 10173
name (id):  poliwag 60
name (id):  arcanine 59
name (id):  shieldon 410
name (id):  bastiodon 411
name (id):  lapras 131
name (id):  lapras-gmax 10204
name (id):  stoutland 508
name (id):  gumshoos-totem 10121
name (id):  crabrawler 739
name (id):  herdier 507
name (id):  ditto 132
name (id):  eevee 133
name (id):  crabominable 740
name (id):  phanpy 231
name (id):  oricorio-baile 741
name (id):  ambipom 424
name (id):  shellos 422
name (id):  gastrodon 423
name (id):  poliwhirl 61
name (id):  grovyle 253
name (id):  treecko 252
name (id):  eevee-gmax 10205
name (id):  abra 63
name (id):  eevee-starter 10159
name (id):  donphan 232
name (id):  boltund 836
name (id):  vaporeon 134
name (id):  poliwrath 62
name (id):  kadabra 64
name (id):  oricorio-pau 10124
name (id):  oricorio-sensu 10125
name (id):  oricorio-pom-pom 10123
name (id):  drifloon 425
name (id):  rolycoly 837
name (id):  jolteon 135
name (id):  pidove 519
name (id):  sceptile-mega 10065
name (id):  sceptile 254
name (id):  lopunny-mega 10088
name (id):  torchic 255
name (id):  combusken 256
name (id):  buneary 427
name (id):  lopunny 428
name (id):  musharna 518
name (id):  flareon 136
name (id):  rockruff 744
name (id):  machop 66
name (id):  machoke 67
name (id):  porygon 137
name (id):  carkol 838
name (id):  omastar 139
name (id):  omanyte 138
name (id):  tranquill 520
name (id):  alakazam-mega 10037
name (id):  alakazam 65
name (id):  blaziken-mega 10050
name (id):  drifblim 426
name (id):  blaziken 257
name (id):  rockruff-own-tempo 10151
name (id):  mudkip 258
name (id):  marshtomp 259
name (id):  lycanroc-midday 745
name (id):  lycanroc-dusk 10152
name (id):  aerodactyl-mega 10042
name (id):  lycanroc-midnight 10126
name (id):  kabuto 140
name (id):  machamp-gmax 10201
name (id):  machamp 68
name (id):  aerodactyl 142
name (id):  kabutops 141
name (id):  mismagius 429
name (id):  tentacool 72
name (id):  tentacruel 73
name (id):  bonsly 438
name (id):  honchkrow 430
name (id):  coalossal 839
name (id):  swampert 260
name (id):  munna 517
name (id):  snorlax-gmax 10206
name (id):  swampert-mega 10064
name (id):  poochyena 261
name (id):  mightyena 262
name (id):  mime-jr 439
name (id):  snorlax 143
name (id):  articuno-galar 10169
name (id):  articuno 144
name (id):  toxapex 748
name (id):  mareanie 747
name (id):  geodude-alola 10109
name (id):  graveler-alola 10110
name (id):  geodude-alola 10109
name (id):  mudsdale 750
name (id):  mudbray 749
name (id):  gigalith 526
name (id):  happiny 440
name (id):  boldore 525
name (id):  roggenrola 524
name (id):  zigzagoon-galar 10174
name (id):  linoone-galar 10175
name (id):  zapdos-galar 10170
name (id):  coalossal-gmax 10215
name (id):  gible 443
name (id):  garchomp 445
name (id):  gabite 444
name (id):  graveler-alola 10110
name (id):  zapdos 145
name (id):  moltres-galar 10171
name (id):  moltres 146
name (id):  linoone 264
name (id):  zigzagoon 263
name (id):  salandit 757
name (id):  lurantis-totem 10128
name (id):  golem-alola 10111
name (id):  lurantis 754
name (id):  wurmple 265
name (id):  silcoon 266
name (id):  garchomp-mega 10058
name (id):  slowpoke-galar 10164
name (id):  slowpoke 79
name (id):  fomantis 753
name (id):  cascoon 268
name (id):  beautifly 267
name (id):  dratini 147
name (id):  golem-alola 10111
name (id):  riolu 447
name (id):  lucario 448
name (id):  dragonair 148
name (id):  dragonite 149
name (id):  salazzle 758
name (id):  mewtwo 150
name (id):  dustox 269
name (id):  salazzle-totem 10129
name (id):  munchlax 446
name (id):  lombre 271
name (id):  lotad 270
name (id):  ludicolo 272
name (id):  slowbro 80
name (id):  magnemite 81
name (id):  slowbro-galar 10165
name (id):  lucario-mega 10059
name (id):  mewtwo-mega-y 10044
name (id):  mewtwo-mega-x 10043
name (id):  slowbro-mega 10071
name (id):  chikorita 152
name (id):  mew 151
name (id):  mantyke 458
name (id):  lumineon 457
name (id):  finneon 456
name (id):  pansear 513
name (id):  centiskorch-gmax 10220
name (id):  seedot 273
name (id):  grimer-alola 10112
name (id):  centiskorch 851
name (id):  simisear 514
name (id):  bayleef 153
name (id):  muk-alola 10113
name (id):  weavile 461
name (id):  magneton 82
name (id):  taillow 276
name (id):  electivire 466
name (id):  meganium 154
name (id):  simisage 512
name (id):  shiftry 275
name (id):  nuzleaf 274
name (id):  pansage 511
name (id):  quilava 156
name (id):  cyndaquil 155
name (id):  lickilicky 463
name (id):  magnezone 462
name (id):  grimer-alola 10112
name (id):  sizzlipede 850
name (id):  musharna 518
name (id):  munna 517
name (id):  pelipper 279
name (id):  ralts 280
name (id):  porygon-z 474
name (id):  typhlosion 157
name (id):  wingull 278
name (id):  muk-alola 10113
name (id):  typhlosion-hisui 10233
name (id):  croconaw 159
name (id):  swellow 277
name (id):  gastly 92
name (id):  leafeon 470
name (id):  totodile 158
name (id):  unfezant 521
name (id):  cloyster 91
name (id):  shellder 90
name (id):  glaceon 471
name (id):  gardevoir-mega 10051
name (id):  magmortar 467
name (id):  gardevoir 282
name (id):  surskit 283
name (id):  kirlia 281
name (id):  furret 162
name (id):  gengar-gmax 10202
name (id):  feraligatr 160
name (id):  gengar 94
name (id):  sentret 161
name (id):  froslass 478
name (id):  gengar-mega 10038
name (id):  hoothoot 163
name (id):  probopass 476
name (id):  masquerain 284
name (id):  haunter 93
name (id):  herdier 507
name (id):  lillipup 506
name (id):  shroomish 285
name (id):  breloom 286
name (id):  slakoth 287
name (id):  hypno 97
name (id):  drowzee 96
name (id):  ledyba 165
name (id):  exeggcute 102
name (id):  ledian 166
name (id):  exeggutor-alola 10114
name (id):  noctowl 164
name (id):  spinarak 167
name (id):  roggenrola 524
name (id):  boldore 525
name (id):  gigalith 526
name (id):  vigoroth 288
name (id):  slaking 289
name (id):  nincada 290
name (id):  ninjask 291
name (id):  chinchou 170
name (id):  crobat 169
name (id):  ariados 168
name (id):  stoutland 508
name (id):  exeggutor-alola 10114
name (id):  lanturn 171
name (id):  marowak-alola 10115
name (id):  cubone 104
name (id):  cottonee 546
name (id):  whimsicott 547
name (id):  lilligant 549
name (id):  petilil 548
name (id):  marowak-alola 10115
name (id):  shedinja 292
name (id):  loudred 294
name (id):  whismur 293
name (id):  exploud 295
name (id):  cleffa 173
name (id):  pichu 172
name (id):  chansey 113
name (id):  marowak-alola 10115
name (id):  igglybuff 174
name (id):  togepi 175
name (id):  lilligant-hisui 10237
name (id):  kangaskhan-mega 10039
name (id):  kangaskhan 115
name (id):  azurill 298
name (id):  basculin-white-striped 10247
name (id):  basculin-blue-striped 10016
name (id):  basculin-red-striped 550
name (id):  nosepass 299
name (id):  makuhita 296
name (id):  hariyama 297
name (id):  xatu 178
name (id):  natu 177
name (id):  krokorok 552
name (id):  sandile 551
name (id):  krookodile 553
name (id):  staryu 120
name (id):  starmie 121
name (id):  togetic 176
name (id):  steenee 762
name (id):  mareep 179
name (id):  scraggy 559
name (id):  sableye-mega 10066
name (id):  seaking 119
name (id):  goldeen 118
name (id):  sableye 302
name (id):  bounsweet 761
name (id):  delcatty 301
name (id):  skitty 300
name (id):  ampharos 181
name (id):  scyther 123
name (id):  pinsir 127
name (id):  ampharos-mega 10045
name (id):  flaaffy 180
name (id):  sandygast 769
name (id):  oranguru 765
name (id):  passimian 766
name (id):  bellossom 182
name (id):  mawile-mega 10052
name (id):  magmar 126
name (id):  electabuzz 125
name (id):  mawile 303
name (id):  scrafty 560
name (id):  polteageist 855
name (id):  lairon 305
name (id):  aron 304
name (id):  sinistea 854
name (id):  carracosta 565
name (id):  pinsir-mega 10040
name (id):  politoed 186
name (id):  sudowoodo 185
name (id):  tirtouga 564
name (id):  tauros-paldea-combat-breed 10250
name (id):  tauros 128
name (id):  tauros-paldea-blaze-breed 10251
name (id):  archen 566
name (id):  hattrem 857
name (id):  marill 183
name (id):  azumarill 184
name (id):  aggron-mega 10053
name (id):  hatenna 856
name (id):  aggron 306
name (id):  tauros-paldea-aqua-breed 10252
name (id):  medicham 308
name (id):  meditite 307
name (id):  panpour 515
name (id):  gyarados-mega 10041
name (id):  gyarados 130
name (id):  magikarp 129
name (id):  trubbish 568
name (id):  garbodor 569
name (id):  garbodor-gmax 10207
name (id):  hoppip 187
name (id):  skiploom 188
name (id):  jumpluff 189
name (id):  medicham-mega 10054
name (id):  aipom 190
name (id):  manectric-mega 10055
name (id):  manectric 310
name (id):  electrike 309
name (id):  archeops 567
name (id):  simipour 516
name (id):  lapras 131
name (id):  lapras-gmax 10204
name (id):  ditto 132
name (id):  eevee 133
name (id):  zorua-hisui 10238
name (id):  zoroark-hisui 10239
name (id):  zoroark 571
name (id):  zorua 570
name (id):  sunflora 192
name (id):  sunkern 191
name (id):  yanma 193
name (id):  tranquill 520
name (id):  pidove 519
name (id):  unfezant 521
name (id):  plusle 311
name (id):  wooper 194
name (id):  woobat 527
name (id):  minun 312
name (id):  eevee-gmax 10205
name (id):  vaporeon 134
name (id):  swoobat 528
name (id):  illumise 314
name (id):  volbeat 313
name (id):  eevee-starter 10159
name (id):  jolteon 135
name (id):  drilbur 529
name (id):  wooper-paldea 10253
name (id):  espeon 196
name (id):  cinccino 573
name (id):  minccino 572
name (id):  vanillite 582
name (id):  vanillish 583
name (id):  umbreon 197
name (id):  quagsire 195
name (id):  aerodactyl-mega 10042
name (id):  aerodactyl 142
name (id):  excadrill 530
name (id):  carvanha 318
name (id):  swalot 317
name (id):  gulpin 316
name (id):  flareon 136
name (id):  porygon 137
name (id):  slowking-galar 10172
name (id):  gurdurr 533
name (id):  conkeldurr 534
name (id):  timburr 532
name (id):  roselia 315
name (id):  murkrow 198
name (id):  misdreavus 200
name (id):  slowking 199
name (id):  vanilluxe 584
name (id):  dratini 147
name (id):  dragonair 148
name (id):  emolga 587
name (id):  jellicent 593
name (id):  frillish 592
name (id):  sharpedo-mega 10070
name (id):  hatterene-gmax 10221
name (id):  sharpedo 319
name (id):  wailmer 320
name (id):  wailord 321
name (id):  hatterene 858
name (id):  snorlax-gmax 10206
name (id):  snorlax 143
name (id):  wobbuffet 202
name (id):  unown 201
name (id):  girafarig 203
name (id):  pineco 204
name (id):  impidimp 859
name (id):  beheeyem 606
name (id):  elgyem 605
name (id):  dragonite 149
name (id):  mienfoo 619
name (id):  morgrem 860
name (id):  camerupt-mega 10087
name (id):  numel 322
name (id):  ledian 166
name (id):  ledyba 165
name (id):  spinarak 167
name (id):  torkoal 324
name (id):  camerupt 323
name (id):  forretress 205
name (id):  tsareena 763
name (id):  steelix 208
name (id):  alomomola 594
name (id):  dunsparce 206
name (id):  gligar 207
name (id):  grumpig 326
name (id):  mienshao 620
name (id):  crobat 169
name (id):  komala 775
name (id):  spoink 325
name (id):  golett 622
name (id):  golurk 623
name (id):  druddigon 621
name (id):  trapinch 328
name (id):  ariados 168
name (id):  steelix-mega 10072
name (id):  spinda 327
name (id):  palossand 770
name (id):  chinchou 170
name (id):  granbull 210
name (id):  snubbull 209
name (id):  qwilfish 211
name (id):  mimikyu-busted 10143
name (id):  mimikyu-disguised 778
name (id):  lanturn 171
name (id):  blitzle 522
name (id):  vibrava 329
name (id):  flygon 330
name (id):  pawniard 624
name (id):  bisharp 625
name (id):  rufflet 627
name (id):  braviary 628
name (id):  qwilfish-hisui 10234
name (id):  mimikyu-totem-busted 10145
name (id):  cacnea 331
name (id):  cacturne 332
name (id):  cleffa 173
name (id):  scizor-mega 10046
name (id):  mimikyu-totem-disguised 10144
name (id):  bruxish 779
name (id):  igglybuff 174
name (id):  scizor 212
name (id):  roggenrola 524
name (id):  gigalith 526
name (id):  pichu 172
name (id):  skwovet 819
name (id):  boldore 525
name (id):  shuckle 213
name (id):  sudowoodo 185
name (id):  altaria-mega 10067
name (id):  swablu 333
name (id):  braviary-hisui 10240
name (id):  altaria 334
name (id):  vullaby 629
name (id):  mandibuzz 630
name (id):  zangoose 335
name (id):  greedent 820
name (id):  rookidee 821
name (id):  corvisquire 822
name (id):  murkrow 198
name (id):  heracross 214
name (id):  heracross-mega 10047
name (id):  umbreon 197
name (id):  politoed 186
name (id):  larvesta 636
name (id):  sneasel-hisui 10235
name (id):  sneasel 215
name (id):  seviper 336
name (id):  espeon 196
name (id):  corviknight 823
name (id):  tympole 535
name (id):  lunatone 337
name (id):  barboach 339
name (id):  solrock 338
name (id):  volcarona 637
name (id):  magcargo 219
name (id):  slugma 218
name (id):  snubbull 209
name (id):  corviknight-gmax 10212
name (id):  fletchling 661
name (id):  talonflame 663
name (id):  fletchinder 662
name (id):  ursaring 217
name (id):  teddiursa 216
name (id):  slowking-galar 10172
name (id):  slowking 199
name (id):  grimmsnarl-gmax 10222
name (id):  drednaw-gmax 10214
name (id):  chewtle 833
name (id):  grimmsnarl 861
name (id):  misdreavus 200
name (id):  baltoy 343
name (id):  crawdaunt 342
name (id):  corphish 341
name (id):  drednaw 834
name (id):  whiscash 340
name (id):  corsola 222
name (id):  corsola-galar 10173
name (id):  granbull 210
name (id):  scizor-mega 10046
name (id):  scizor 212
name (id):  florges 671
name (id):  flabebe 669
name (id):  swinub 220
name (id):  piloswine 221
name (id):  pyroar 668
name (id):  litleo 667
name (id):  coalossal-gmax 10215
name (id):  rolycoly 837
name (id):  coalossal 839
name (id):  carkol 838
name (id):  sneasel 215
name (id):  cradily 346
name (id):  lileep 345
name (id):  mantine 226
name (id):  anorith 347
name (id):  obstagoon 862
name (id):  mr-rime 866
name (id):  claydol 344
name (id):  delibird 225
name (id):  octillery 224
name (id):  remoraid 223
name (id):  inkay 686
name (id):  pancham 674
name (id):  pangoro 675
name (id):  sneasel-hisui 10235
name (id):  corsola 222
name (id):  corsola-galar 10173
name (id):  pincurchin 871
name (id):  furfrou 676
name (id):  delibird 225
name (id):  flapple 841
name (id):  applin 840
name (id):  appletun 842
name (id):  feebas 349
name (id):  skarmory 227
name (id):  flapple-gmax 10216
name (id):  skarmory 227
name (id):  armaldo 348
name (id):  milotic 350
name (id):  houndoom-mega 10048
name (id):  houndoom 229
name (id):  houndour 228
name (id):  smeargle 235
name (id):  porygon2 233
name (id):  elekid 239
name (id):  malamar 687
name (id):  castform 351
name (id):  skrelp 690
name (id):  dragalge 691
name (id):  appletun-gmax 10217
name (id):  clauncher 692
name (id):  sandaconda-gmax 10218
name (id):  sandaconda 844
name (id):  silicobra 843
name (id):  zebstrika 523
name (id):  blissey 242
name (id):  donphan 232
name (id):  kingdra 230
name (id):  wingull 278
name (id):  miltank 241
name (id):  porygon2 233
name (id):  castform-snowy 10015
name (id):  phanpy 231
name (id):  castform-rainy 10014
name (id):  kecleon 352
name (id):  magby 240
name (id):  drilbur 529
name (id):  castform-sunny 10013
name (id):  clawitzer 693
name (id):  swoobat 528
name (id):  excadrill 530
name (id):  barraskewda 847
name (id):  arrokuda 846
name (id):  woobat 527
name (id):  amaura 698
name (id):  tyrunt 696
name (id):  tyrantrum 697
name (id):  palpitoad 536
name (id):  pelipper 279
name (id):  smeargle 235
name (id):  hitmontop 237
name (id):  banette-mega 10056
name (id):  makuhita 296
name (id):  tyrogue 236
name (id):  audino 531
name (id):  audino-mega 10069
name (id):  banette 354
name (id):  stantler 234
name (id):  surskit 283
name (id):  masquerain 284
name (id):  duskull 355
name (id):  snom 872
name (id):  dedenne 702
name (id):  shuppet 353
name (id):  gurdurr 533
name (id):  timburr 532
name (id):  sylveon 700
name (id):  aurorus 699
name (id):  hariyama 297
name (id):  magby 240
name (id):  elekid 239
name (id):  sableye 302
name (id):  sableye-mega 10066
name (id):  smoochum 238
name (id):  hawlucha 701
name (id):  conkeldurr 534
name (id):  dusclops 356
name (id):  miltank 241
name (id):  nosepass 299
name (id):  tropius 357
name (id):  stonjourner 874
name (id):  palpitoad 536
name (id):  seismitoad 537
name (id):  absol 359
name (id):  chimecho 358
name (id):  tympole 535
name (id):  toxel 848
name (id):  sliggoo-hisui 10241
name (id):  sliggoo 705
name (id):  goomy 704
name (id):  carbink 703
name (id):  suicune 245
name (id):  frosmoth 873
name (id):  sharpedo-mega 10070
name (id):  carvanha 318
name (id):  sharpedo 319
name (id):  wailmer 320
name (id):  throh 538
name (id):  entei 244
name (id):  sawk 539
name (id):  raikou 243
name (id):  blissey 242
name (id):  absol-mega 10057
name (id):  wynaut 360
name (id):  goodra-hisui 10242
name (id):  goodra 706
name (id):  basculin-red-striped 550
name (id):  basculin-blue-striped 10016
name (id):  cottonee 546
name (id):  whimsicott 547
name (id):  snorunt 361
name (id):  glalie 362
name (id):  klefki 707
name (id):  wailord 321
name (id):  tyranitar-mega 10049
name (id):  pupitar 247
name (id):  phantump 708
name (id):  tyranitar 248
name (id):  trapinch 328
name (id):  torkoal 324
name (id):  larvitar 246
name (id):  spinda 327
name (id):  glalie-mega 10074
name (id):  walrein 365
name (id):  spheal 363
name (id):  sealeo 364
name (id):  noibat 714
name (id):  noivern 715
name (id):  basculin-white-striped 10247
name (id):  darumaka-galar 10176
name (id):  darmanitan-galar-standard 10177
name (id):  darumaka-galar 10176
name (id):  celebi 251
name (id):  pikachu-hoenn-cap 10095
name (id):  ho-oh 250
name (id):  trevenant 709
name (id):  vibrava 329
name (id):  flygon 330
name (id):  lugia 249
name (id):  huntail 367
name (id):  clamperl 366
name (id):  zygarde-50 718
name (id):  whiscash 340
name (id):  barboach 339
name (id):  gorebyss 368
name (id):  darmanitan-galar-standard 10177
name (id):  darmanitan-galar-standard 10177
name (id):  darmanitan-galar-standard 10177
name (id):  pikachu-hoenn-cap 10095
name (id):  relicanth 369
name (id):  pikachu-hoenn-cap 10095
name (id):  pikachu-hoenn-cap 10095
name (id):  zygarde-10 10181
name (id):  pikachu-hoenn-cap 10095
name (id):  zygarde-50-power-construct 10119
name (id):  zygarde-10-power-construct 10118
name (id):  zygarde-complete 10120
name (id):  seismitoad 537
name (id):  castform-sunny 10013
name (id):  castform 351
name (id):  salamence 373
name (id):  bagon 371
name (id):  shelgon 372
name (id):  pikachu-hoenn-cap 10095
name (id):  sawk 539
name (id):  pikachu-hoenn-cap 10095
name (id):  pikachu-hoenn-cap 10095
name (id):  pikachu-hoenn-cap 10095
name (id):  feebas 349
name (id):  milotic 350
name (id):  luvdisc 370
name (id):  throh 538
   Generating static pages (5658/11318) 
name (id):  rowlet 722
name (id):  castform-snowy 10015
name (id):  castform-rainy 10014
name (id):  pikachu-hoenn-cap 10095
name (id):  pikachu-hoenn-cap 10095
name (id):  pikachu-hoenn-cap 10095
name (id):  decidueye-hisui 10244
name (id):  salamence-mega 10089
name (id):  dartrix 723
name (id):  pikachu-hoenn-cap 10095
name (id):  beldum 374
name (id):  metang 375
name (id):  decidueye 724
name (id):  absol 359
name (id):  absol-mega 10057
name (id):  metagross 376
name (id):  pikachu-hoenn-cap 10095
name (id):  pikachu-hoenn-cap 10095
name (id):  pikachu-hoenn-cap 10095
name (id):  pikachu-hoenn-cap 10095
name (id):  metagross-mega 10076
name (id):  regice 378
name (id):  snorunt 361
name (id):  glalie 362
name (id):  glalie-mega 10074
name (id):  relicanth 369
name (id):  registeel 379
name (id):  raichu-alola 10100
name (id):  raichu 26
name (id):  regirock 377
name (id):  sandshrew-alola 10101
name (id):  sandshrew 27
name (id):  latias-mega 10062
name (id):  latios-mega 10063
name (id):  latias 380
name (id):  sandslash-alola 10102
name (id):  sandslash 28
name (id):  latios 381
name (id):  toxtricity-amped 849
name (id):  shelgon 372
name (id):  vulpix-alola 10103
name (id):  luvdisc 370
name (id):  vulpix 37
name (id):  indeedee-male 876
name (id):  indeedee-female 10186
name (id):  bagon 371
name (id):  salamence 373
name (id):  groudon-primal 10078
name (id):  kyogre-primal 10077
name (id):  sinistea 854
name (id):  groudon 383
name (id):  jigglypuff 39
name (id):  kyogre 382
name (id):  ninetales-alola 10104
name (id):  wigglytuff 40
name (id):  ninetales 38
name (id):  metang 375
name (id):  metagross 376
name (id):  beldum 374
name (id):  eiscue-noice 10185
name (id):  eiscue-ice 875
name (id):  jirachi 385
name (id):  salamence-mega 10089
name (id):  toxtricity-amped-gmax 10219
name (id):  toxtricity-low-key-gmax 10228
name (id):  gloom 44
name (id):  oddish 43
name (id):  golbat 42
name (id):  sewaddle 540
name (id):  deoxys-normal 386
name (id):  rayquaza-mega 10079
name (id):  rayquaza 384
name (id):  morpeko-hangry 10187
name (id):  morpeko-full-belly 877
name (id):  metagross-mega 10076
name (id):  zubat 41
name (id):  shieldon 410
name (id):  rampardos 409
name (id):  cranidos 408
name (id):  deoxys-attack 10001
name (id):  deoxys-defense 10002
name (id):  deoxys-speed 10003
name (id):  vileplume 45
name (id):  golduck 55
name (id):  psyduck 54
name (id):  bulbasaur 1
name (id):  abra 63
name (id):  shellos 422
name (id):  gastrodon 423
name (id):  venusaur-gmax 10195
name (id):  venusaur-mega 10033
name (id):  kadabra 64
name (id):  ivysaur 2
name (id):  venusaur 3
name (id):  alakazam 65
name (id):  bastiodon 411
name (id):  drifloon 425
name (id):  swadloon 541
name (id):  charizard-mega-x 10034
name (id):  honchkrow 430
name (id):  charizard 6
name (id):  charmeleon 5
name (id):  bonsly 438
name (id):  drifblim 426
name (id):  charmander 4
name (id):  mismagius 429
name (id):  charizard-gmax 10196
name (id):  charizard-mega-y 10035
name (id):  toxtricity-low-key 10184
name (id):  squirtle 7
name (id):  wartortle 8
name (id):  happiny 440
name (id):  gible 443
name (id):  garchomp 445
name (id):  gabite 444
name (id):  maractus 556
name (id):  hattrem 857
name (id):  polteageist 855
name (id):  blastoise-gmax 10197
name (id):  blastoise 9
name (id):  blastoise-mega 10036
name (id):  caterpie 10
name (id):  hatterene 858
name (id):  hatenna 856
name (id):  scraggy 559
name (id):  scrafty 560
name (id):  garchomp-mega 10058
name (id):  munchlax 446
name (id):  riolu 447
name (id):  lucario 448
name (id):  butterfree-gmax 10198
name (id):  metapod 11
name (id):  butterfree 12
name (id):  weedle 13
name (id):  hatterene-gmax 10221
name (id):  morgrem 860
name (id):  impidimp 859
name (id):  grimmsnarl 861
name (id):  lucario-mega 10059
name (id):  beedrill-mega 10090
name (id):  kakuna 14
name (id):  litten 725
name (id):  beedrill 15
name (id):  weavile 461
name (id):  popplio 728
name (id):  pidgey 16
name (id):  lumineon 457
name (id):  finneon 456
name (id):  pidgeot-mega 10073
name (id):  pidgeot 18
name (id):  electivire 466
name (id):  grimmsnarl-gmax 10222
name (id):  pincurchin 871
name (id):  pidgeotto 17
name (id):  rattata 19
name (id):  magnezone 462
name (id):  snom 872
name (id):  leafeon 470
name (id):  magmortar 467
name (id):  rattata-alola 10091
name (id):  raticate-alola 10092
name (id):  raticate-totem-alola 10093
name (id):  raticate 20
name (id):  cufant 878
name (id):  porygon-z 474
name (id):  froslass 478
name (id):  glaceon 471
name (id):  arbok 24
name (id):  ekans 23
name (id):  spearow 21
name (id):  fearow 22
name (id):  probopass 476
name (id):  torracat 726
name (id):  roggenrola 524
name (id):  herdier 507
name (id):  stoutland 508
name (id):  lillipup 506
name (id):  pikachu-rock-star 10080
name (id):  pikachu-belle 10081
name (id):  leavanny 542
name (id):  pikachu 25
name (id):  pikachu-pop-star 10082
name (id):  venipede 543
name (id):  incineroar 727
name (id):  pikachu-libre 10084
name (id):  boldore 525
name (id):  gigalith 526
name (id):  copperajah 879
name (id):  pikachu-cosplay 10085
name (id):  pikachu-phd 10083
name (id):  pikachu-original-cap 10094
name (id):  trumbeak 732
name (id):  pikipek 731
name (id):  cottonee 546
name (id):  whimsicott 547
name (id):  pikachu-hoenn-cap 10095
name (id):  pikachu-unova-cap 10097
name (id):  pikachu-sinnoh-cap 10096
name (id):  petilil 548
name (id):  lilligant 549
name (id):  lilligant-hisui 10237
name (id):  copperajah-gmax 10224
name (id):  pikachu-kalos-cap 10098
name (id):  sandile 551
name (id):  pikachu-starter 10158
name (id):  pikachu-alola-cap 10099
name (id):  pikachu-world-cap 10160
name (id):  pikachu-partner-cap 10148
name (id):  krokorok 552
name (id):  krookodile 553
name (id):  pikachu-gmax 10199
name (id):  raichu 26
name (id):  raichu-alola 10100
name (id):  sandshrew 27
name (id):  carracosta 565
name (id):  tirtouga 564
name (id):  crustle 558
name (id):  sandshrew-alola 10101
name (id):  trubbish 568
name (id):  garbodor 569
name (id):  sandslash-alola 10102
name (id):  sandslash 28
name (id):  nidoran-f 29
name (id):  archeops 567
name (id):  archen 566
name (id):  whirlipede 544
name (id):  nidorino 33
name (id):  garbodor-gmax 10207
name (id):  falinks 870
name (id):  dreepy 885
name (id):  nidoqueen 31
name (id):  nidorina 30
name (id):  nidoran-m 32
name (id):  vanillish 583
name (id):  vanillite 582
name (id):  vanilluxe 584
name (id):  scolipede 545
name (id):  dwebble 557
name (id):  eiscue-ice 875
name (id):  eiscue-noice 10185
name (id):  stonjourner 874
name (id):  frosmoth 873
name (id):  cottonee 546
name (id):  rufflet 627
name (id):  braviary 628
name (id):  whimsicott 547
name (id):  lilligant 549
name (id):  emolga 587
name (id):  nidoking 34
name (id):  petilil 548
name (id):  vulpix 37
name (id):  clefairy 35
name (id):  clefable 36
name (id):  alomomola 594
name (id):  lilligant-hisui 10237
name (id):  indeedee-male 876
name (id):  basculin-white-striped 10247
name (id):  basculin-blue-striped 10016
name (id):  vulpix-alola 10103
name (id):  indeedee-female 10186
name (id):  copperajah 879
name (id):  cufant 878
name (id):  braviary-hisui 10240
name (id):  basculin-red-striped 550
name (id):  ninetales 38
name (id):  jigglypuff 39
name (id):  mandibuzz 630
name (id):  vullaby 629
name (id):  ninetales-alola 10104
name (id):  drakloak 886
name (id):  fletchling 661
name (id):  darumaka 554
name (id):  sandile 551
name (id):  wigglytuff 40
name (id):  pancham 674
name (id):  pangoro 675
name (id):  drakloak 886
name (id):  copperajah-gmax 10224
name (id):  dreepy 885
name (id):  krokorok 552
name (id):  zubat 41
name (id):  krookodile 553
name (id):  golbat 42
name (id):  fletchinder 662
name (id):  talonflame 663
name (id):  dragapult 887
name (id):  oddish 43
name (id):  darumaka-galar 10176
name (id):  brionne 729
name (id):  darmanitan-galar-standard 10177
name (id):  darmanitan-zen 10017
name (id):  darmanitan-standard 555
name (id):  goomy 704
name (id):  sliggoo 705
name (id):  carbink 703
name (id):  gloom 44
name (id):  vileplume 45
name (id):  paras 46
name (id):  parasect 47
name (id):  darmanitan-galar-zen 10178
name (id):  sylveon 700
name (id):  maractus 556
name (id):  dwebble 557
name (id):  crustle 558
name (id):  sliggoo-hisui 10241
name (id):  diglett-alola 10105
name (id):  goodra 706
name (id):  goodra-hisui 10242
name (id):  diglett 50
name (id):  venomoth 49
name (id):  venonat 48
name (id):  klefki 707
name (id):  scrafty 560
name (id):  scraggy 559
name (id):  dugtrio-alola 10106
name (id):  zygarde-10-power-construct 10118
name (id):  dugtrio 51
name (id):  phantump 708
name (id):  meowth-alola 10107
name (id):  meowth 52
name (id):  trevenant 709
name (id):  zygarde-50 718
name (id):  dragapult 887
name (id):  meowth-gmax 10200
name (id):  meowth-galar 10161
name (id):  persian-alola 10108
name (id):  persian 53
name (id):  zygarde-complete 10120
name (id):  primarina 730
name (id):  zygarde-50-power-construct 10119
name (id):  zygarde-10 10181
name (id):  toucannon 733
name (id):  gumshoos-totem 10121
name (id):  gumshoos 735
name (id):  yungoos 734
name (id):  mankey 56
name (id):  primeape 57
name (id):  golduck 55
name (id):  psyduck 54
name (id):  rowlet 722
name (id):  decidueye-hisui 10244
name (id):  dartrix 723
name (id):  decidueye 724
name (id):  vikavolt 738
name (id):  grubbin 736
name (id):  vikavolt-totem 10122
name (id):  charjabug 737
name (id):  litten 725
name (id):  arcanine-hisui 10230
name (id):  growlithe-hisui 10229
name (id):  arcanine 59
name (id):  growlithe 58
name (id):  torracat 726
name (id):  regidrago 895
name (id):  incineroar 727
name (id):  brionne 729
name (id):  popplio 728
name (id):  poliwhirl 61
name (id):  poliwrath 62
name (id):  abra 63
name (id):  crabrawler 739
name (id):  crabominable 740
name (id):  oricorio-pom-pom 10123
name (id):  oricorio-baile 741
name (id):  poliwag 60
name (id):  regieleki 894
name (id):  cofagrigus 563
name (id):  glastrier 896
name (id):  pikipek 731
name (id):  trumbeak 732
name (id):  toucannon 733
name (id):  alakazam-mega 10037
name (id):  alakazam 65
name (id):  kadabra 64
name (id):  oricorio-sensu 10125
name (id):  oricorio-pau 10124
name (id):  primarina 730
name (id):  spectrier 897
name (id):  sigilyph 561
name (id):  machop 66
name (id):  yungoos 734
name (id):  gumshoos-totem 10121
name (id):  gumshoos 735
name (id):  grubbin 736
name (id):  ribombee 743
name (id):  cutiefly 742
name (id):  bulbasaur 1
name (id):  floragato 907
name (id):  yamask-galar 10179
name (id):  machamp-gmax 10201
name (id):  machamp 68
name (id):  sprigatito 906
name (id):  bellsprout 69
name (id):  machoke 67
name (id):  sigilyph 561
name (id):  ribombee-totem 10150
name (id):  charjabug 737
name (id):  vikavolt 738
name (id):  vikavolt-totem 10122
name (id):  rockruff 744
name (id):  rockruff-own-tempo 10151
name (id):  lycanroc-midday 745
name (id):  fuecoco 909
name (id):  yamask 562
name (id):  crabrawler 739
name (id):  weepinbell 70
name (id):  victreebel 71
name (id):  yamask-galar 10179
name (id):  tentacruel 73
name (id):  tentacool 72
name (id):  carracosta 565
name (id):  crabominable 740
name (id):  lycanroc-dusk 10152
name (id):  lycanroc-midnight 10126
name (id):  meowscarada 908
name (id):  cofagrigus 563
name (id):  tirtouga 564
name (id):  oricorio-baile 741
name (id):  oricorio-pau 10124
name (id):  oricorio-pom-pom 10123
name (id):  wishiwashi-school 10127
name (id):  wishiwashi-solo 746
name (id):  geodude 74
name (id):  graveler-alola 10110
name (id):  geodude-alola 10109
name (id):  oricorio-sensu 10125
name (id):  archeops 567
name (id):  archen 566
name (id):  trubbish 568
name (id):  garbodor 569
name (id):  yamask-galar 10179
name (id):  graveler 75
name (id):  ribombee 743
name (id):  ribombee-totem 10150
name (id):  cutiefly 742
name (id):  mudsdale 750
name (id):  mudbray 749
name (id):  garbodor-gmax 10207
name (id):  garbodor 569
name (id):  mareanie 747
name (id):  toxapex 748
name (id):  golem-alola 10111
name (id):  trubbish 568
name (id):  garbodor-gmax 10207
name (id):  rockruff 744
name (id):  rockruff-own-tempo 10151
name (id):  lycanroc-midnight 10126
name (id):  lycanroc-midday 745
name (id):  golem 76
name (id):  ponyta-galar 10162
name (id):  ponyta 77
name (id):  zorua-hisui 10238
name (id):  zoroark 571
name (id):  zorua 570
name (id):  minccino 572
name (id):  dewpider 751
name (id):  araquanid-totem 10153
name (id):  araquanid 752
name (id):  rapidash 78
name (id):  gothorita 575
name (id):  gothitelle 576
name (id):  gothita 574
name (id):  rapidash-galar 10163
name (id):  lycanroc-dusk 10152
name (id):  zoroark-hisui 10239
name (id):  slowpoke-galar 10164
name (id):  slowpoke 79
name (id):  wishiwashi-school 10127
name (id):  wishiwashi-solo 746
name (id):  gothita 574
name (id):  minccino 572
name (id):  cinccino 573
name (id):  mareanie 747
name (id):  fomantis 753
name (id):  cinccino 573
name (id):  slowbro-galar 10165
name (id):  slowbro-mega 10071
name (id):  mudsdale 750
name (id):  mudbray 749
name (id):  dewpider 751
name (id):  slowbro 80
name (id):  gothorita 575
name (id):  magnemite 81
name (id):  shiinotic 756
name (id):  morelull 755
name (id):  reuniclus 579
name (id):  duosion 578
name (id):  solosis 577
name (id):  vanillite 582
name (id):  gothitelle 576
name (id):  duosion 578
name (id):  solosis 577
name (id):  crocalor 910
name (id):  toxapex 748
name (id):  quaxly 912
name (id):  lurantis-totem 10128
name (id):  lurantis 754
name (id):  quaxwell 913
name (id):  magneton 82
name (id):  araquanid-totem 10153
name (id):  araquanid 752
name (id):  doduo 84
name (id):  farfetchd-galar 10166
name (id):  farfetchd 83
name (id):  reuniclus 579
name (id):  fomantis 753
name (id):  lurantis 754
name (id):  vanillite 582
name (id):  vanilluxe 584
name (id):  vanillish 583
name (id):  skeledirge 911
name (id):  stufful 759
name (id):  escavalier 589
name (id):  karrablast 588
name (id):  morelull 755
name (id):  shiinotic 756
name (id):  grimer 88
name (id):  dewgong 87
name (id):  seel 86
name (id):  salazzle-totem 10129
name (id):  salandit 757
name (id):  dodrio 85
name (id):  lurantis-totem 10128
name (id):  frillish 592
name (id):  jellicent 593
name (id):  joltik 595
name (id):  galvantula 596
name (id):  salandit 757
name (id):  salazzle 758
name (id):  stufful 759
name (id):  bewear 760
name (id):  grimer-alola 10112
name (id):  bewear 760
name (id):  muk-alola 10113
name (id):  muk 89
name (id):  shellder 90
name (id):  salazzle 758
name (id):  salazzle-totem 10129
name (id):  ferrothorn 598
name (id):  ferroseed 597
name (id):  bounsweet 761
name (id):  steenee 762
name (id):  tsareena 763
name (id):  haunter 93
name (id):  tsareena 763
name (id):  gengar 94
name (id):  cloyster 91
name (id):  bounsweet 761
name (id):  steenee 762
name (id):  gastly 92
name (id):  wimpod 767
name (id):  comfey 764
name (id):  comfey 764
name (id):  passimian 766
name (id):  oranguru 765
name (id):  gengar-mega 10038
name (id):  gengar-gmax 10202
name (id):  ducklett 580
name (id):  wimpod 767
name (id):  golisopod 768
name (id):  drowzee 96
name (id):  onix 95
name (id):  swanna 581
name (id):  oranguru 765
name (id):  passimian 766
name (id):  golisopod 768
name (id):  kingler-gmax 10203
name (id):  kingler 99
name (id):  vanillish 583
name (id):  vanilluxe 584
name (id):  calyrex 898
name (id):  deerling 585
name (id):  sawsbuck 586
name (id):  palossand 770
name (id):  sandygast 769
name (id):  hypno 97
name (id):  krabby 98
name (id):  lechonk 915
name (id):  calyrex-shadow 10194
name (id):  calyrex-ice 10193
name (id):  palossand 770
name (id):  sandygast 769
name (id):  karrablast 588
name (id):  venusaur-gmax 10195
name (id):  quaquaval 914
name (id):  foongus 590
name (id):  emolga 587
name (id):  venusaur-mega 10033
name (id):  venusaur 3
name (id):  electrode 101
name (id):  voltorb-hisui 10231
name (id):  electrode-hisui 10232
name (id):  voltorb 100
name (id):  ivysaur 2
name (id):  escavalier 589
name (id):  oinkologne-male 916
name (id):  oinkologne-female 10254
name (id):  blastoise 9
name (id):  blastoise-mega 10036
name (id):  squirtle 7
name (id):  wartortle 8
name (id):  jellicent 593
name (id):  exeggcute 102
name (id):  amoonguss 591
name (id):  frillish 592
name (id):  exeggutor-alola 10114
name (id):  exeggutor 103
name (id):  alomomola 594
name (id):  cubone 104
name (id):  pikachu-rock-star 10080
name (id):  pikachu 25
name (id):  blastoise-gmax 10197
name (id):  pikachu-belle 10081
name (id):  marowak-totem 10149
name (id):  joltik 595
name (id):  marowak-alola 10115
name (id):  marowak 105
name (id):  pikachu-cosplay 10085
name (id):  pikachu-pop-star 10082
name (id):  pikachu-libre 10084
name (id):  pikachu-phd 10083
name (id):  galvantula 596
name (id):  ferroseed 597
name (id):  ferrothorn 598
name (id):  hitmonlee 106
name (id):  klang 600
name (id):  pikachu-unova-cap 10097
name (id):  pikachu-original-cap 10094
name (id):  pikachu-hoenn-cap 10095
name (id):  pikachu-sinnoh-cap 10096
name (id):  weezing 110
name (id):  lickitung 108
name (id):  koffing 109
name (id):  klink 599
name (id):  klang 600
name (id):  klinklang 601
name (id):  klink 599
name (id):  pikachu-partner-cap 10148
name (id):  tynamo 602
name (id):  hitmonchan 107
name (id):  pikachu-starter 10158
name (id):  pikachu-alola-cap 10099
name (id):  pikachu-kalos-cap 10098
name (id):  litwick 607
name (id):  eelektrik 603
name (id):  klinklang 601
name (id):  raichu-alola 10100
name (id):  rhyhorn 111
name (id):  beheeyem 606
name (id):  weezing-galar 10167
name (id):  elgyem 605
name (id):  beheeyem 606
name (id):  pikachu-gmax 10199
name (id):  elgyem 605
name (id):  pyukumuku 771
name (id):  rhydon 112
name (id):  pikachu-world-cap 10160
name (id):  raichu 26
name (id):  pyukumuku 771
name (id):  chansey 113
name (id):  eelektross 604
name (id):  nymble 919
name (id):  lampent 608
name (id):  chandelure 609
name (id):  sandslash-alola 10102
name (id):  sandshrew 27
name (id):  minior-red-meteor 774
name (id):  minior-orange-meteor 10130
name (id):  sandshrew-alola 10101
name (id):  tangela 114
name (id):  sandslash 28
name (id):  lokix 920
name (id):  axew 610
name (id):  fraxure 611
name (id):  litwick 607
name (id):  kangaskhan 115
name (id):  kangaskhan-mega 10039
name (id):  horsea 116
name (id):  lampent 608
name (id):  chandelure 609
name (id):  type-null 772
name (id):  spidops 918
name (id):  jigglypuff 39
name (id):  wigglytuff 40
name (id):  psyduck 54
name (id):  axew 610
name (id):  cubchoo 613
name (id):  beartic 614
name (id):  shelmet 616
name (id):  minior-yellow-meteor 10131
name (id):  minior-orange-meteor 10130
name (id):  minior-red-meteor 774
name (id):  tarountula 917
name (id):  golduck 55
name (id):  staryu 120
name (id):  goldeen 118
name (id):  seadra 117
name (id):  seaking 119
name (id):  cubchoo 613
name (id):  haxorus 612
name (id):  haxorus 612
name (id):  poliwhirl 61
name (id):  poliwag 60
name (id):  poliwrath 62
name (id):  abra 63
name (id):  beartic 614
name (id):  accelgor 617
name (id):  fraxure 611
name (id):  golett 622
name (id):  starmie 121
name (id):  mr-mime-galar 10168
name (id):  alakazam-mega 10037
name (id):  mr-mime 122
name (id):  alakazam 65
name (id):  kadabra 64
name (id):  stunfisk-galar 10180
name (id):  tentacool 72
name (id):  scyther 123
name (id):  cryogonal 615
name (id):  accelgor 617
name (id):  shelmet 616
name (id):  stunfisk 618
name (id):  slowpoke-galar 10164
name (id):  tentacruel 73
name (id):  electabuzz 125
name (id):  magmar 126
name (id):  pinsir 127
name (id):  stunfisk-galar 10180
name (id):  mienshao 620
name (id):  druddigon 621
name (id):  jynx 124
name (id):  mienfoo 619
name (id):  pinsir-mega 10040
name (id):  tauros-paldea-blaze-breed 10251
name (id):  tauros-paldea-combat-breed 10250
name (id):  tauros 128
name (id):  bisharp 625
name (id):  pawniard 624
name (id):  golurk 623
name (id):  golett 622
name (id):  tauros-paldea-aqua-breed 10252
name (id):  gyarados-mega 10041
name (id):  gyarados 130
name (id):  magikarp 129
name (id):  stunfisk-galar 10180
name (id):  golurk 623
name (id):  type-null 772
name (id):  rufflet 627
name (id):  bisharp 625
name (id):  pawniard 624
name (id):  rufflet 627
name (id):  braviary-hisui 10240
name (id):  bouffalant 626
name (id):  lapras-gmax 10204
name (id):  ditto 132
name (id):  lapras 131
name (id):  eevee 133
name (id):  slowpoke-galar 10164
name (id):  braviary 628
name (id):  pawmi 921
name (id):  braviary-hisui 10240
name (id):  braviary 628
name (id):  vullaby 629
name (id):  eevee-gmax 10205
name (id):  eevee-starter 10159
name (id):  mandibuzz 630
name (id):  mandibuzz 630
name (id):  vullaby 629
name (id):  jolteon 135
name (id):  vaporeon 134
name (id):  tandemaus 924
name (id):  heatmor 631
name (id):  durant 632
name (id):  slowbro-galar 10165
name (id):  pawmot 923
name (id):  magnemite 81
name (id):  durant 632
name (id):  heatmor 631
name (id):  flareon 136
name (id):  deino 633
name (id):  zweilous 634
name (id):  slowbro-galar 10165
name (id):  magneton 82
name (id):  deino 633
name (id):  zweilous 634
name (id):  slowbro-galar 10165
name (id):  pawmo 922
name (id):  omastar 139
name (id):  omanyte 138
name (id):  porygon 137
name (id):  hydreigon 635
name (id):  larvesta 636
name (id):  cloyster 91
name (id):  shellder 90
name (id):  krabby 98
name (id):  kingler 99
name (id):  hydreigon 635
name (id):  aerodactyl 142
name (id):  aerodactyl-mega 10042
name (id):  virizion 640
name (id):  cobalion 638
name (id):  terrakion 639
name (id):  silvally 773
name (id):  silvally 773
name (id):  kabutops 141
name (id):  kabuto 140
name (id):  pancham 674
name (id):  volcarona 637
name (id):  kingler-gmax 10203
name (id):  exeggutor-alola 10114
name (id):  exeggcute 102
name (id):  exeggutor 103
name (id):  minior-green-meteor 10132
name (id):  minior-yellow-meteor 10131
name (id):  minior-blue-meteor 10133
name (id):  minior-indigo-meteor 10134
name (id):  minior-blue-meteor 10133
name (id):  minior-indigo-meteor 10134
name (id):  minior-green-meteor 10132
name (id):  minior-violet-meteor 10135
name (id):  snorlax-gmax 10206
name (id):  articuno-galar 10169
name (id):  snorlax 143
name (id):  articuno 144
name (id):  marowak-totem 10149
name (id):  minior-green 10139
name (id):  minior-orange 10137
name (id):  minior-yellow 10138
name (id):  minior-red 10136
name (id):  thundurus-therian 10020
name (id):  marowak 105
name (id):  cubone 104
name (id):  minior-red 10136
name (id):  minior-violet-meteor 10135
name (id):  minior-orange 10137
name (id):  minior-yellow 10138
name (id):  tornadus-incarnate 641
name (id):  tornadus-therian 10019
name (id):  marowak-alola 10115
name (id):  moltres 146
name (id):  thundurus-incarnate 642
name (id):  zapdos 145
name (id):  moltres-galar 10171
name (id):  lickitung 108
name (id):  chansey 113
name (id):  minior-blue 10140
name (id):  zapdos-galar 10170
name (id):  minior-violet 10142
name (id):  minior-indigo 10141
name (id):  rhyhorn 111
name (id):  rhydon 112
name (id):  landorus-therian 10021
name (id):  landorus-incarnate 645
name (id):  zekrom 644
name (id):  reshiram 643
name (id):  minior-blue 10140
name (id):  minior-green 10139
name (id):  minior-violet 10142
name (id):  komala 775
name (id):  minior-indigo 10141
name (id):  dratini 147
name (id):  dragonair 148
name (id):  dragonite 149
name (id):  kangaskhan 115
name (id):  kangaskhan-mega 10039
name (id):  tangela 114
name (id):  horsea 116
name (id):  togedemaru-totem 10154
name (id):  togedemaru 777
name (id):  mimikyu-disguised 778
name (id):  turtonator 776
name (id):  dachsbun 927
name (id):  mewtwo 150
name (id):  fidough 926
name (id):  seadra 117
name (id):  staryu 120
name (id):  goldeen 118
name (id):  seaking 119
name (id):  togedemaru-totem 10154
name (id):  togedemaru 777
name (id):  komala 775
name (id):  turtonator 776
name (id):  mewtwo-mega-x 10043
name (id):  mewtwo-mega-y 10044
name (id):  mimikyu-busted 10143
name (id):  mimikyu-totem-busted 10145
name (id):  mimikyu-totem-disguised 10144
name (id):  mew 151
name (id):  starmie 121
name (id):  pinsir 127
name (id):  pinsir-mega 10040
name (id):  bruxish 779
name (id):  scyther 123
name (id):  mimikyu-disguised 778
name (id):  mimikyu-totem-busted 10145
name (id):  mimikyu-totem-disguised 10144
name (id):  mimikyu-busted 10143
name (id):  drampa 780
name (id):  jangmo-o 782
name (id):  hakamo-o 783
name (id):  dhelmise 781
name (id):  tauros-paldea-blaze-breed 10251
name (id):  tauros-paldea-aqua-breed 10252
name (id):  tauros 128
name (id):  tauros-paldea-combat-breed 10250
name (id):  kommo-o-totem 10146
name (id):  kommo-o 784
name (id):  magikarp 129
name (id):  gyarados-mega 10041
name (id):  gyarados 130
name (id):  ditto 132
name (id):  bruxish 779
name (id):  jangmo-o 782
name (id):  dhelmise 781
name (id):  drampa 780
name (id):  maushold-family-of-three 10257
name (id):  maushold-family-of-four 925
name (id):  porygon 137
name (id):  pichu 172
name (id):  bunnelby 659
name (id):  chinchou 170
name (id):  lanturn 171
name (id):  hakamo-o 783
name (id):  kommo-o 784
name (id):  kommo-o-totem 10146
name (id):  politoed 186
name (id):  diggersby 660
name (id):  igglybuff 174
name (id):  azumarill 184
name (id):  marill 183
name (id):  pangoro 675
name (id):  wooper 194
name (id):  quagsire 195
name (id):  wooper-paldea 10253
name (id):  pikachu-sinnoh-cap 10096
name (id):  pikachu-sinnoh-cap 10096
name (id):  pikachu-sinnoh-cap 10096
name (id):  pikachu-sinnoh-cap 10096
name (id):  pikachu-sinnoh-cap 10096
name (id):  pikachu-sinnoh-cap 10096
name (id):  pikachu-sinnoh-cap 10096
name (id):  pikachu-sinnoh-cap 10096
name (id):  pikachu-sinnoh-cap 10096
name (id):  pikachu-sinnoh-cap 10096
name (id):  pikachu-sinnoh-cap 10096
name (id):  pikachu-sinnoh-cap 10096
name (id):  pikachu-sinnoh-cap 10096
name (id):  pikachu-sinnoh-cap 10096
name (id):  pikachu-sinnoh-cap 10096
name (id):  pikachu-sinnoh-cap 10096
name (id):  pikachu-sinnoh-cap 10096
name (id):  dolliv 929
name (id):  raichu 26
name (id):  clefable 36
name (id):  raichu-alola 10100
name (id):  smoliv 928
name (id):  clefairy 35
name (id):  arboliva 930
name (id):  golduck 55
name (id):  psyduck 54
name (id):  zubat 41
name (id):  golbat 42
name (id):  slowking-galar 10172
name (id):  tapu-koko 785
name (id):  tapu-koko 785
name (id):  slowking-galar 10172
name (id):  scizor-mega 10046
name (id):  scizor 212
name (id):  dunsparce 206
name (id):  alakazam-mega 10037
name (id):  tapu-bulu 787
name (id):  tapu-fini 788
name (id):  abra 63
name (id):  alakazam 65
name (id):  kadabra 64
name (id):  keldeo-ordinary 647
name (id):  heracross 214
name (id):  heracross-mega 10047
name (id):  remoraid 223
name (id):  octillery 224
name (id):  tapu-lele 786
name (id):  machamp 68
name (id):  machamp-gmax 10201
name (id):  machoke 67
name (id):  tapu-bulu 787
name (id):  tapu-fini 788
name (id):  machop 66
name (id):  kingdra 230
name (id):  porygon2 233
name (id):  mantine 226
name (id):  skarmory 227
name (id):  geodude-alola 10109
name (id):  tentacool 72
name (id):  blissey 242
name (id):  wingull 278
name (id):  pelipper 279
name (id):  tentacruel 73
name (id):  miltank 241
name (id):  geodude 74
name (id):  gardevoir-mega 10051
name (id):  kirlia 281
name (id):  graveler-alola 10110
name (id):  golem-alola 10111
name (id):  gardevoir 282
name (id):  ralts 280
name (id):  golem 76
name (id):  graveler 75
name (id):  whismur 293
name (id):  exploud 295
name (id):  azurill 298
name (id):  loudred 294
name (id):  ponyta-galar 10162
name (id):  rapidash-galar 10163
name (id):  rapidash 78
name (id):  kyurem 646
name (id):  ponyta 77
name (id):  cosmog 789
name (id):  kyurem-black 10022
name (id):  kyurem-white 10023
name (id):  carvanha 318
name (id):  sharpedo-mega 10070
name (id):  sharpedo 319
name (id):  cosmog 789
name (id):  tapu-lele 786
name (id):  gengar-mega 10038
name (id):  wailmer 320
name (id):  cosmoem 790
name (id):  gengar 94
name (id):  haunter 93
name (id):  gastly 92
name (id):  wailord 321
name (id):  barboach 339
name (id):  cosmoem 790
name (id):  whiscash 340
name (id):  espurr 677
name (id):  torkoal 324
name (id):  meowstic-male 678
name (id):  gengar-gmax 10202
name (id):  meowstic-female 10025
name (id):  goldeen 118
name (id):  onix 95
name (id):  shinx 403
name (id):  luxio 404
name (id):  crawdaunt 342
name (id):  corphish 341
name (id):  chansey 113
name (id):  luxray 405
name (id):  vespiquen 416
name (id):  combee 415
name (id):  drifloon 425
name (id):  seaking 119
name (id):  mr-mime-galar 10168
name (id):  mr-mime 122
name (id):  drifblim 426
name (id):  lopunny 428
name (id):  lopunny-mega 10088
name (id):  buneary 427
name (id):  magikarp 129
name (id):  gyarados-mega 10041
name (id):  snorlax-gmax 10206
name (id):  gyarados 130
name (id):  snorlax 143
name (id):  happiny 440
name (id):  drapion 452
name (id):  skorupi 451
name (id):  croagunk 453
name (id):  squawkabilly-green-plumage 931
name (id):  pichu 172
name (id):  crobat 169
name (id):  lickilicky 463
name (id):  magnezone 462
name (id):  toxicroak 454
name (id):  mantyke 458
name (id):  noctowl 164
name (id):  hoothoot 163
name (id):  keldeo-resolute 10024
name (id):  tangrowth 465
name (id):  porygon-z 474
name (id):  gallade 475
name (id):  rhyperior 464
name (id):  marill 183
name (id):  azumarill 184
name (id):  gallade-mega 10068
name (id):  cleffa 173
name (id):  herdier 507
name (id):  lillipup 506
name (id):  stoutland 508
name (id):  sudowoodo 185
name (id):  boldore 525
name (id):  roggenrola 524
name (id):  gigalith 526
name (id):  woobat 527
name (id):  wooper-paldea 10253
name (id):  wooper 194
name (id):  quagsire 195
name (id):  swoobat 528
name (id):  aipom 190
name (id):  venipede 543
name (id):  whirlipede 544
name (id):  scolipede 545
name (id):  misdreavus 200
name (id):  murkrow 198
name (id):  girafarig 203
name (id):  sandile 551
name (id):  petilil 548
name (id):  lilligant 549
name (id):  lilligant-hisui 10237
name (id):  unown 201
name (id):  krookodile 553
name (id):  krokorok 552
name (id):  dwebble 557
name (id):  crustle 558
name (id):  steelix-mega 10072
name (id):  heracross-mega 10047
name (id):  heracross 214
name (id):  squawkabilly-yellow-plumage 10261
name (id):  steelix 208
name (id):  squawkabilly-white-plumage 10262
name (id):  zorua-hisui 10238
name (id):  zorua 570
name (id):  scraggy 559
name (id):  scrafty 560
name (id):  squawkabilly-blue-plumage 10260
name (id):  remoraid 223
name (id):  zoroark 571
name (id):  octillery 224
name (id):  zoroark-hisui 10239
name (id):  sneasel-hisui 10235
name (id):  karrablast 588
name (id):  emolga 587
name (id):  sneasel 215
name (id):  escavalier 589
name (id):  amoonguss 591
name (id):  foongus 590
name (id):  frillish 592
name (id):  blissey 242
name (id):  wurmple 265
name (id):  silcoon 266
name (id):  jellicent 593
name (id):  shelmet 616
name (id):  accelgor 617
name (id):  mienfoo 619
name (id):  mantine 226
name (id):  buzzwole 794
name (id):  mienshao 620
name (id):  bisharp 625
name (id):  pawniard 624
name (id):  druddigon 621
name (id):  cascoon 268
name (id):  nacli 932
name (id):  dustox 269
name (id):  beautifly 267
name (id):  doublade 680
name (id):  wingull 278
name (id):  braviary-hisui 10240
name (id):  braviary 628
name (id):  nihilego 793
name (id):  rufflet 627
name (id):  bouffalant 626
name (id):  azurill 298
name (id):  pelipper 279
name (id):  nihilego 793
name (id):  mandibuzz 630
name (id):  vullaby 629
name (id):  larvesta 636
name (id):  volcarona 637
name (id):  medicham 308
name (id):  meditite 307
name (id):  genesect 649
name (id):  honedge 679
name (id):  inkay 686
name (id):  talonflame 663
name (id):  fletchinder 662
name (id):  medicham-mega 10054
name (id):  fletchling 661
name (id):  whiscash 340
name (id):  barboach 339
name (id):  roselia 315
name (id):  malamar 687
name (id):  clauncher 692
name (id):  dragalge 691
name (id):  skrelp 690
name (id):  solgaleo 791
name (id):  chimecho 358
name (id):  milotic 350
name (id):  feebas 349
name (id):  dedenne 702
name (id):  clawitzer 693
name (id):  goomy 704
name (id):  sliggoo 705
name (id):  solgaleo 791
name (id):  sliggoo-hisui 10241
name (id):  goodra 706
name (id):  goodra-hisui 10242
name (id):  klefki 707
name (id):  turtwig 387
name (id):  lycanroc-midnight 10126
name (id):  rockruff-own-tempo 10151
name (id):  lycanroc-midday 745
name (id):  torterra 389
name (id):  rockruff 744
name (id):  lunala 792
name (id):  lunala 792
name (id):  grotle 388
name (id):  charcadet 935
name (id):  monferno 391
name (id):  lycanroc-dusk 10152
name (id):  wishiwashi-school 10127
name (id):  wishiwashi-solo 746
name (id):  chimchar 390
name (id):  buzzwole 794
name (id):  mareanie 747
name (id):  naclstack 933
name (id):  aegislash-blade 10026
name (id):  toxapex 748
name (id):  armarouge 936
name (id):  infernape 392
name (id):  lurantis-totem 10128
name (id):  lurantis 754
name (id):  aegislash-shield 681
name (id):  fomantis 753
name (id):  garganacl 934
name (id):  prinplup 394
name (id):  piplup 393
name (id):  empoleon 395
name (id):  salandit 757
name (id):  salazzle 758
name (id):  comfey 764
name (id):  salazzle-totem 10129
name (id):  wimpod 767
name (id):  oranguru 765
name (id):  staravia 397
name (id):  staraptor 398
name (id):  starly 396
name (id):  golisopod 768
name (id):  passimian 766
name (id):  hakamo-o 783
name (id):  jangmo-o 782
name (id):  palossand 770
name (id):  sandygast 769
name (id):  bidoof 399
name (id):  greedent 820
name (id):  skwovet 819
name (id):  kommo-o 784
name (id):  kommo-o-totem 10146
name (id):  shinx 403
name (id):  bibarel 400
name (id):  meloetta-pirouette 10018
name (id):  kricketot 401
name (id):  meloetta-aria 648
name (id):  kricketune 402
name (id):  blipbug 824
name (id):  dottler 825
name (id):  orbeetle-gmax 10213
name (id):  orbeetle 826
name (id):  luxio 404
name (id):  luxray 405
name (id):  roserade 407
name (id):  budew 406
name (id):  drednaw-gmax 10214
name (id):  chewtle 833
name (id):  drednaw 834
name (id):  applin 840
name (id):  flapple-gmax 10216
name (id):  appletun 842
name (id):  appletun-gmax 10217
name (id):  flapple 841
name (id):  cranidos 408
name (id):  rampardos 409
name (id):  bastiodon 411
name (id):  shieldon 410
name (id):  silicobra 843
name (id):  sandaconda-gmax 10218
name (id):  sandaconda 844
name (id):  cramorant 845
name (id):  burmy 412
name (id):  wormadam-trash 10005
name (id):  wormadam-sandy 10004
name (id):  wormadam-plant 413
name (id):  cramorant-gorging 10183
name (id):  cramorant-gulping 10182
name (id):  barraskewda 847
name (id):  arrokuda 846
name (id):  combee 415
name (id):  morpeko-full-belly 877
name (id):  clobbopus 852
name (id):  pincurchin 871
name (id):  vespiquen 416
name (id):  pachirisu 417
name (id):  grapploct 853
name (id):  mothim 414
name (id):  morpeko-hangry 10187
name (id):  urshifu-rapid-strike 10191
name (id):  urshifu-single-strike 892
name (id):  kubfu 891
name (id):  cherrim 421
name (id):  cherubi 420
name (id):  floatzel 419
name (id):  buizel 418
name (id):  bellibolt 939
name (id):  urshifu-single-strike-gmax 10226
name (id):  urshifu-rapid-strike-gmax 10227
name (id):  zarude 893
name (id):  zarude-dada 10192
name (id):  xurkitree 796
name (id):  kartana 798
name (id):  wattrel 940
name (id):  ambipom 424
name (id):  drifloon 425
name (id):  gastrodon 423
name (id):  nidorina 30
name (id):  nidoran-f 29
name (id):  nidoran-m 32
name (id):  nidoqueen 31
name (id):  shellos 422
name (id):  xurkitree 796
name (id):  tadbulb 938
name (id):  nidorino 33
name (id):  clefable 36
name (id):  lopunny-mega 10088
name (id):  pheromosa 795
name (id):  buneary 427
name (id):  pheromosa 795
name (id):  nidoking 34
name (id):  clefairy 35
name (id):  lopunny 428
name (id):  drifblim 426
name (id):  celesteela 797
name (id):  ceruledge 937
name (id):  celesteela 797
name (id):  ponyta-galar 10162
name (id):  zubat 41
name (id):  ponyta-galar 10162
name (id):  golbat 42
name (id):  honchkrow 430
name (id):  purugly 432
name (id):  raticate-alola 10092
name (id):  kartana 798
name (id):  rattata-alola 10091
name (id):  rattata 19
name (id):  mismagius 429
name (id):  rapidash-galar 10163
name (id):  glameow 431
name (id):  mr-mime-galar 10168
name (id):  rapidash-galar 10163
name (id):  mr-mime-galar 10168
name (id):  raticate 20
name (id):  slurpuff 685
name (id):  swirlix 684
name (id):  chingling 433
name (id):  magikarp 129
name (id):  raticate-totem-alola 10093
name (id):  sandshrew-alola 10101
name (id):  sandslash 28
name (id):  electabuzz 125
name (id):  stunky 434
name (id):  skuntank 435
name (id):  jynx 124
name (id):  magmar 126
name (id):  bronzor 436
name (id):  gyarados-mega 10041
name (id):  gyarados 130
name (id):  sandshrew 27
name (id):  spritzee 682
name (id):  lapras-gmax 10204
name (id):  lapras 131
name (id):  happiny 440
name (id):  bonsly 438
name (id):  sandslash-alola 10102
name (id):  eevee-gmax 10205
name (id):  eevee 133
name (id):  eevee-starter 10159
name (id):  mime-jr 439
name (id):  vaporeon 134
name (id):  bronzong 437
name (id):  clefairy 35
name (id):  clefable 36
name (id):  vulpix 37
name (id):  aromatisse 683
name (id):  flareon 136
name (id):  gible 443
name (id):  omanyte 138
name (id):  jolteon 135
name (id):  omastar 139
name (id):  gabite 444
name (id):  malamar 687
name (id):  inkay 686
name (id):  chatot 441
name (id):  spiritomb 442
name (id):  ninetales-alola 10104
name (id):  vulpix-alola 10103
name (id):  ninetales 38
name (id):  aerodactyl-mega 10042
name (id):  aerodactyl 142
name (id):  kabuto 140
name (id):  kabutops 141
name (id):  jigglypuff 39
name (id):  garchomp-mega 10058
name (id):  garchomp 445
name (id):  munchlax 446
name (id):  snorlax-gmax 10206
name (id):  snorlax 143
name (id):  articuno-galar 10169
name (id):  riolu 447
name (id):  articuno-galar 10169
name (id):  golbat 42
name (id):  zubat 41
name (id):  psyduck 54
name (id):  moltres-galar 10171
name (id):  moltres-galar 10171
name (id):  wigglytuff 40
name (id):  zapdos-galar 10170
name (id):  zapdos-galar 10170
name (id):  lucario-mega 10059
name (id):  lucario 448
name (id):  hippowdon 450
name (id):  hippopotas 449
name (id):  crobat 169
name (id):  maschiff 942
name (id):  dratini 147
name (id):  dragonite 149
name (id):  dragonair 148
name (id):  growlithe-hisui 10229
name (id):  arcanine 59
name (id):  golduck 55
name (id):  drapion 452
name (id):  mabosstiff 943
name (id):  growlithe 58
name (id):  cleffa 173
name (id):  skorupi 451
name (id):  espeon 196
name (id):  umbreon 197
name (id):  croagunk 453
name (id):  toxicroak 454
name (id):  shuckle 213
name (id):  shroodle 944
name (id):  kilowattrel 941
name (id):  arcanine-hisui 10230
name (id):  seel 86
name (id):  magneton 82
name (id):  magnemite 81
name (id):  sneasel-hisui 10235
name (id):  sneasel 215
name (id):  piloswine 221
name (id):  mantyke 458
name (id):  swinub 220
name (id):  carnivine 455
name (id):  lumineon 457
name (id):  finneon 456
name (id):  magby 240
name (id):  elekid 239
name (id):  grimer-alola 10112
name (id):  smoochum 238
name (id):  delibird 225
name (id):  muk 89
name (id):  dewgong 87
name (id):  abomasnow-mega 10060
name (id):  grimer 88
name (id):  abomasnow 460
name (id):  tyranitar-mega 10049
name (id):  pupitar 247
name (id):  snover 459
name (id):  weavile 461
name (id):  tyranitar 248
name (id):  larvitar 246
name (id):  muk-alola 10113
name (id):  koffing 109
name (id):  lickitung 108
name (id):  onix 95
name (id):  guzzlord 799
name (id):  zigzagoon-galar 10174
name (id):  linoone-galar 10175
name (id):  zigzagoon-galar 10174
name (id):  linoone-galar 10175
name (id):  uxie 480
name (id):  azelf 482
name (id):  mesprit 481
name (id):  dialga 483
name (id):  sableye-mega 10066
name (id):  sableye 302
name (id):  mawile-mega 10052
name (id):  mawile 303
name (id):  weezing-galar 10167
name (id):  weezing 110
name (id):  guzzlord 799
name (id):  dialga-origin 10245
name (id):  staryu 120
name (id):  tangela 114
name (id):  aron 304
name (id):  aggron-mega 10053
name (id):  lairon 305
name (id):  palkia-origin 10246
name (id):  palkia 484
name (id):  manaphy 490
name (id):  aggron 306
name (id):  barboach 339
name (id):  swablu 333
name (id):  altaria 334
name (id):  altaria-mega 10067
name (id):  starmie 121
name (id):  pinsir 127
name (id):  magmar 126
name (id):  whiscash 340
name (id):  lileep 345
name (id):  baltoy 343
name (id):  claydol 344
name (id):  electabuzz 125
name (id):  pinsir-mega 10040
name (id):  cradily 346
name (id):  feebas 349
name (id):  anorith 347
name (id):  armaldo 348
name (id):  lapras-gmax 10204
name (id):  lapras 131
name (id):  ditto 132
name (id):  bramblin 946
name (id):  absol-mega 10057
name (id):  absol 359
name (id):  snorunt 361
name (id):  eevee-gmax 10205
name (id):  eevee-starter 10159
name (id):  eevee 133
name (id):  brambleghast 947
name (id):  milotic 350
name (id):  vaporeon 134
name (id):  grafaiai 945
name (id):  glalie-mega 10074
name (id):  glalie 362
name (id):  sealeo 364
name (id):  spheal 363
name (id):  binacle 688
name (id):  crobat 169
name (id):  jolteon 135
name (id):  walrein 365
name (id):  flareon 136
name (id):  toedscool 948
name (id):  cleffa 173
name (id):  bagon 371
name (id):  shelgon 372
name (id):  relicanth 369
name (id):  barbaracle 689
name (id):  beldum 374
name (id):  metang 375
name (id):  igglybuff 174
name (id):  pikachu-sinnoh-cap 10096
name (id):  pikachu-sinnoh-cap 10096
name (id):  salamence-mega 10089
name (id):  salamence 373
name (id):  pikachu-sinnoh-cap 10096
name (id):  pikachu-sinnoh-cap 10096
name (id):  mareep 179
name (id):  ampharos 181
name (id):  flaaffy 180
name (id):  sylveon 700
name (id):  hawlucha 701
name (id):  metagross 376
name (id):  metagross-mega 10076
name (id):  regice 378
name (id):  regirock 377
name (id):  pikachu-sinnoh-cap 10096
name (id):  pikachu-sinnoh-cap 10096
name (id):  pikachu-sinnoh-cap 10096
name (id):  ampharos-mega 10045
name (id):  pikachu-sinnoh-cap 10096
name (id):  marill 183
name (id):  bronzong 437
name (id):  azumarill 184
name (id):  bronzor 436
name (id):  mime-jr 439
name (id):  registeel 379
name (id):  pikachu-sinnoh-cap 10096
name (id):  pikachu-sinnoh-cap 10096
name (id):  pikachu-sinnoh-cap 10096
name (id):  pikachu-sinnoh-cap 10096
name (id):  sunkern 191
name (id):  gible 443
name (id):  garchomp 445
name (id):  gabite 444
name (id):  spiritomb 442
name (id):  pikachu-sinnoh-cap 10096
name (id):  pikachu-sinnoh-cap 10096
name (id):  pikachu-sinnoh-cap 10096
name (id):  pikachu-sinnoh-cap 10096
name (id):  sunflora 192
name (id):  espeon 196
name (id):  munchlax 446
name (id):  garchomp-mega 10058
name (id):  umbreon 197
name (id):  pikachu-sinnoh-cap 10096
name (id):  raichu-alola 10100
name (id):  riolu 447
name (id):  lucario 448
name (id):  yanma 193
name (id):  raichu 26
name (id):  clefairy 35
name (id):  scovillain 952
name (id):  lucario-mega 10059
name (id):  abomasnow-mega 10060
name (id):  snover 459
name (id):  abomasnow 460
name (id):  gligar 207
name (id):  clefable 36
name (id):  steelix-mega 10072
name (id):  zubat 41
name (id):  steelix 208
name (id):  golbat 42
name (id):  psyduck 54
name (id):  capsakid 951
name (id):  dunsparce 206
name (id):  electivire 466
name (id):  weavile 461
name (id):  toedscruel 949
name (id):  magmortar 467
name (id):  leafeon 470
name (id):  heracross 214
name (id):  glaceon 471
name (id):  audino 531
name (id):  heracross-mega 10047
name (id):  shuckle 213
name (id):  golduck 55
name (id):  mamoswine 473
name (id):  froslass 478
name (id):  klawf 950
name (id):  necrozma-dusk 10155
name (id):  necrozma-dawn 10156
name (id):  necrozma 800
name (id):  kadabra 64
name (id):  alakazam 65
name (id):  abra 63
name (id):  sneasel 215
name (id):  audino-mega 10069
name (id):  gurdurr 533
name (id):  timburr 532
name (id):  conkeldurr 534
name (id):  sneasel-hisui 10235
name (id):  alakazam-mega 10037
name (id):  swinub 220
name (id):  piloswine 221
name (id):  necrozma-dusk 10155
name (id):  cottonee 546
name (id):  whimsicott 547
name (id):  basculin-red-striped 550
name (id):  machamp 68
name (id):  machoke 67
name (id):  machop 66
name (id):  necrozma 800
name (id):  basculin-blue-striped 10016
name (id):  corsola 222
name (id):  basculin-white-striped 10247
name (id):  darumaka-galar 10176
name (id):  darmanitan-galar-standard 10177
name (id):  darumaka-galar 10176
name (id):  corsola-galar 10173
name (id):  necrozma-dawn 10156
name (id):  machamp-gmax 10201
name (id):  delibird 225
name (id):  octillery 224
name (id):  remoraid 223
name (id):  darmanitan-galar-standard 10177
name (id):  darmanitan-galar-standard 10177
name (id):  darmanitan-galar-standard 10177
name (id):  helioptile 694
name (id):  tentacool 72
name (id):  tentacruel 73
name (id):  geodude 74
name (id):  tirtouga 564
name (id):  carracosta 565
name (id):  archen 566
name (id):  archeops 567
name (id):  gothita 574
name (id):  magby 240
name (id):  golem 76
name (id):  heliolisk 695
name (id):  skarmory 227
name (id):  elekid 239
name (id):  geodude-alola 10109
name (id):  graveler-alola 10110
name (id):  gothorita 575
name (id):  solosis 577
name (id):  graveler 75
name (id):  duosion 578
name (id):  mantine 226
name (id):  sliggoo 705
name (id):  goomy 704
name (id):  sliggoo-hisui 10241
name (id):  goodra 706
name (id):  gothitelle 576
name (id):  necrozma-ultra 10157
name (id):  golem-alola 10111
name (id):  ponyta-galar 10162
name (id):  ponyta 77
name (id):  rapidash 78
name (id):  vanillite 582
name (id):  vanillish 583
name (id):  larvitar 246
name (id):  goodra-hisui 10242
name (id):  vanilluxe 584
name (id):  reuniclus 579
name (id):  rellor 953
name (id):  tyranitar-mega 10049
name (id):  trevenant 709
name (id):  phantump 708
name (id):  pupitar 247
name (id):  tyranitar 248
name (id):  pumpkaboo-average 710
name (id):  rapidash-galar 10163
name (id):  escavalier 589
name (id):  karrablast 588
name (id):  magneton 82
name (id):  flittle 955
name (id):  galvantula 596
name (id):  joltik 595
name (id):  magnemite 81
name (id):  gastly 92
name (id):  pumpkaboo-small 10027
name (id):  pumpkaboo-super 10029
name (id):  ferroseed 597
name (id):  slakoth 287
name (id):  wingull 278
name (id):  pelipper 279
name (id):  ferrothorn 598
name (id):  necrozma-ultra 10157
name (id):  vigoroth 288
name (id):  litwick 607
name (id):  lampent 608
name (id):  rabsca 954
name (id):  pumpkaboo-large 10028
name (id):  gengar-gmax 10202
name (id):  haunter 93
name (id):  gourgeist-average 711
name (id):  gengar-mega 10038
name (id):  gengar 94
name (id):  chandelure 609
name (id):  cubchoo 613
name (id):  beartic 614
name (id):  bergmite 712
name (id):  cryogonal 615
name (id):  espathra 956
name (id):  slaking 289
name (id):  nosepass 299
name (id):  gourgeist-super 10032
name (id):  gourgeist-large 10031
name (id):  gourgeist-small 10030
name (id):  accelgor 617
name (id):  shelmet 616
name (id):  azurill 298
name (id):  lickitung 108
name (id):  druddigon 621
name (id):  skitty 300
name (id):  golett 622
name (id):  rhyhorn 111
name (id):  rhydon 112
name (id):  avalugg-hisui 10243
name (id):  avalugg 713
name (id):  heatmor 631
name (id):  durant 632
name (id):  golurk 623
name (id):  onix 95
name (id):  aron 304
name (id):  deino 633
name (id):  noivern 715
name (id):  noibat 714
name (id):  delcatty 301
name (id):  lairon 305
name (id):  aggron 306
name (id):  hydreigon 635
name (id):  zweilous 634
name (id):  chansey 113
name (id):  goldeen 118
name (id):  terrakion 639
name (id):  cobalion 638
name (id):  seaking 119
name (id):  vikavolt 738
name (id):  vikavolt-totem 10122
name (id):  grubbin 736
name (id):  charjabug 737
name (id):  marshadow 802
name (id):  tangela 114
name (id):  virizion 640
name (id):  tyrantrum 697
name (id):  tyrunt 696
name (id):  amaura 698
name (id):  aggron-mega 10053
name (id):  wailmer 320
name (id):  wailord 321
name (id):  roselia 315
name (id):  wishiwashi-solo 746
name (id):  mr-mime 122
name (id):  mr-mime-galar 10168
name (id):  sylveon 700
name (id):  ribombee 743
name (id):  ribombee-totem 10150
name (id):  cutiefly 742
name (id):  aurorus 699
name (id):  phantump 708
name (id):  carbink 703
name (id):  electabuzz 125
name (id):  scyther 123
name (id):  camerupt-mega 10087
name (id):  spoink 325
name (id):  numel 322
name (id):  avalugg 713
name (id):  avalugg-hisui 10243
name (id):  bergmite 712
name (id):  wishiwashi-school 10127
name (id):  wiglett 960
name (id):  trevenant 709
name (id):  mareanie 747
name (id):  toxapex 748
name (id):  camerupt 323
name (id):  magmar 126
name (id):  gyarados-mega 10041
name (id):  magikarp 129
name (id):  mudbray 749
name (id):  tinkatink 957
name (id):  noibat 714
name (id):  noivern 715
name (id):  araquanid 752
name (id):  dewpider 751
name (id):  gyarados 130
name (id):  grumpig 326
name (id):  araquanid-totem 10153
name (id):  araquanid 752
name (id):  dewpider 751
name (id):  trapinch 328
name (id):  vibrava 329
name (id):  flygon 330
name (id):  araquanid-totem 10153
name (id):  mimikyu-busted 10143
name (id):  mimikyu-totem-disguised 10144
name (id):  mimikyu-disguised 778
name (id):  eevee-gmax 10205
name (id):  eevee 133
name (id):  mudsdale 750
name (id):  eevee-starter 10159
name (id):  mimikyu-totem-busted 10145
name (id):  vaporeon 134
name (id):  salandit 757
name (id):  salazzle 758
name (id):  skwovet 819
name (id):  greedent 820
name (id):  dhelmise 781
name (id):  swablu 333
name (id):  snorlax 143
name (id):  altaria-mega 10067
name (id):  morelull 755
name (id):  shiinotic 756
name (id):  corviknight 823
name (id):  corvisquire 822
name (id):  corviknight-gmax 10212
name (id):  altaria 334
name (id):  jolteon 135
name (id):  flareon 136
name (id):  tinkaton 959
name (id):  rookidee 821
name (id):  zangoose 335
name (id):  magearna 801
name (id):  porygon 137
name (id):  salazzle-totem 10129
name (id):  tinkatuff 958
name (id):  magearna-original 10147
name (id):  eldegoss 830
name (id):  gossifleur 829
name (id):  bewear 760
name (id):  dubwool 832
name (id):  wooloo 831
name (id):  stufful 759
name (id):  crobat 169
name (id):  solrock 338
name (id):  lunatone 337
name (id):  seviper 336
name (id):  corphish 341
name (id):  snorlax-gmax 10206
name (id):  bounsweet 761
name (id):  boltund 836
name (id):  yamper 835
name (id):  rolycoly 837
name (id):  noctowl 164
name (id):  hoothoot 163
name (id):  carkol 838
name (id):  passimian 766
name (id):  oranguru 765
name (id):  tsareena 763
name (id):  steenee 762
name (id):  centiskorch 851
name (id):  coalossal 839
name (id):  cleffa 173
name (id):  sizzlipede 850
name (id):  coalossal-gmax 10215
name (id):  crawdaunt 342
name (id):  magearna-original 10147
name (id):  caterpie 10
name (id):  butterfree-gmax 10198
name (id):  metapod 11
name (id):  butterfree 12
name (id):  togetic 176
name (id):  magearna 801
name (id):  centiskorch-gmax 10220
name (id):  castform 351
name (id):  golisopod 768
name (id):  wimpod 767
name (id):  pichu 172
name (id):  togepi 175
name (id):  sinistea 854
name (id):  hatenna 856
name (id):  baltoy 343
name (id):  claydol 344
name (id):  polteageist 855
name (id):  raticate-alola 10092
name (id):  rattata-alola 10091
name (id):  raticate-alola 10092
name (id):  rattata-alola 10091
name (id):  type-null 772
name (id):  pyukumuku 771
name (id):  marshadow 802
name (id):  hattrem 857
name (id):  hatterene 858
name (id):  hatterene-gmax 10221
name (id):  impidimp 859
name (id):  azumarill 184
name (id):  marill 183
name (id):  aipom 190
name (id):  sudowoodo 185
name (id):  togedemaru-totem 10154
name (id):  raticate-alola 10092
name (id):  silvally 773
name (id):  castform-rainy 10014
name (id):  grimmsnarl-gmax 10222
name (id):  obstagoon 862
name (id):  grimmsnarl 861
name (id):  fearow 22
name (id):  spearow 21
name (id):  morgrem 860
name (id):  togedemaru 777
name (id):  shuppet 353
name (id):  pikachu-alola-cap 10099
name (id):  wugtrio 961
name (id):  castform-sunny 10013
name (id):  castform-snowy 10015
name (id):  turtonator 776
name (id):  snom 872
name (id):  mr-rime 866
name (id):  frosmoth 873
name (id):  yanma 193
name (id):  pikachu-alola-cap 10099
name (id):  quagsire 195
name (id):  wooper-paldea 10253
name (id):  pikachu-alola-cap 10099
name (id):  pikachu-alola-cap 10099
name (id):  pikachu-alola-cap 10099
name (id):  pincurchin 871
name (id):  mimikyu-totem-disguised 10144
name (id):  mimikyu-totem-busted 10145
name (id):  mimikyu-disguised 778
name (id):  mimikyu-busted 10143
name (id):  wooper 194
name (id):  pikachu-alola-cap 10099
name (id):  pikachu-alola-cap 10099
name (id):  pikachu-alola-cap 10099
name (id):  pikachu-alola-cap 10099
name (id):  absol 359
name (id):  finizen 963
name (id):  eiscue-noice 10185
name (id):  eiscue-ice 875
name (id):  indeedee-male 876
name (id):  stonjourner 874
name (id):  banette-mega 10056
name (id):  bombirdier 962
name (id):  banette 354
name (id):  tropius 357
name (id):  espeon 196
name (id):  pikachu-alola-cap 10099
name (id):  pikachu-alola-cap 10099
name (id):  pikachu-alola-cap 10099
name (id):  indeedee-female 10186
name (id):  pikachu-alola-cap 10099
name (id):  umbreon 197
name (id):  misdreavus 200
name (id):  jangmo-o 782
name (id):  hakamo-o 783
name (id):  dhelmise 781
name (id):  morpeko-hangry 10187
name (id):  morpeko-full-belly 877
name (id):  cufant 878
name (id):  murkrow 198
name (id):  absol-mega 10057
name (id):  poipole 803
name (id):  copperajah-gmax 10224
name (id):  sealeo 364
name (id):  walrein 365
name (id):  spheal 363
name (id):  drampa 780
name (id):  copperajah 879
name (id):  drakloak 886
name (id):  dreepy 885
name (id):  pikachu-alola-cap 10099
name (id):  pikachu-alola-cap 10099
name (id):  pikachu-alola-cap 10099
name (id):  pikachu-alola-cap 10099
name (id):  gligar 207
name (id):  steelix 208
name (id):  kommo-o-totem 10146
name (id):  kommo-o 784
name (id):  dragapult 887
name (id):  regidrago 895
name (id):  raichu-alola 10100
name (id):  unown 201
name (id):  girafarig 203
name (id):  regieleki 894
name (id):  glastrier 896
name (id):  golbat 42
name (id):  zubat 41
name (id):  raichu-alola 10100
name (id):  metagross-mega 10076
name (id):  beldum 374
name (id):  metang 375
name (id):  metagross 376
name (id):  calyrex-ice 10193
name (id):  calyrex 898
name (id):  calyrex-shadow 10194
name (id):  steelix-mega 10072
name (id):  palafin-zero 964
name (id):  spectrier 897
name (id):  scizor-mega 10046
name (id):  dugtrio-alola 10106
name (id):  diglett-alola 10105
name (id):  dugtrio-alola 10106
name (id):  diglett-alola 10105
name (id):  scizor 212
name (id):  heracross 214
name (id):  roserade 407
name (id):  pikachu-sinnoh-cap 10096
name (id):  pikachu-sinnoh-cap 10096
name (id):  pikachu-sinnoh-cap 10096
name (id):  budew 406
name (id):  combee 415
name (id):  vespiquen 416
name (id):  sneasel-hisui 10235
name (id):  heracross-mega 10047
name (id):  meowth-alola 10107
name (id):  meowth-alola 10107
name (id):  meowth-alola 10107
name (id):  meowth-alola 10107
name (id):  pikachu-sinnoh-cap 10096
name (id):  sneasel 215
name (id):  stakataka 805
name (id):  swinub 220
name (id):  pikachu-sinnoh-cap 10096
name (id):  pikachu-sinnoh-cap 10096
name (id):  pikachu-sinnoh-cap 10096
name (id):  pikachu-sinnoh-cap 10096
name (id):  persian-alola 10108
name (id):  naganadel 804
name (id):  drifblim 426
name (id):  drifloon 425
name (id):  golduck 55
name (id):  psyduck 54
name (id):  buizel 418
name (id):  floatzel 419
name (id):  persian-alola 10108
name (id):  piloswine 221
name (id):  pikachu-sinnoh-cap 10096
name (id):  pikachu-sinnoh-cap 10096
name (id):  octillery 224
name (id):  remoraid 223
name (id):  pikachu-sinnoh-cap 10096
name (id):  pikachu-sinnoh-cap 10096
name (id):  mantine 226
name (id):  growlithe-hisui 10229
name (id):  growlithe 58
name (id):  pikachu-sinnoh-cap 10096
name (id):  pikachu-sinnoh-cap 10096
name (id):  pikachu-sinnoh-cap 10096
name (id):  pikachu-sinnoh-cap 10096
name (id):  primeape 57
name (id):  mankey 56
name (id):  palafin-hero 10256
name (id):  lopunny-mega 10088
name (id):  lopunny 428
name (id):  houndoom-mega 10048
name (id):  houndour 228
name (id):  houndoom 229
name (id):  pikachu-sinnoh-cap 10096
name (id):  raichu-alola 10100
name (id):  buneary 427
name (id):  clefairy 35
name (id):  raichu 26
name (id):  bronzor 436
name (id):  porygon2 233
name (id):  arcanine-hisui 10230
name (id):  abra 63
name (id):  kadabra 64
name (id):  arcanine 59
name (id):  blissey 242
name (id):  zubat 41
name (id):  varoom 965
name (id):  magby 240
name (id):  bronzong 437
name (id):  lucario-mega 10059
name (id):  riolu 447
name (id):  lucario 448
name (id):  wurmple 265
name (id):  golbat 42
name (id):  alakazam 65
name (id):  alakazam-mega 10037
name (id):  elekid 239
name (id):  clefable 36
name (id):  caterpie 10
name (id):  metapod 11
name (id):  thwackey 811
name (id):  psyduck 54
name (id):  machop 66
name (id):  machoke 67
name (id):  cyclizar 967
name (id):  grookey 810
name (id):  cascoon 268
name (id):  beautifly 267
name (id):  silcoon 266
name (id):  dustox 269
name (id):  golduck 55
name (id):  machamp 68
name (id):  machamp-gmax 10201
name (id):  alakazam 65
name (id):  abra 63
name (id):  kadabra 64
name (id):  revavroom 966
name (id):  croagunk 453
name (id):  toxicroak 454
name (id):  tentacruel 73
name (id):  tentacool 72
name (id):  pelipper 279
name (id):  skorupi 451
name (id):  drapion 452
name (id):  wingull 278
name (id):  alakazam-mega 10037
name (id):  kirlia 281
name (id):  ralts 280
name (id):  slowbro 80
name (id):  slowbro-mega 10071
name (id):  slowpoke 79
name (id):  machop 66
name (id):  machamp 68
name (id):  machoke 67
name (id):  slowpoke-galar 10164
name (id):  mantyke 458
name (id):  carnivine 455
name (id):  weavile 461
name (id):  magnezone 462
name (id):  gardevoir-mega 10051
name (id):  azurill 298
name (id):  gardevoir 282
name (id):  slowbro-galar 10165
name (id):  machamp-gmax 10201
name (id):  magneton 82
name (id):  magnemite 81
name (id):  tentacool 72
name (id):  tentacruel 73
name (id):  geodude 74
name (id):  nosepass 299
name (id):  grimer-alola 10112
name (id):  electivire 466
name (id):  medicham-mega 10054
name (id):  magmortar 467
name (id):  lickilicky 463
name (id):  grimer-alola 10112
name (id):  medicham 308
name (id):  meditite 307
name (id):  tangrowth 465
name (id):  muk-alola 10113
name (id):  shellder 90
name (id):  muk-alola 10113
name (id):  roselia 315
name (id):  geodude-alola 10109
name (id):  golem 76
name (id):  graveler-alola 10110
name (id):  graveler 75
name (id):  blacephalon 806
name (id):  cloyster 91
name (id):  haunter 93
name (id):  gastly 92
name (id):  gengar 94
name (id):  leafeon 470
name (id):  altaria-mega 10067
name (id):  swablu 333
name (id):  glaceon 471
name (id):  yanmega 469
name (id):  golem-alola 10111
name (id):  altaria 334
name (id):  ponyta-galar 10162
name (id):  ponyta 77
name (id):  rapidash 78
name (id):  barboach 339
name (id):  gliscor 472
name (id):  gengar-mega 10038
name (id):  gengar-gmax 10202
name (id):  zeraora 807
name (id):  rillaboom-gmax 10209
name (id):  drowzee 96
name (id):  hypno 97
name (id):  rillaboom 812
name (id):  whiscash 340
name (id):  glimmet 969
name (id):  gastly 92
name (id):  gengar 94
name (id):  probopass 476
name (id):  feebas 349
name (id):  milotic 350
name (id):  butterfree-gmax 10198
name (id):  butterfree 12
name (id):  glimmora 970
name (id):  rattata-alola 10091
name (id):  rattata-alola 10091
name (id):  mamoswine 473
name (id):  magikarp 129
name (id):  gyarados-mega 10041
name (id):  gyarados 130
name (id):  chansey 113
name (id):  rapidash-galar 10163
name (id):  snivy 495
name (id):  haunter 93
name (id):  victini 494
name (id):  duskull 355
name (id):  scorbunny 813
name (id):  orthworm 968
name (id):  raboot 814
name (id):  raticate-alola 10092
name (id):  gengar-mega 10038
name (id):  greavard 971
name (id):  tropius 357
name (id):  spearow 21
name (id):  raticate-alola 10092
name (id):  raticate-alola 10092
name (id):  gengar-gmax 10202
name (id):  onix 95
name (id):  serperior 497
name (id):  chimecho 358
name (id):  pignite 499
name (id):  dusclops 356
name (id):  snorlax 143
name (id):  snorlax-gmax 10206
name (id):  absol 359
name (id):  chansey 113
name (id):  ledian 166
name (id):  ledyba 165
name (id):  servine 496
name (id):  tepig 498
name (id):  pichu 172
name (id):  crobat 169
name (id):  mr-mime-galar 10168
name (id):  cetitan 975
name (id):  fearow 22
name (id):  mr-mime 122
name (id):  flamigo 973
name (id):  seaking 119
name (id):  cetoddle 974
name (id):  goldeen 118
name (id):  arbok 24
name (id):  ekans 23
name (id):  ariados 168
name (id):  spinarak 167
name (id):  oshawott 501
name (id):  dewott 502
name (id):  samurott 503
name (id):  emboar 500
name (id):  absol-mega 10057
name (id):  pikachu-alola-cap 10099
name (id):  glalie-mega 10074
name (id):  snorunt 361
name (id):  slowking-galar 10172
name (id):  slowking 199
name (id):  gyarados-mega 10041
name (id):  magikarp 129
name (id):  glalie 362
name (id):  pikachu-alola-cap 10099
name (id):  pikachu-alola-cap 10099
name (id):  pikachu-alola-cap 10099
name (id):  pikachu-alola-cap 10099
name (id):  misdreavus 200
name (id):  sudowoodo 185
name (id):  gyarados 130
name (id):  snorlax 143
name (id):  samurott-hisui 10236
name (id):  torterra 389
name (id):  pikachu-alola-cap 10099
name (id):  pikachu-alola-cap 10099
name (id):  pikachu-alola-cap 10099
name (id):  patrat 504
name (id):  lillipup 506
name (id):  watchog 505
name (id):  pikachu-alola-cap 10099
name (id):  turtwig 387
name (id):  delibird 225
name (id):  corsola-galar 10173
name (id):  corsola 222
name (id):  smeargle 235
name (id):  grotle 388
name (id):  snorlax-gmax 10206
name (id):  chimchar 390
name (id):  crobat 169
name (id):  noctowl 164
name (id):  hoothoot 163
name (id):  pikachu-alola-cap 10099
name (id):  pikachu-alola-cap 10099
name (id):  pikachu-alola-cap 10099
name (id):  pikachu-alola-cap 10099
name (id):  blissey 242
name (id):  stoutland 508
name (id):  pelipper 279
name (id):  wingull 278
name (id):  liepard 510
name (id):  makuhita 296
name (id):  herdier 507
name (id):  infernape 392
name (id):  cleffa 173
name (id):  purrloin 509
name (id):  monferno 391
name (id):  piplup 393
name (id):  prinplup 394
name (id):  azumarill 184
name (id):  pikachu-alola-cap 10099
name (id):  pikachu-alola-cap 10099
name (id):  pikachu-alola-cap 10099
name (id):  pikachu-alola-cap 10099
name (id):  marill 183
name (id):  cinderace-gmax 10210
name (id):  sobble 816
name (id):  hariyama 297
name (id):  spinda 327
name (id):  sableye-mega 10066
name (id):  sableye 302
name (id):  pichu 172
name (id):  cinderace 815
name (id):  drizzile 817
name (id):  pansear 513
name (id):  simisear 514
name (id):  simisage 512
name (id):  pansage 511
name (id):  raichu-alola 10100
name (id):  houndstone 972
name (id):  empoleon 395
name (id):  aipom 190
name (id):  raichu-alola 10100
name (id):  zubat 41
name (id):  golbat 42
name (id):  wooper-paldea 10253
name (id):  greedent 820
name (id):  skwovet 819
name (id):  barboach 339
name (id):  whiscash 340
name (id):  wooper 194
name (id):  sudowoodo 185
name (id):  bagon 371
name (id):  luvdisc 370
name (id):  staravia 397
name (id):  starly 396
name (id):  staraptor 398
name (id):  veluza 976
name (id):  dondozo 977
name (id):  tatsugiri-droopy 10258
name (id):  unown 201
name (id):  murkrow 198
name (id):  dugtrio-alola 10106
name (id):  diglett-alola 10105
name (id):  diglett-alola 10105
name (id):  dugtrio-alola 10106
name (id):  salamence 373
name (id):  salamence-mega 10089
name (id):  shelgon 372
name (id):  quagsire 195
name (id):  tatsugiri-curly 978
name (id):  misdreavus 200
name (id):  bidoof 399
name (id):  kricketune 402
name (id):  kricketot 401
name (id):  panpour 515
name (id):  simipour 516
name (id):  drifloon 425
name (id):  musharna 518
name (id):  munna 517
name (id):  bibarel 400
name (id):  tatsugiri-stretchy 10259
name (id):  steelix 208
name (id):  drifblim 426
name (id):  happiny 440
name (id):  meowth-alola 10107
name (id):  meowth-alola 10107
name (id):  meowth-alola 10107
name (id):  meowth-alola 10107
name (id):  clodsire 980
name (id):  bonsly 438
name (id):  mismagius 429
name (id):  steelix-mega 10072
name (id):  girafarig 203
name (id):  heracross 214
name (id):  farigiraf 981
name (id):  annihilape 979
name (id):  budew 406
name (id):  luxio 404
name (id):  luxray 405
name (id):  shinx 403
name (id):  pidove 519
name (id):  unfezant 521
name (id):  tranquill 520
name (id):  persian-alola 10108
name (id):  heracross-mega 10047
name (id):  psyduck 54
name (id):  golduck 55
name (id):  magnezone 462
name (id):  munchlax 446
name (id):  persian-alola 10108
name (id):  sneasel-hisui 10235
name (id):  remoraid 223
name (id):  sneasel 215
name (id):  kingambit 983
name (id):  lumineon 457
name (id):  finneon 456
name (id):  blitzle 522
name (id):  roserade 407
name (id):  rampardos 409
name (id):  cranidos 408
name (id):  dudunsparce-two-segment 982
name (id):  dudunsparce-three-segment 10255
name (id):  cottonee 546
name (id):  boldore 525
name (id):  gigalith 526
name (id):  roggenrola 524
name (id):  great-tusk 984
name (id):  octillery 224
name (id):  shieldon 410
name (id):  zebstrika 523
name (id):  wurmple 265
name (id):  growlithe-hisui 10229
name (id):  growlithe 58
name (id):  mankey 56
name (id):  primeape 57
name (id):  mantine 226
name (id):  gigalith 526
name (id):  roggenrola 524
name (id):  blissey 242
name (id):  boldore 525
name (id):  inteleon-gmax 10211
name (id):  bastiodon 411
name (id):  inteleon 818
name (id):  whimsicott 547
name (id):  petilil 548
name (id):  lilligant 549
name (id):  lilligant-hisui 10237
name (id):  beautifly 267
name (id):  dustox 269
name (id):  burmy 412
name (id):  wormadam-plant 413
name (id):  wormadam-sandy 10004
name (id):  flutter-mane 987
name (id):  corviknight 823
name (id):  corviknight-gmax 10212
name (id):  corvisquire 822
name (id):  rookidee 821
name (id):  brute-bonnet 986
name (id):  scream-tail 985
name (id):  arcanine-hisui 10230
name (id):  arcanine 59
name (id):  slither-wing 988
name (id):  silcoon 266
name (id):  cascoon 268
name (id):  swoobat 528
name (id):  drilbur 529
name (id):  abra 63
name (id):  kadabra 64
name (id):  rufflet 627
name (id):  braviary 628
name (id):  braviary-hisui 10240
name (id):  woobat 527
name (id):  vullaby 629
name (id):  wormadam-trash 10005
name (id):  azurill 298
   Generating static pages (8488/11318) 
name (id):  combee 415
name (id):  alakazam 65
name (id):  alakazam-mega 10037
name (id):  dottler 825
name (id):  blipbug 824
name (id):  orbeetle 826
name (id):  orbeetle-gmax 10213
name (id):  pelipper 279
name (id):  wingull 278
name (id):  meditite 307
name (id):  excadrill 530
name (id):  vespiquen 416
name (id):  mothim 414
name (id):  mandibuzz 630
name (id):  machoke 67
name (id):  machop 66
name (id):  dartrix 723
name (id):  rowlet 722
name (id):  carbink 703
name (id):  sandy-shocks 989
name (id):  iron-bundle 991
name (id):  iron-treads 990
name (id):  iron-hands 992
name (id):  gurdurr 533
name (id):  timburr 532
name (id):  cherubi 420
name (id):  medicham-mega 10054
name (id):  decidueye-hisui 10244
name (id):  decidueye 724
name (id):  medicham 308
name (id):  pachirisu 417
name (id):  buizel 418
name (id):  floatzel 419
name (id):  machamp-gmax 10201
name (id):  machamp 68
name (id):  audino-mega 10069
name (id):  gossifleur 829
name (id):  eldegoss 830
name (id):  barboach 339
name (id):  torracat 726
name (id):  litten 725
name (id):  tentacruel 73
name (id):  tentacool 72
name (id):  audino 531
name (id):  roselia 315
name (id):  iron-jugulis 993
name (id):  iron-moth 994
name (id):  iron-thorns 995
name (id):  incineroar 727
name (id):  conkeldurr 534
name (id):  cherrim 421
name (id):  brionne 729
name (id):  primarina 730
name (id):  popplio 728
name (id):  frigibax 996
name (id):  ambipom 424
name (id):  slowpoke-galar 10164
name (id):  slowpoke 79
name (id):  slowbro-mega 10071
name (id):  slowbro 80
name (id):  feebas 349
name (id):  whiscash 340
name (id):  palpitoad 536
name (id):  seismitoad 537
name (id):  tympole 535
name (id):  milotic 350
name (id):  gastrodon 423
name (id):  shellos 422
name (id):  chimecho 358
name (id):  yungoos 734
name (id):  toucannon 733
name (id):  trumbeak 732
name (id):  pikipek 731
name (id):  slowbro-galar 10165
name (id):  arctibax 997
name (id):  magnemite 81
name (id):  magneton 82
name (id):  grotle 388
name (id):  turtwig 387
name (id):  gimmighoul-roaming 10263
name (id):  chimchar 390
name (id):  seel 86
name (id):  drifblim 426
name (id):  sewaddle 540
name (id):  baxcalibur 998
name (id):  gholdengo 1000
name (id):  buneary 427
name (id):  drifloon 425
name (id):  gumshoos 735
name (id):  gumshoos-totem 10121
name (id):  swadloon 541
name (id):  torterra 389
name (id):  throh 538
name (id):  sawk 539
name (id):  lopunny 428
name (id):  dewgong 87
name (id):  grimer-alola 10112
name (id):  muk-alola 10113
name (id):  grimer-alola 10112
name (id):  charjabug 737
name (id):  grubbin 736
name (id):  nickit 827
name (id):  prinplup 394
name (id):  chien-pao 1002
name (id):  ting-lu 1003
name (id):  vikavolt 738
name (id):  monferno 391
name (id):  infernape 392
name (id):  chi-yu 1004
name (id):  wo-chien 1001
name (id):  piplup 393
name (id):  vikavolt-totem 10122
name (id):  thievul 828
name (id):  mismagius 429
name (id):  lopunny-mega 10088
name (id):  crabominable 740
name (id):  crabrawler 739
name (id):  whirlipede 544
name (id):  venipede 543
name (id):  glameow 431
name (id):  chewtle 833
name (id):  drednaw 834
name (id):  wooloo 831
name (id):  dubwool 832
name (id):  honchkrow 430
name (id):  leavanny 542
name (id):  scolipede 545
name (id):  muk-alola 10113
name (id):  oricorio-pau 10124
name (id):  oricorio-sensu 10125
name (id):  oricorio-pom-pom 10123
name (id):  oricorio-baile 741
name (id):  cloyster 91
name (id):  shellder 90
name (id):  empoleon 395
name (id):  gastly 92
name (id):  staraptor 398
name (id):  staravia 397
name (id):  chingling 433
name (id):  starly 396
name (id):  koraidon-sprinting-build 10265
name (id):  skuntank 435
name (id):  drednaw-gmax 10214
name (id):  whimsicott 547
name (id):  gengar 94
name (id):  gengar-mega 10038
name (id):  gengar-gmax 10202
name (id):  haunter 93
name (id):  iron-valiant 1006
name (id):  rolycoly 837
name (id):  yamper 835
name (id):  boltund 836
name (id):  ribombee 743
name (id):  ribombee-totem 10150
name (id):  cutiefly 742
name (id):  koraidon-limited-build 10264
name (id):  rockruff 744
name (id):  stunky 434
name (id):  cottonee 546
name (id):  kricketot 401
name (id):  purugly 432
name (id):  bibarel 400
name (id):  bidoof 399
name (id):  lilligant 549
name (id):  petilil 548
name (id):  kricketune 402
name (id):  carkol 838
name (id):  roaring-moon 1005
name (id):  coalossal-gmax 10215
name (id):  coalossal 839
name (id):  rockruff-own-tempo 10151
name (id):  bronzor 436
name (id):  bonsly 438
name (id):  lycanroc-midnight 10126
name (id):  lycanroc-dusk 10152
name (id):  lycanroc-midday 745
name (id):  mime-jr 439
name (id):  chansey 113
name (id):  hypno 97
name (id):  drowzee 96
name (id):  mr-mime 122
name (id):  lilligant-hisui 10237
name (id):  applin 840
name (id):  bronzong 437
name (id):  basculin-white-striped 10247
name (id):  basculin-blue-striped 10016
name (id):  budew 406
name (id):  luxray 405
name (id):  luxio 404
name (id):  shinx 403
name (id):  koraidon-gliding-build 10267
name (id):  wishiwashi-solo 746
name (id):  wishiwashi-school 10127
name (id):  toxapex 748
name (id):  mareanie 747
name (id):  flapple-gmax 10216
name (id):  appletun-gmax 10217
name (id):  flapple 841
name (id):  appletun 842
name (id):  basculin-red-striped 550
name (id):  koraidon-swimming-build 10266
name (id):  miraidon-low-power-mode 10268
name (id):  mr-mime-galar 10168
name (id):  happiny 440
name (id):  chatot 441
name (id):  magikarp 129
name (id):  gyarados 130
name (id):  jynx 124
name (id):  miraidon-drive-mode 10269
name (id):  gible 443
name (id):  tapu-koko 785
name (id):  krokorok 552
name (id):  spiritomb 442
name (id):  krookodile 553
name (id):  cranidos 408
name (id):  rampardos 409
name (id):  shieldon 410
name (id):  cramorant 845
name (id):  silicobra 843
name (id):  sandaconda-gmax 10218
name (id):  sandaconda 844
name (id):  darumaka 554
name (id):  roserade 407
name (id):  gyarados-mega 10041
name (id):  sandile 551
name (id):  miraidon-aquatic-mode 10270
name (id):  miraidon-glide-mode 10271
name (id):  garchomp-mega 10058
name (id):  garchomp 445
name (id):  gabite 444
name (id):  snorlax-gmax 10206
name (id):  snorlax 143
name (id):  ledyba 165
name (id):  bastiodon 411
name (id):  cramorant-gulping 10182
name (id):  cramorant-gorging 10183
name (id):  munchlax 446
name (id):  darumaka-galar 10176
name (id):  burmy 412
name (id):  darmanitan-galar-standard 10177
name (id):  darmanitan-zen 10017
name (id):  wormadam-sandy 10004
name (id):  wormadam-plant 413
name (id):  darmanitan-standard 555
name (id):  caterpie 10
name (id):  arrokuda 846
name (id):  barraskewda 847
name (id):  crobat 169
name (id):  ledian 166
name (id):  metapod 11
name (id):  butterfree 12
name (id):  lucario-mega 10059
name (id):  ariados 168
name (id):  spinarak 167
name (id):  lucario 448
name (id):  butterfree-gmax 10198
name (id):  hippopotas 449
name (id):  rattata-alola 10091
name (id):  rattata-alola 10091
name (id):  darmanitan-galar-zen 10178
name (id):  wormadam-trash 10005
name (id):  raticate-alola 10092
name (id):  maractus 556
name (id):  riolu 447
name (id):  mothim 414
name (id):  toxel 848
name (id):  toxtricity-low-key 10184
name (id):  crustle 558
name (id):  dwebble 557
name (id):  combee 415
name (id):  vespiquen 416
name (id):  pichu 172
name (id):  slowking 199
name (id):  raticate-alola 10092
name (id):  toxtricity-amped-gmax 10219
name (id):  raticate-alola 10092
name (id):  arbok 24
name (id):  sudowoodo 185
name (id):  murkrow 198
name (id):  toxtricity-amped 849
name (id):  ekans 23
name (id):  skorupi 451
name (id):  pachirisu 417
name (id):  drapion 452
name (id):  yamask 562
name (id):  hippowdon 450
name (id):  jigglypuff 39
name (id):  wigglytuff 40
name (id):  pikachu 25
name (id):  cherubi 420
name (id):  buizel 418
name (id):  floatzel 419
name (id):  pikachu-pop-star 10082
name (id):  pikachu-rock-star 10080
name (id):  pikachu-belle 10081
name (id):  sigilyph 561
name (id):  scrafty 560
name (id):  scraggy 559
name (id):  croagunk 453
name (id):  slowking-galar 10172
name (id):  centiskorch 851
name (id):  centiskorch-gmax 10220
name (id):  sizzlipede 850
name (id):  zubat 41
name (id):  toxtricity-low-key-gmax 10228
name (id):  corsola 222
name (id):  corsola-galar 10173
name (id):  dunsparce 206
name (id):  golbat 42
name (id):  pikachu-libre 10084
name (id):  pikachu-original-cap 10094
name (id):  pikachu-cosplay 10085
name (id):  parasect 47
name (id):  paras 46
name (id):  pikachu-phd 10083
name (id):  cherrim 421
name (id):  carnivine 455
name (id):  lumineon 457
name (id):  finneon 456
name (id):  ambipom 424
name (id):  gastrodon 423
name (id):  shellos 422
name (id):  toxicroak 454
name (id):  pikachu-unova-cap 10097
name (id):  yamask-galar 10179
name (id):  diglett-alola 10105
name (id):  delibird 225
name (id):  remoraid 223
name (id):  octillery 224
name (id):  mantine 226
name (id):  carracosta 565
name (id):  pikachu-hoenn-cap 10095
name (id):  pikachu-sinnoh-cap 10096
name (id):  tirtouga 564
name (id):  cofagrigus 563
name (id):  dugtrio-alola 10106
name (id):  clobbopus 852
name (id):  grapploct 853
name (id):  pikachu-kalos-cap 10098
name (id):  sinistea 854
name (id):  polteageist 855
name (id):  diglett-alola 10105
name (id):  dugtrio-alola 10106
name (id):  psyduck 54
name (id):  pikachu-partner-cap 10148
name (id):  golduck 55
name (id):  lopunny 428
name (id):  buneary 427
name (id):  abomasnow-mega 10060
name (id):  drifblim 426
name (id):  drifloon 425
name (id):  pikachu-starter 10158
name (id):  pikachu-alola-cap 10099
name (id):  mantyke 458
name (id):  abomasnow 460
name (id):  pikachu-world-cap 10160
name (id):  archeops 567
name (id):  hatterene-gmax 10221
name (id):  hattrem 857
name (id):  hatterene 858
name (id):  hatenna 856
name (id):  poliwhirl 61
name (id):  poliwag 60
name (id):  blissey 242
name (id):  archen 566
name (id):  smoochum 238
name (id):  snover 459
name (id):  wingull 278
name (id):  smeargle 235
name (id):  raichu-alola 10100
name (id):  pikachu-gmax 10199
name (id):  tentacool 72
name (id):  garbodor 569
name (id):  trubbish 568
name (id):  tentacruel 73
name (id):  raichu 26
name (id):  sandshrew 27
name (id):  gastly 92
name (id):  lopunny-mega 10088
name (id):  honchkrow 430
name (id):  mismagius 429
name (id):  lickilicky 463
name (id):  impidimp 859
name (id):  grimmsnarl-gmax 10222
name (id):  morgrem 860
name (id):  grimmsnarl 861
name (id):  pelipper 279
name (id):  magnezone 462
name (id):  glameow 431
name (id):  poliwrath 62
name (id):  makuhita 296
name (id):  hariyama 297
name (id):  garbodor-gmax 10207
name (id):  sandshrew-alola 10101
name (id):  sandslash-alola 10102
name (id):  sandslash 28
name (id):  sableye 302
name (id):  rhyperior 464
name (id):  haunter 93
name (id):  weavile 461
name (id):  zoroark 571
name (id):  zorua-hisui 10238
name (id):  gengar 94
name (id):  clefairy 35
name (id):  gengar-mega 10038
name (id):  purugly 432
name (id):  zorua 570
name (id):  gengar-gmax 10202
name (id):  stunky 434
name (id):  chingling 433
name (id):  skuntank 435
name (id):  clefable 36
name (id):  obstagoon 862
name (id):  sableye-mega 10066
name (id):  vulpix-alola 10103
name (id):  ninetales 38
name (id):  vulpix 37
name (id):  marowak-alola 10115
name (id):  mawile-mega 10052
name (id):  mawile 303
name (id):  spinda 327
name (id):  electivire 466
name (id):  cubone 104
name (id):  marowak-alola 10115
name (id):  marowak-alola 10115
name (id):  cursola 864
name (id):  perrserker 863
name (id):  zoroark-hisui 10239
name (id):  togekiss 468
name (id):  magmortar 467
name (id):  tangrowth 465
name (id):  gothita 574
name (id):  minccino 572
name (id):  ninetales-alola 10104
name (id):  mankey 56
name (id):  primeape 57
name (id):  bronzor 436
name (id):  chansey 113
name (id):  growlithe 58
name (id):  cinccino 573
name (id):  bonsly 438
name (id):  bronzong 437
name (id):  mime-jr 439
name (id):  goldeen 118
name (id):  whiscash 340
name (id):  barboach 339
name (id):  huntail 367
name (id):  clamperl 366
name (id):  kangaskhan-mega 10039
name (id):  kangaskhan 115
name (id):  growlithe-hisui 10229
name (id):  arcanine 59
name (id):  arcanine-hisui 10230
name (id):  poliwag 60
name (id):  solosis 577
name (id):  seaking 119
name (id):  gothorita 575
name (id):  duosion 578
name (id):  gothitelle 576
name (id):  spiritomb 442
name (id):  gible 443
name (id):  magmar 126
name (id):  starmie 121
name (id):  staryu 120
name (id):  gorebyss 368
name (id):  luvdisc 370
name (id):  shelgon 372
name (id):  bagon 371
name (id):  poliwrath 62
name (id):  gliscor 472
name (id):  happiny 440
name (id):  chatot 441
name (id):  bellsprout 69
name (id):  weepinbell 70
name (id):  poliwhirl 61
name (id):  glaceon 471
name (id):  yanmega 469
name (id):  leafeon 470
name (id):  tauros-paldea-combat-breed 10250
name (id):  tauros 128
name (id):  pinsir 127
name (id):  pinsir-mega 10040
name (id):  victreebel 71
name (id):  geodude-alola 10109
name (id):  geodude 74
name (id):  vanillite 582
name (id):  sirfetchd 865
name (id):  reuniclus 579
name (id):  garchomp-mega 10058
name (id):  ducklett 580
name (id):  graveler 75
name (id):  garchomp 445
name (id):  salamence 373
name (id):  salamence-mega 10089
name (id):  swanna 581
name (id):  gyarados 130
name (id):  drifblim 426
name (id):  drifloon 425
name (id):  gabite 444
name (id):  munchlax 446
name (id):  gallade-mega 10068
name (id):  graveler-alola 10110
name (id):  mr-rime 866
name (id):  mamoswine 473
name (id):  gallade 475
name (id):  golem-alola 10111
name (id):  magikarp 129
name (id):  golem 76
name (id):  gastly 92
name (id):  runerigus 867
name (id):  tauros-paldea-aqua-breed 10252
name (id):  tauros-paldea-blaze-breed 10251
name (id):  porygon-z 474
name (id):  falinks 870
name (id):  lucario-mega 10059
name (id):  riolu 447
name (id):  hippopotas 449
name (id):  gyarados-mega 10041
name (id):  milcery 868
name (id):  sawsbuck 586
name (id):  deerling 585
name (id):  gengar 94
name (id):  honchkrow 430
name (id):  gengar-gmax 10202
name (id):  haunter 93
name (id):  lucario 448
name (id):  gengar-mega 10038
name (id):  lopunny 428
name (id):  buneary 427
name (id):  lopunny-mega 10088
name (id):  eevee-gmax 10205
name (id):  vanillish 583
name (id):  eevee 133
name (id):  eevee-starter 10159
name (id):  snom 872
name (id):  frosmoth 873
name (id):  stonjourner 874
name (id):  pincurchin 871
name (id):  probopass 476
name (id):  vanilluxe 584
name (id):  froslass 478
name (id):  dusknoir 477
name (id):  crobat 169
name (id):  rotom 479
name (id):  magikarp 129
name (id):  weezing 110
name (id):  hippowdon 450
name (id):  weezing-galar 10167
name (id):  flareon 136
name (id):  vaporeon 134
name (id):  koffing 109
name (id):  croagunk 453
name (id):  happiny 440
name (id):  mime-jr 439
name (id):  bonsly 438
name (id):  munchlax 446
name (id):  drapion 452
name (id):  escavalier 589
name (id):  eiscue-ice 875
name (id):  eiscue-noice 10185
name (id):  indeedee-male 876
name (id):  indeedee-female 10186
name (id):  skorupi 451
name (id):  jolteon 135
name (id):  karrablast 588
name (id):  foongus 590
name (id):  emolga 587
name (id):  sudowoodo 185
name (id):  gyarados 130
name (id):  snorlax 143
name (id):  snorlax-gmax 10206
name (id):  rotom-fan 10011
name (id):  rotom-frost 10010
name (id):  igglybuff 174
name (id):  rotom-heat 10008
name (id):  gyarados-mega 10041
name (id):  chinchou 170
name (id):  lanturn 171
name (id):  rotom-wash 10009
name (id):  finneon 456
name (id):  amoonguss 591
name (id):  cufant 878
name (id):  copperajah 879
name (id):  furret 162
name (id):  sentret 161
name (id):  morpeko-hangry 10187
name (id):  morpeko-full-belly 877
name (id):  mantyke 458
name (id):  lumineon 457
name (id):  toxicroak 454
name (id):  magnezone 462
name (id):  noctowl 164
name (id):  hoothoot 163
name (id):  corsola 222
name (id):  finneon 456
name (id):  lumineon 457
name (id):  alomomola 594
name (id):  frillish 592
name (id):  jellicent 593
name (id):  rotom-mow 10012
name (id):  carnivine 455
name (id):  espeon 196
name (id):  umbreon 197
name (id):  uxie 480
name (id):  politoed 186
name (id):  pichu 172
name (id):  cleffa 173
name (id):  mesprit 481
name (id):  azelf 482
name (id):  ariados 168
name (id):  spinarak 167
name (id):  abomasnow-mega 10060
name (id):  abomasnow 460
name (id):  gigalith 526
name (id):  boldore 525
name (id):  roggenrola 524
name (id):  cottonee 546
name (id):  snover 459
name (id):  mantyke 458
name (id):  corsola-galar 10173
name (id):  copperajah-gmax 10224
name (id):  blissey 242
name (id):  politoed 186
name (id):  sudowoodo 185
name (id):  yanma 193
name (id):  aipom 190
name (id):  magby 240
name (id):  dialga 483
name (id):  joltik 595
name (id):  galvantula 596
name (id):  ferroseed 597
name (id):  ferrothorn 598
name (id):  miltank 241
name (id):  dialga-origin 10245
name (id):  mesprit 481
name (id):  whimsicott 547
name (id):  wingull 278
name (id):  palkia-origin 10246
name (id):  palkia 484
name (id):  pelipper 279
name (id):  wooper-paldea 10253
name (id):  quagsire 195
name (id):  lilligant-hisui 10237
name (id):  lilligant 549
name (id):  petilil 548
name (id):  weavile 461
name (id):  dunsparce 206
name (id):  azelf 482
name (id):  wooper-paldea 10253
name (id):  masquerain 284
name (id):  surskit 283
name (id):  uxie 480
name (id):  bulbasaur 1
name (id):  zorua-hisui 10238
name (id):  zoroark-hisui 10239
name (id):  zorua 570
name (id):  zoroark 571
name (id):  manaphy 490
name (id):  tynamo 602
name (id):  whiscash 340
name (id):  barboach 339
name (id):  klang 600
name (id):  giratina-origin 10007
name (id):  gligar 207
name (id):  heracross 214
name (id):  heracross-mega 10047
name (id):  giratina-altered 487
name (id):  palkia-origin 10246
name (id):  feebas 349
name (id):  nosepass 299
name (id):  klink 599
name (id):  klinklang 601
name (id):  sneasel 215
name (id):  palkia 484
name (id):  dialga-origin 10245
name (id):  dialga 483
name (id):  rufflet 627
name (id):  braviary-hisui 10240
name (id):  braviary 628
name (id):  vullaby 629
name (id):  venusaur-gmax 10195
name (id):  sneasel-hisui 10235
name (id):  venusaur 3
name (id):  milotic 350
name (id):  magcargo 219
name (id):  ivysaur 2
name (id):  castform 351
name (id):  castform-sunny 10013
name (id):  castform-rainy 10014
name (id):  slugma 218
name (id):  beheeyem 606
name (id):  pikachu-rock-star 10080
name (id):  venusaur-mega 10033
name (id):  pikachu-belle 10081
name (id):  swinub 220
name (id):  pikachu 25
name (id):  eelektrik 603
name (id):  mandibuzz 630
name (id):  arctozolt 881
name (id):  elgyem 605
name (id):  manaphy 490
name (id):  flabebe 669
name (id):  florges 671
name (id):  dracozolt 880
name (id):  eelektross 604
name (id):  luvdisc 370
name (id):  furfrou 676
name (id):  houndoom 229
name (id):  houndour 228
name (id):  castform-snowy 10015
name (id):  houndoom-mega 10048
name (id):  piloswine 221
name (id):  charizard 6
name (id):  pikachu-phd 10083
name (id):  cranidos 408
name (id):  rampardos 409
name (id):  charizard-mega-x 10034
name (id):  charmeleon 5
name (id):  pikachu-cosplay 10085
name (id):  pikachu-pop-star 10082
name (id):  pikachu-libre 10084
name (id):  charmander 4
name (id):  lampent 608
name (id):  litwick 607
name (id):  carbink 703
name (id):  hawlucha 701
name (id):  inkay 686
name (id):  malamar 687
name (id):  bonsly 438
name (id):  mightyena 262
name (id):  lotad 270
name (id):  axew 610
name (id):  happiny 440
name (id):  poochyena 261
name (id):  pikachu-hoenn-cap 10095
name (id):  pikachu-sinnoh-cap 10096
name (id):  pikachu-original-cap 10094
name (id):  pikachu-unova-cap 10097
name (id):  chandelure 609
name (id):  stantler 234
name (id):  shieldon 410
name (id):  bastiodon 411
name (id):  charizard-mega-y 10035
name (id):  charizard-gmax 10196
name (id):  dracovish 882
name (id):  squirtle 7
name (id):  wartortle 8
name (id):  noivern 715
name (id):  noibat 714
name (id):  rowlet 722
name (id):  dartrix 723
name (id):  lombre 271
name (id):  finneon 456
name (id):  fraxure 611
name (id):  lumineon 457
name (id):  pikachu-alola-cap 10099
name (id):  ludicolo 272
name (id):  pikachu-partner-cap 10148
name (id):  pikachu-starter 10158
name (id):  seedot 273
name (id):  nuzleaf 274
name (id):  dreepy 885
name (id):  pikachu-kalos-cap 10098
name (id):  haxorus 612
name (id):  leafeon 470
name (id):  magmortar 467
name (id):  beartic 614
name (id):  blastoise-gmax 10197
name (id):  duraludon-gmax 10225
name (id):  decidueye-hisui 10244
name (id):  blastoise 9
name (id):  decidueye 724
name (id):  duraludon 884
name (id):  cubchoo 613
name (id):  pikachu-gmax 10199
name (id):  ralts 280
name (id):  blastoise-mega 10036
name (id):  pikachu-world-cap 10160
name (id):  raichu 26
name (id):  glaceon 471
name (id):  probopass 476
name (id):  gardevoir 282
name (id):  kirlia 281
name (id):  litten 725
name (id):  torracat 726
name (id):  arctovish 883
name (id):  caterpie 10
name (id):  shiftry 275
name (id):  raichu-alola 10100
name (id):  herdier 507
name (id):  lillipup 506
name (id):  accelgor 617
name (id):  shelmet 616
name (id):  dragapult 887
name (id):  drakloak 886
name (id):  weedle 13
name (id):  surskit 283
name (id):  clefairy 35
name (id):  butterfree-gmax 10198
name (id):  metapod 11
name (id):  gardevoir-mega 10051
name (id):  masquerain 284
name (id):  clefable 36
name (id):  incineroar 727
name (id):  butterfree 12
name (id):  cryogonal 615
name (id):  vulpix 37
name (id):  vulpix-alola 10103
name (id):  nosepass 299
name (id):  stoutland 508
name (id):  archen 566
name (id):  tirtouga 564
name (id):  carracosta 565
name (id):  brionne 729
name (id):  popplio 728
name (id):  primarina 730
name (id):  stunfisk 618
name (id):  grumpig 326
name (id):  spoink 325
name (id):  illumise 314
name (id):  volbeat 313
name (id):  beedrill-mega 10090
name (id):  zubat 41
name (id):  ninetales-alola 10104
name (id):  golbat 42
name (id):  beedrill 15
name (id):  stunfisk-galar 10180
name (id):  mienfoo 619
name (id):  mienshao 620
name (id):  pikipek 731
name (id):  trumbeak 732
name (id):  toucannon 733
name (id):  yungoos 734
name (id):  druddigon 621
name (id):  kakuna 14
name (id):  ninetales 38
name (id):  pidgey 16
name (id):  barboach 339
name (id):  archeops 567
name (id):  whiscash 340
name (id):  corphish 341
name (id):  crawdaunt 342
name (id):  alomomola 594
name (id):  fletchling 661
name (id):  fletchinder 662
name (id):  psyduck 54
name (id):  golduck 55
name (id):  parasect 47
name (id):  paras 46
name (id):  pidgeot-mega 10073
name (id):  gumshoos 735
name (id):  gumshoos-totem 10121
name (id):  pidgeot 18
name (id):  pidgeotto 17
name (id):  feebas 349
name (id):  milotic 350
name (id):  duskull 355
name (id):  bisharp 625
name (id):  talonflame 663
name (id):  sylveon 700
name (id):  charjabug 737
name (id):  grubbin 736
name (id):  dusclops 356
name (id):  pawniard 624
name (id):  rattata 19
name (id):  arcanine-hisui 10230
name (id):  growlithe-hisui 10229
name (id):  golett 622
name (id):  golurk 623
name (id):  goomy 704
name (id):  sliggoo 705
name (id):  chimecho 358
name (id):  glalie-mega 10074
name (id):  glalie 362
name (id):  snorunt 361
name (id):  vikavolt-totem 10122
name (id):  vikavolt 738
name (id):  rattata-alola 10091
name (id):  raticate-alola 10092
name (id):  raticate-totem-alola 10093
name (id):  sliggoo-hisui 10241
name (id):  crabominable 740
name (id):  crabrawler 739
name (id):  goodra 706
name (id):  goodra-hisui 10242
name (id):  raticate 20
name (id):  staraptor 398
name (id):  staravia 397
name (id):  starly 396
name (id):  rufflet 627
name (id):  braviary-hisui 10240
name (id):  braviary 628
name (id):  kricketot 401
name (id):  phantump 708
name (id):  pikipek 731
name (id):  oricorio-pau 10124
name (id):  oricorio-baile 741
name (id):  oricorio-pom-pom 10123
name (id):  oricorio-sensu 10125
name (id):  ekans 23
name (id):  fearow 22
name (id):  trumbeak 732
name (id):  bouffalant 626
name (id):  toucannon 733
name (id):  kricketune 402
name (id):  shinx 403
name (id):  luxray 405
name (id):  luxio 404
name (id):  arbok 24
name (id):  trevenant 709
name (id):  spearow 21
name (id):  gumshoos 735
name (id):  mandibuzz 630
name (id):  gumshoos-totem 10121
name (id):  growlithe-hisui 10229
name (id):  grubbin 736
name (id):  ribombee-totem 10150
name (id):  ribombee 743
name (id):  cutiefly 742
name (id):  rockruff 744
name (id):  chingling 433
name (id):  arcanine-hisui 10230
name (id):  vullaby 629
name (id):  pachirisu 417
name (id):  yungoos 734
name (id):  bronzor 436
name (id):  ambipom 424
name (id):  heatmor 631
name (id):  durant 632
name (id):  pikachu-belle 10081
name (id):  pikachu-pop-star 10082
name (id):  pikachu 25
name (id):  alakazam-mega 10037
name (id):  kadabra 64
name (id):  charjabug 737
name (id):  pikachu-rock-star 10080
name (id):  vikavolt 738
name (id):  alakazam 65
name (id):  crabrawler 739
name (id):  abra 63
name (id):  bronzong 437
name (id):  rockruff-own-tempo 10151
name (id):  vikavolt-totem 10122
name (id):  gible 443
name (id):  bonsly 438
name (id):  gabite 444
name (id):  pikachu-cosplay 10085
name (id):  pikachu-phd 10083
name (id):  pikachu-libre 10084
name (id):  pikachu-original-cap 10094
name (id):  lycanroc-dusk 10152
name (id):  lycanroc-midnight 10126
name (id):  lycanroc-midday 745
name (id):  zweilous 634
name (id):  crabominable 740
name (id):  machoke 67
name (id):  machop 66
name (id):  oricorio-baile 741
name (id):  oricorio-pom-pom 10123
name (id):  deino 633
name (id):  hydreigon 635
name (id):  machamp-gmax 10201
name (id):  garchomp-mega 10058
name (id):  machamp 68
name (id):  garchomp 445
name (id):  oricorio-pau 10124
name (id):  larvesta 636
name (id):  munchlax 446
name (id):  pikachu-unova-cap 10097
name (id):  pikachu-sinnoh-cap 10096
name (id):  pikachu-kalos-cap 10098
name (id):  riolu 447
name (id):  oricorio-sensu 10125
name (id):  pikachu-hoenn-cap 10095
name (id):  wishiwashi-school 10127
name (id):  mareanie 747
name (id):  toxapex 748
name (id):  wishiwashi-school 10127
name (id):  wishiwashi-solo 746
name (id):  geodude-alola 10109
name (id):  mareanie 747
name (id):  tentacool 72
name (id):  tentacruel 73
name (id):  wishiwashi-solo 746
name (id):  lucario-mega 10059
name (id):  yanmega 469
name (id):  geodude 74
name (id):  zacian 888
name (id):  weavile 461
name (id):  pikachu-world-cap 10160
name (id):  zacian-crowned 10188
name (id):  lucario 448
name (id):  volcarona 637
name (id):  pikachu-starter 10158
name (id):  pikachu-partner-cap 10148
name (id):  pikachu-alola-cap 10099
name (id):  toxapex 748
name (id):  virizion 640
name (id):  mudbray 749
name (id):  mudsdale 750
name (id):  dewpider 751
name (id):  terrakion 639
name (id):  graveler-alola 10110
name (id):  golem 76
name (id):  gliscor 472
name (id):  gallade 475
name (id):  graveler 75
name (id):  mamoswine 473
name (id):  tapu-koko 785
name (id):  cobalion 638
name (id):  pikachu-gmax 10199
name (id):  gallade-mega 10068
name (id):  raichu 26
name (id):  raichu-alola 10100
name (id):  golem-alola 10111
name (id):  araquanid 752
name (id):  araquanid-totem 10153
name (id):  sandshrew 27
name (id):  thundurus-incarnate 642
name (id):  fomantis 753
name (id):  lurantis 754
name (id):  froslass 478
name (id):  timburr 532
name (id):  probopass 476
name (id):  dusknoir 477
name (id):  rapidash-galar 10163
name (id):  ponyta 77
name (id):  rapidash 78
name (id):  ponyta-galar 10162
name (id):  thundurus-therian 10020
name (id):  tornadus-therian 10019
name (id):  tornadus-incarnate 641
name (id):  lurantis-totem 10128
name (id):  sandshrew-alola 10101
name (id):  shiinotic 756
name (id):  morelull 755
name (id):  salandit 757
name (id):  sandslash-alola 10102
name (id):  swadloon 541
name (id):  sandslash 28
name (id):  nidoran-f 29
name (id):  conkeldurr 534
name (id):  gurdurr 533
name (id):  sewaddle 540
name (id):  metapod 11
name (id):  caterpie 10
name (id):  butterfree 12
name (id):  gastly 92
name (id):  haunter 93
name (id):  magnemite 81
name (id):  magneton 82
name (id):  landorus-therian 10021
name (id):  landorus-incarnate 645
name (id):  salazzle 758
name (id):  salazzle-totem 10129
name (id):  butterfree-gmax 10198
name (id):  leavanny 542
name (id):  lilligant 549
name (id):  lilligant-hisui 10237
name (id):  gengar-mega 10038
name (id):  petilil 548
name (id):  rattata-alola 10091
name (id):  rattata-alola 10091
name (id):  reshiram 643
name (id):  zekrom 644
name (id):  raticate-alola 10092
name (id):  gengar 94
name (id):  stufful 759
name (id):  bewear 760
name (id):  nidorina 30
name (id):  nidoqueen 31
name (id):  gengar-gmax 10202
name (id):  onix 95
name (id):  basculin-white-striped 10247
name (id):  basculin-red-striped 550
name (id):  basculin-blue-striped 10016
name (id):  nidorino 33
name (id):  nidoran-m 32
name (id):  ducklett 580
name (id):  raticate-alola 10092
name (id):  bounsweet 761
name (id):  tsareena 763
name (id):  steenee 762
name (id):  voltorb-hisui 10231
name (id):  electrode-hisui 10232
name (id):  raticate-alola 10092
name (id):  kyurem 646
name (id):  kyurem-black 10022
name (id):  kyurem-white 10023
name (id):  keldeo-ordinary 647
name (id):  comfey 764
name (id):  tynamo 602
name (id):  eelektross 604
name (id):  wigglytuff 40
name (id):  jigglypuff 39
name (id):  swanna 581
name (id):  eelektrik 603
name (id):  vulpix 37
name (id):  clefable 36
name (id):  clefairy 35
name (id):  wimpod 767
name (id):  golisopod 768
name (id):  oranguru 765
name (id):  nidoking 34
name (id):  litwick 607
name (id):  lampent 608
name (id):  chandelure 609
name (id):  mienfoo 619
name (id):  passimian 766
name (id):  golbat 42
name (id):  zubat 41
name (id):  keldeo-resolute 10024
name (id):  paras 46
name (id):  parasect 47
name (id):  meloetta-pirouette 10018
name (id):  meloetta-aria 648
name (id):  bisharp 625
name (id):  mienshao 620
name (id):  sandygast 769
name (id):  palossand 770
name (id):  pyukumuku 771
name (id):  eternatus-eternamax 10190
name (id):  electrode-hisui 10232
name (id):  pawniard 624
name (id):  vullaby 629
name (id):  eternatus 890
name (id):  tapu-lele 786
name (id):  vulpix-alola 10103
name (id):  genesect 649
name (id):  ninetales 38
name (id):  dugtrio-alola 10106
name (id):  diglett-alola 10105
name (id):  dugtrio-alola 10106
name (id):  diglett-alola 10105
name (id):  mandibuzz 630
name (id):  voltorb-hisui 10231
name (id):  carbink 703
name (id):  goomy 704
name (id):  sliggoo 705
name (id):  rattata-alola 10091
name (id):  raticate-alola 10092
name (id):  raticate-alola 10092
name (id):  rattata-alola 10091
name (id):  sliggoo-hisui 10241
name (id):  chansey 113
name (id):  goodra-hisui 10242
name (id):  goodra 706
name (id):  rhyhorn 111
name (id):  rhydon 112
name (id):  phantump 708
name (id):  raticate-alola 10092
name (id):  lickitung 108
name (id):  golduck 55
name (id):  psyduck 54
name (id):  poliwhirl 61
name (id):  poliwag 60
name (id):  zamazenta 889
name (id):  zamazenta-crowned 10189
name (id):  spearow 21
name (id):  fearow 22
name (id):  trevenant 709
name (id):  mr-mime 122
name (id):  mr-mime-galar 10168
name (id):  noibat 714
name (id):  grubbin 736
name (id):  noivern 715
name (id):  tangela 114
name (id):  scyther 123
name (id):  sandshrew-alola 10101
name (id):  venusaur-mega 10033
name (id):  bulbasaur 1
name (id):  venusaur 3
name (id):  gastly 92
name (id):  charjabug 737
name (id):  vikavolt 738
name (id):  magmar 126
name (id):  sandshrew-alola 10101
name (id):  vikavolt-totem 10122
name (id):  oricorio-baile 741
name (id):  poliwrath 62
name (id):  tentacool 72
name (id):  tentacruel 73
name (id):  magikarp 129
name (id):  gyarados 130
name (id):  electabuzz 125
name (id):  ivysaur 2
name (id):  sandslash-alola 10102
name (id):  sandslash-alola 10102
name (id):  clefairy 35
name (id):  venusaur-mega 10033
name (id):  venusaur 3
name (id):  bulbasaur 1
name (id):  ivysaur 2
name (id):  oricorio-pau 10124
name (id):  oricorio-sensu 10125
name (id):  oricorio-pom-pom 10123
name (id):  haunter 93
name (id):  venusaur-gmax 10195
name (id):  cutiefly 742
name (id):  wartortle 8
name (id):  blastoise 9
name (id):  gengar 94
name (id):  eevee 133
name (id):  gengar-mega 10038
name (id):  eevee-starter 10159
name (id):  eevee-gmax 10205
name (id):  clefable 36
name (id):  gyarados-mega 10041
name (id):  rockruff 744
name (id):  rockruff-own-tempo 10151
name (id):  gengar-gmax 10202
name (id):  vulpix-alola 10103
name (id):  ninetales-alola 10104
name (id):  vulpix-alola 10103
name (id):  ribombee-totem 10150
name (id):  squirtle 7
name (id):  ribombee 743
name (id):  venusaur-gmax 10195
name (id):  charmeleon 5
name (id):  charmander 4
name (id):  charizard 6
name (id):  pikachu-rock-star 10080
name (id):  pikachu 25
name (id):  vaporeon 134
name (id):  flareon 136
name (id):  jolteon 135
name (id):  lycanroc-dusk 10152
name (id):  lycanroc-midnight 10126
name (id):  zubat 41
name (id):  cubone 104
name (id):  marowak-alola 10115
name (id):  marowak-alola 10115
name (id):  marowak-alola 10115
name (id):  golbat 42
name (id):  lycanroc-midday 745
name (id):  blastoise-gmax 10197
name (id):  blastoise-mega 10036
name (id):  mudbray 749
name (id):  porygon 137
name (id):  paras 46
name (id):  charizard-gmax 10196
name (id):  pikachu-belle 10081
name (id):  pikachu-phd 10083
name (id):  charizard-mega-y 10035
name (id):  pikachu-pop-star 10082
name (id):  pikachu-libre 10084
name (id):  mudsdale 750
name (id):  ninetales-alola 10104
name (id):  lurantis 754
name (id):  fomantis 753
name (id):  lurantis-totem 10128
name (id):  snorlax-gmax 10206
name (id):  charizard-mega-x 10034
name (id):  parasect 47
name (id):  snorlax 143
name (id):  diglett-alola 10105
name (id):  cyndaquil 155
name (id):  quilava 156
name (id):  squirtle 7
name (id):  chansey 113
name (id):  diglett-alola 10105
name (id):  pikachu-cosplay 10085
name (id):  pikachu-original-cap 10094
name (id):  dugtrio-alola 10106
name (id):  pikachu-hoenn-cap 10095
name (id):  pikachu-sinnoh-cap 10096
name (id):  salazzle-totem 10129
name (id):  salandit 757
name (id):  salazzle 758
name (id):  goldeen 118
name (id):  blastoise-gmax 10197
name (id):  mimikyu-disguised 778
name (id):  typhlosion-hisui 10233
name (id):  pichu 172
name (id):  dugtrio-alola 10106
name (id):  kangaskhan-mega 10039
name (id):  kangaskhan 115
name (id):  blastoise-mega 10036
name (id):  wartortle 8
name (id):  blastoise 9
name (id):  crobat 169
name (id):  mimikyu-totem-disguised 10144
name (id):  meowth-alola 10107
name (id):  meowth-alola 10107
name (id):  meowth-alola 10107
name (id):  mimikyu-busted 10143
name (id):  mimikyu-totem-busted 10145
name (id):  pikachu-kalos-cap 10098
name (id):  pikachu-unova-cap 10097
name (id):  pikachu-alola-cap 10099
name (id):  pikachu-partner-cap 10148
name (id):  jangmo-o 782
name (id):  seaking 119
name (id):  psyduck 54
name (id):  hakamo-o 783
name (id):  kommo-o 784
name (id):  magmar 126
name (id):  starmie 121
name (id):  staryu 120
name (id):  skwovet 819
name (id):  metapod 11
name (id):  butterfree-gmax 10198
name (id):  butterfree 12
name (id):  caterpie 10
name (id):  kommo-o-totem 10146
name (id):  meowth-alola 10107
name (id):  persian-alola 10108
name (id):  pikachu-gmax 10199
name (id):  pikachu-starter 10158
name (id):  pikachu-world-cap 10160
name (id):  persian-alola 10108
name (id):  raichu 26
name (id):  greedent 820
name (id):  drednaw-gmax 10214
name (id):  chewtle 833
name (id):  drednaw 834
name (id):  golduck 55
name (id):  tauros-paldea-combat-breed 10250
name (id):  tauros 128
name (id):  pinsir-mega 10040
name (id):  pinsir 127
name (id):  poliwag 60
name (id):  beedrill-mega 10090
name (id):  beedrill 15
name (id):  kakuna 14
name (id):  poliwhirl 61
name (id):  poliwrath 62
name (id):  weedle 13
name (id):  raichu-alola 10100
name (id):  appletun 842
name (id):  flapple-gmax 10216
name (id):  flapple 841
name (id):  applin 840
name (id):  tentacool 72
name (id):  sandslash 28
name (id):  sandshrew 27
name (id):  sandshrew-alola 10101
name (id):  gyarados 130
name (id):  tentacruel 73
name (id):  pidgeotto 17
name (id):  pidgey 16
name (id):  pidgeot 18
name (id):  typhlosion-hisui 10233
name (id):  magikarp 129
name (id):  cramorant 845
name (id):  tauros-paldea-aqua-breed 10252
name (id):  tauros-paldea-blaze-breed 10251
name (id):  geodude-alola 10109
name (id):  geodude-alola 10109
name (id):  cramorant-gulping 10182
name (id):  appletun-gmax 10217
name (id):  cramorant-gorging 10183
name (id):  pidgeot-mega 10073
name (id):  gyarados-mega 10041
name (id):  sudowoodo 185
name (id):  cleffa 173
name (id):  togepi 175
name (id):  togetic 176
name (id):  golem-alola 10111
name (id):  graveler-alola 10110
name (id):  sandslash-alola 10102
name (id):  eevee-gmax 10205
name (id):  eevee 133
name (id):  eevee-starter 10159
name (id):  arrokuda 846
name (id):  jigglypuff 39
name (id):  barraskewda 847
name (id):  graveler-alola 10110
name (id):  golem-alola 10111
name (id):  hatenna 856
name (id):  hattrem 857
name (id):  wigglytuff 40
name (id):  espeon 196
name (id):  yanma 193
name (id):  psyduck 54
name (id):  jolteon 135
name (id):  vaporeon 134
name (id):  flareon 136
name (id):  aipom 190
name (id):  umbreon 197
name (id):  hatterene-gmax 10221
name (id):  impidimp 859
name (id):  slowpoke 79
name (id):  slowpoke-galar 10164
name (id):  slowbro-mega 10071
name (id):  slowbro 80
name (id):  hatterene 858
name (id):  morgrem 860
name (id):  omanyte 138
name (id):  poliwhirl 61
name (id):  poliwag 60
name (id):  golduck 55
name (id):  poliwrath 62
name (id):  unown 201
name (id):  grimmsnarl-gmax 10222
name (id):  misdreavus 200
name (id):  murkrow 198
name (id):  indeedee-female 10186
name (id):  indeedee-male 876
name (id):  grimmsnarl 861
name (id):  gligar 207
name (id):  slowbro-galar 10165
name (id):  hoothoot 163
name (id):  omastar 139
name (id):  kabuto 140
name (id):  kabutops 141
name (id):  magnemite 81
name (id):  magneton 82
name (id):  morpeko-hangry 10187
name (id):  grimer-alola 10112
name (id):  ursaluna-bloodmoon 10272
name (id):  ursaluna 901
name (id):  morpeko-full-belly 877
name (id):  steelix-mega 10072
name (id):  steelix 208
name (id):  alakazam-mega 10037
name (id):  kadabra 64
name (id):  alakazam 65
name (id):  qwilfish-hisui 10234
name (id):  grimer-alola 10112
name (id):  muk-alola 10113
name (id):  abra 63
name (id):  basculegion-male 902
name (id):  basculegion-female 10248
name (id):  noctowl 164
name (id):  crobat 169
name (id):  tandemaus 924
name (id):  maushold-family-of-four 925
name (id):  pikachu-kalos-cap 10098
name (id):  pikachu-kalos-cap 10098
name (id):  pikachu-kalos-cap 10098
name (id):  pikachu-kalos-cap 10098
name (id):  muk-alola 10113
name (id):  gastly 92
name (id):  chinchou 170
name (id):  lanturn 171
name (id):  maushold-family-of-three 10257
name (id):  toedscruel 949
name (id):  bombirdier 962
name (id):  toedscool 948
name (id):  gengar-gmax 10202
name (id):  haunter 93
name (id):  gengar-mega 10038
name (id):  gengar 94
name (id):  pikachu-kalos-cap 10098
name (id):  pikachu-kalos-cap 10098
name (id):  pikachu-kalos-cap 10098
name (id):  tentacruel 73
name (id):  pikachu-kalos-cap 10098
name (id):  igglybuff 174
name (id):  annihilape 979
name (id):  glimmora 970
name (id):  orthworm 968
name (id):  tentacool 72
name (id):  mareep 179
name (id):  natu 177
name (id):  xatu 178
name (id):  glimmet 969
name (id):  slowpoke-galar 10164
name (id):  slowpoke-galar 10164
name (id):  pikachu-kalos-cap 10098
name (id):  pikachu-kalos-cap 10098
name (id):  pikachu-kalos-cap 10098
name (id):  pikachu-kalos-cap 10098
name (id):  kingambit 983
name (id):  dudunsparce-two-segment 982
name (id):  dudunsparce-three-segment 10255
name (id):  chansey 113
name (id):  qwilfish-hisui 10234
name (id):  goldeen 118
name (id):  seaking 119
name (id):  electabuzz 125
name (id):  dipplin 1011
name (id):  pikachu-kalos-cap 10098
name (id):  pikachu-kalos-cap 10098
name (id):  sudowoodo 185
name (id):  pikachu-kalos-cap 10098
name (id):  pikachu-kalos-cap 10098
name (id):  heracross 214
name (id):  slowbro-galar 10165
name (id):  ampharos-mega 10045
name (id):  flaaffy 180
name (id):  ampharos 181
name (id):  scizor-mega 10046
name (id):  heracross-mega 10047
name (id):  scizor 212
name (id):  magnemite 81
name (id):  munkidori 1015
name (id):  poltchageist 1012
name (id):  pikachu-kalos-cap 10098
name (id):  okidogi 1014
name (id):  slowbro-galar 10165
name (id):  slowbro-galar 10165
name (id):  raichu-alola 10100
name (id):  raichu 26
name (id):  gyarados-mega 10041
name (id):  sinistcha 1013
name (id):  zubat 41
name (id):  gyarados 130
name (id):  magikarp 129
name (id):  sneasel-hisui 10235
name (id):  politoed 186
name (id):  umbreon 197
name (id):  espeon 196
name (id):  teddiursa 216
name (id):  ursaring 217
name (id):  fezandipiti 1016
name (id):  ogerpon 1017
name (id):  cloyster 91
name (id):  shellder 90
name (id):  ditto 132
name (id):  golbat 42
name (id):  ogerpon-hearthflame-mask 10274
name (id):  ogerpon-wellspring-mask 10273
name (id):  krabby 98
name (id):  corsola 222
name (id):  vileplume 45
name (id):  oddish 43
name (id):  porygon 137
name (id):  ledyba 165
name (id):  ledian 166
name (id):  spinarak 167
name (id):  ogerpon-cornerstone-mask 10275
name (id):  gloom 44
name (id):  magneton 82
name (id):  corsola-galar 10173
name (id):  mantine 226
name (id):  kingler-gmax 10203
name (id):  kingler 99
name (id):  politoed 186
name (id):  octillery 224
name (id):  remoraid 223
name (id):  abra 63
name (id):  kadabra 64
name (id):  ariados 168
name (id):  crobat 169
name (id):  cleffa 173
name (id):  exeggutor 103
name (id):  exeggcute 102
name (id):  psyduck 54
name (id):  golduck 55
name (id):  blissey 242
name (id):  magby 240
name (id):  miltank 241
name (id):  exeggutor-alola 10114
name (id):  slowking-galar 10172
name (id):  slowking 199
name (id):  sneasel-hisui 10235
name (id):  sneasel 215
name (id):  sneasel-hisui 10235
name (id):  alakazam-mega 10037
name (id):  cubone 104
name (id):  marowak-alola 10115
name (id):  marowak 105
name (id):  venusaur 3
name (id):  bulbasaur 1
name (id):  ivysaur 2
name (id):  alakazam 65
name (id):  farfetchd-galar 10166
name (id):  farfetchd 83
name (id):  larvitar 246
name (id):  swinub 220
name (id):  blissey 242
name (id):  piloswine 221
name (id):  remoraid 223
name (id):  octillery 224
name (id):  venusaur-mega 10033
name (id):  porygon2 233
name (id):  elekid 239
name (id):  venusaur-gmax 10195
name (id):  pupitar 247
name (id):  tyranitar 248
name (id):  charmeleon 5
name (id):  charmander 4
name (id):  rhyhorn 111
name (id):  rhydon 112
name (id):  tyranitar-mega 10049
name (id):  wingull 278
name (id):  skarmory 227
name (id):  goldeen 118
name (id):  seaking 119
name (id):  elekid 239
name (id):  porygon2 233
name (id):  mantine 226
name (id):  wingull 278
name (id):  marowak-totem 10149
name (id):  dodrio 85
name (id):  doduo 84
name (id):  lickitung 108
name (id):  pelipper 279
name (id):  stantler 234
name (id):  charizard-mega-y 10035
name (id):  charizard-gmax 10196
name (id):  charizard 6
name (id):  charizard-mega-x 10034
name (id):  surskit 283
name (id):  masquerain 284
name (id):  pelipper 279
name (id):  surskit 283
name (id):  masquerain 284
name (id):  wurmple 265
name (id):  nosepass 299
name (id):  magikarp 129
name (id):  gyarados-mega 10041
name (id):  silcoon 266
name (id):  magby 240
name (id):  torkoal 324
name (id):  tangela 114
name (id):  trapinch 328
name (id):  blastoise-mega 10036
name (id):  blastoise 9
name (id):  squirtle 7
name (id):  kangaskhan-mega 10039
name (id):  wartortle 8
name (id):  blissey 242
name (id):  gyarados 130
name (id):  kangaskhan 115
name (id):  snorlax 143
name (id):  chansey 113
name (id):  dustox 269
name (id):  cascoon 268
name (id):  whiscash 340
name (id):  barboach 339
name (id):  blastoise-gmax 10197
name (id):  cradily 346
name (id):  lileep 345
name (id):  beautifly 267
name (id):  snorlax-gmax 10206
name (id):  sandshrew-alola 10101
name (id):  sandshrew 27
name (id):  sandslash 28
name (id):  ralts 280
name (id):  goldeen 118
name (id):  seaking 119
name (id):  sentret 161
name (id):  furret 162
name (id):  ledyba 165
name (id):  gardevoir-mega 10051
name (id):  kirlia 281
name (id):  seadra 117
name (id):  horsea 116
name (id):  gardevoir 282
name (id):  sandslash-alola 10102
name (id):  nosepass 299
name (id):  vulpix-alola 10103
name (id):  ninetales 38
name (id):  vulpix 37
name (id):  milotic 350
name (id):  feebas 349
name (id):  armaldo 348
name (id):  anorith 347
name (id):  crobat 169
name (id):  ledian 166
name (id):  whiscash 340
name (id):  roselia 315
name (id):  duskull 355
name (id):  bellossom 182
name (id):  pichu 172
name (id):  starmie 121
name (id):  staryu 120
name (id):  barboach 339
name (id):  ninetales-alola 10104
name (id):  vileplume 45
name (id):  gloom 44
name (id):  castform-sunny 10013
name (id):  castform-snowy 10015
name (id):  castform 351
name (id):  castform-rainy 10014
name (id):  pinsir 127
name (id):  oddish 43
name (id):  chimecho 358
name (id):  glalie 362
name (id):  snorunt 361
name (id):  scyther 123
name (id):  azumarill 184
name (id):  marill 183
name (id):  dusclops 356
name (id):  diglett-alola 10105
name (id):  diglett 50
name (id):  venomoth 49
name (id):  venonat 48
name (id):  skiploom 188
name (id):  hoppip 187
name (id):  pinsir-mega 10040
name (id):  glalie-mega 10074
name (id):  cranidos 408
name (id):  rampardos 409
name (id):  tauros-paldea-blaze-breed 10251
name (id):  tauros 128
name (id):  tauros-paldea-combat-breed 10250
name (id):  spheal 363
name (id):  walrein 365
name (id):  sealeo 364
name (id):  dugtrio 51
name (id):  dugtrio-alola 10106
name (id):  kecleon 352
name (id):  luvdisc 370
name (id):  tentacool 72
name (id):  smeargle 235
name (id):  tentacruel 73
name (id):  magikarp 129
name (id):  gyarados 130
name (id):  gyarados-mega 10041
name (id):  zigzagoon 263
name (id):  jumpluff 189
name (id):  chimchar 390
name (id):  grotle 388
name (id):  dunsparce 206
name (id):  turtwig 387
name (id):  torterra 389
name (id):  bonsly 438
name (id):  geodude-alola 10109
name (id):  graveler-alola 10110
name (id):  graveler 75
name (id):  geodude 74
name (id):  happiny 440
name (id):  tauros-paldea-aqua-breed 10252
name (id):  bastiodon 411
name (id):  shieldon 410
name (id):  ditto 132
name (id):  chinchou 170
name (id):  lanturn 171
name (id):  infernape 392
name (id):  zigzagoon-galar 10174
name (id):  linoone-galar 10175
name (id):  monferno 391
name (id):  golem-alola 10111
name (id):  piplup 393
name (id):  prinplup 394
name (id):  linoone 264
name (id):  golem 76
name (id):  porygon 137
name (id):  ralts 280
name (id):  slowpoke 79
name (id):  slowpoke-galar 10164
name (id):  mantyke 458
name (id):  magmortar 467
name (id):  lumineon 457
name (id):  finneon 456
name (id):  pichu 172
name (id):  empoleon 395
name (id):  staravia 397
name (id):  starly 396
name (id):  staraptor 398
name (id):  igglybuff 174
name (id):  slowbro 80
name (id):  gardevoir-mega 10051
name (id):  kirlia 281
name (id):  slowbro-mega 10071
name (id):  azumarill 184
name (id):  marill 183
name (id):  magnemite 81
name (id):  leafeon 470
name (id):  slowbro-galar 10165
name (id):  probopass 476
name (id):  glaceon 471
name (id):  bidoof 399
name (id):  bibarel 400
name (id):  kricketot 401
name (id):  kricketune 402
name (id):  gardevoir 282
name (id):  lillipup 506
name (id):  surskit 283
name (id):  magneton 82
name (id):  quagsire 195
name (id):  wooper-paldea 10253
name (id):  wooper 194
name (id):  doduo 84
name (id):  dodrio 85
name (id):  seel 86
name (id):  luxio 404
name (id):  shinx 403
name (id):  masquerain 284
name (id):  herdier 507
name (id):  stoutland 508
name (id):  basculin-blue-striped 10016
name (id):  basculin-red-striped 550
name (id):  politoed 186
name (id):  nincada 290
name (id):  shedinja 292
name (id):  ninjask 291
name (id):  grimer-alola 10112
name (id):  muk 89
name (id):  grimer 88
name (id):  dewgong 87
name (id):  slowking-galar 10172
name (id):  scizor 212
name (id):  basculin-white-striped 10247
name (id):  azurill 298
name (id):  dunsparce 206
name (id):  archen 566
name (id):  carracosta 565
name (id):  tirtouga 564
name (id):  muk-alola 10113
name (id):  slowking-galar 10172
name (id):  exeggutor 103
name (id):  exeggutor-alola 10114
name (id):  exeggcute 102
name (id):  exploud 295
name (id):  loudred 294
name (id):  whismur 293
name (id):  rhydon 112
name (id):  rhyhorn 111
name (id):  hitmonchan 107
name (id):  hitmonlee 106
name (id):  remoraid 223
name (id):  archeops 567
name (id):  larvesta 636
name (id):  volcarona 637
name (id):  scizor-mega 10046
name (id):  alomomola 594
name (id):  medicham 308
name (id):  meditite 307
name (id):  heracross-mega 10047
name (id):  heracross 214
name (id):  delcatty 301
name (id):  skitty 300
name (id):  seadra 117
name (id):  horsea 116
name (id):  scyther 123
name (id):  octillery 224
name (id):  chansey 113
name (id):  mantine 226
name (id):  fletchling 661
name (id):  talonflame 663
name (id):  fletchinder 662
name (id):  tyrunt 696
name (id):  kingdra 230
name (id):  medicham-mega 10054
name (id):  tauros-paldea-combat-breed 10250
name (id):  magmar 126
name (id):  tauros-paldea-combat-breed 10250
name (id):  electabuzz 125
name (id):  skarmory 227
name (id):  minun 312
name (id):  volbeat 313
name (id):  plusle 311
name (id):  sylveon 700
name (id):  tyrantrum 697
name (id):  wingull 278
name (id):  tauros-paldea-combat-breed 10250
name (id):  tauros-paldea-combat-breed 10250
name (id):  amaura 698
name (id):  aurorus 699
name (id):  porygon2 233
name (id):  lapras-gmax 10204
name (id):  lapras 131
name (id):  blissey 242
name (id):  roselia 315
name (id):  miltank 241
name (id):  gulpin 316
name (id):  swalot 317
name (id):  illumise 314
name (id):  porygon 137
name (id):  chikorita 152
name (id):  bayleef 153
name (id):  meganium 154
name (id):  sliggoo-hisui 10241
name (id):  goomy 704
name (id):  goodra 706
name (id):  sliggoo 705
name (id):  pelipper 279
name (id):  gardevoir 282
name (id):  kirlia 281
name (id):  ralts 280
name (id):  typhlosion 157
name (id):  quilava 156
name (id):  typhlosion-hisui 10233
name (id):  cyndaquil 155
name (id):  carvanha 318
name (id):  sharpedo-mega 10070
name (id):  goodra-hisui 10242
name (id):  sharpedo 319
name (id):  trevenant 709
name (id):  phantump 708
name (id):  pikipek 731
name (id):  corphish 341
name (id):  chinchou 170
name (id):  totodile 158
name (id):  feraligatr 160
name (id):  croconaw 159
name (id):  gardevoir-mega 10051
name (id):  whismur 293
name (id):  loudred 294
name (id):  bidoof 399
name (id):  bibarel 400
name (id):  toucannon 733
name (id):  trumbeak 732
name (id):  exploud 295
name (id):  gumshoos 735
name (id):  yungoos 734
name (id):  slowking-galar 10172
name (id):  bellossom 182
name (id):  slowking 199
name (id):  kecleon 352
name (id):  crawdaunt 342
name (id):  lanturn 171
name (id):  sharpedo-mega 10070
name (id):  carvanha 318
name (id):  sharpedo 319
name (id):  azurill 298
name (id):  gumshoos-totem 10121
name (id):  girafarig 203
name (id):  qwilfish 211
name (id):  snubbull 209
name (id):  granbull 210
name (id):  burmy 412
name (id):  charjabug 737
name (id):  grubbin 736
name (id):  vikavolt 738
name (id):  budew 406
name (id):  roserade 407
name (id):  wormadam-plant 413
name (id):  qwilfish-hisui 10234
name (id):  torkoal 324
name (id):  barboach 339
name (id):  scizor-mega 10046
name (id):  vikavolt-totem 10122
name (id):  scizor 212
name (id):  wormadam-trash 10005
name (id):  skarmory 227
name (id):  crabrawler 739
name (id):  crabominable 740
name (id):  wormadam-sandy 10004
name (id):  oricorio-baile 741
name (id):  wailord 321
name (id):  wailmer 320
name (id):  mothim 414
name (id):  kingdra 230
name (id):  porygon2 233
name (id):  tyrogue 236
name (id):  combee 415
name (id):  smeargle 235
name (id):  oricorio-pau 10124
name (id):  oricorio-sensu 10125
name (id):  oricorio-pom-pom 10123
name (id):  whiscash 340
name (id):  munchlax 446
name (id):  lucario 448
name (id):  riolu 447
name (id):  vespiquen 416
name (id):  corphish 341
name (id):  crawdaunt 342
name (id):  magby 240
name (id):  blissey 242
name (id):  elekid 239
name (id):  hitmontop 237
name (id):  wishiwashi-solo 746
name (id):  shinx 403
name (id):  wishiwashi-school 10127
name (id):  toxapex 748
name (id):  mareanie 747
name (id):  treecko 252
name (id):  sceptile-mega 10065
name (id):  sceptile 254
name (id):  grovyle 253
name (id):  mudbray 749
name (id):  vespiquen 416
name (id):  combee 415
name (id):  lucario-mega 10059
name (id):  luxio 404
name (id):  luxray 405
name (id):  gallade 475
name (id):  toxicroak 454
name (id):  croagunk 453
name (id):  blaziken-mega 10050
name (id):  combusken 256
name (id):  torchic 255
name (id):  blaziken 257
name (id):  mudsdale 750
name (id):  araquanid 752
name (id):  dewpider 751
name (id):  araquanid-totem 10153
name (id):  drifloon 425
name (id):  drifblim 426
name (id):  lopunny 428
name (id):  buneary 427
name (id):  swampert-mega 10064
name (id):  swampert 260
name (id):  marshtomp 259
name (id):  mudkip 258
name (id):  gallade-mega 10068
name (id):  lurantis-totem 10128
name (id):  lurantis 754
name (id):  fomantis 753
name (id):  simisage 512
name (id):  pansage 511
name (id):  pansear 513
name (id):  drapion 452
name (id):  skorupi 451
name (id):  slaking 289
name (id):  vigoroth 288
name (id):  slakoth 287
name (id):  morelull 755
name (id):  lopunny-mega 10088
name (id):  plusle 311
name (id):  simisear 514
name (id):  shiinotic 756
name (id):  happiny 440
name (id):  salazzle-totem 10129
name (id):  salazzle 758
name (id):  salandit 757
name (id):  simipour 516
name (id):  panpour 515
name (id):  minun 312
name (id):  camerupt-mega 10087
name (id):  numel 322
name (id):  camerupt 323
name (id):  audino 531
name (id):  mantyke 458
name (id):  toxicroak 454
name (id):  croagunk 453
name (id):  magnezone 462
name (id):  torkoal 324
name (id):  trapinch 328
name (id):  audino-mega 10069
name (id):  flygon 330
name (id):  vibrava 329
name (id):  whirlipede 544
name (id):  scolipede 545
name (id):  venipede 543
name (id):  bewear 760
name (id):  stufful 759
name (id):  steenee 762
name (id):  bounsweet 761
name (id):  rhyperior 464
name (id):  altaria 334
name (id):  altaria-mega 10067
name (id):  swablu 333
name (id):  zangoose 335
name (id):  tangrowth 465
name (id):  porygon-z 474
name (id):  lickilicky 463
name (id):  swanna 581
name (id):  ducklett 580
name (id):  tsareena 763
name (id):  scrafty 560
name (id):  scraggy 559
name (id):  comfey 764
name (id):  passimian 766
name (id):  oranguru 765
name (id):  luvdisc 370
name (id):  metang 375
name (id):  seviper 336
name (id):  beldum 374
name (id):  gallade-mega 10068
name (id):  gallade 475
name (id):  fraxure 611
name (id):  axew 610
name (id):  haxorus 612
name (id):  turtwig 387
name (id):  grotle 388
name (id):  palossand 770
name (id):  sandygast 769
name (id):  golisopod 768
name (id):  wimpod 767
name (id):  metagross-mega 10076
name (id):  metagross 376
name (id):  herdier 507
name (id):  lillipup 506
name (id):  chespin 650
name (id):  torterra 389
name (id):  roggenrola 524
name (id):  boldore 525
name (id):  gigalith 526
name (id):  infernape 392
name (id):  chimchar 390
name (id):  monferno 391
name (id):  rattata-alola 10091
name (id):  rattata-alola 10091
name (id):  quilladin 651
name (id):  chesnaught 652
name (id):  tapu-lele 786
name (id):  pyukumuku 771
name (id):  stoutland 508
name (id):  empoleon 395
name (id):  prinplup 394
name (id):  piplup 393
name (id):  cranidos 408
name (id):  braixen 654
name (id):  woobat 527
name (id):  swoobat 528
name (id):  fennekin 653
name (id):  rampardos 409
name (id):  raticate-alola 10092
name (id):  happiny 440
name (id):  whirlipede 544
name (id):  venipede 543
name (id):  delphox 655
name (id):  raticate-alola 10092
name (id):  raticate-alola 10092
name (id):  bastiodon 411
name (id):  shieldon 410
name (id):  frogadier 657
name (id):  spearow 21
name (id):  froakie 656
name (id):  greninja 658
name (id):  lilligant-hisui 10237
name (id):  petilil 548
name (id):  lilligant 549
name (id):  abomasnow 460
name (id):  snover 459
name (id):  scolipede 545
name (id):  finneon 456
name (id):  lumineon 457
name (id):  fearow 22
name (id):  greninja-ash 10117
name (id):  greninja-battle-bond 10116
name (id):  sandshrew-alola 10101
name (id):  sandshrew-alola 10101
name (id):  sandslash-alola 10102
name (id):  abomasnow-mega 10060
name (id):  diggersby 660
name (id):  bunnelby 659
name (id):  electivire 466
name (id):  rhyperior 464
name (id):  magnezone 462
name (id):  dwebble 557
name (id):  krokorok 552
name (id):  sandile 551
name (id):  krookodile 553
name (id):  porygon-z 474
name (id):  sandslash-alola 10102
name (id):  fletchinder 662
name (id):  talonflame 663
name (id):  magmortar 467
name (id):  rotom-heat 10008
name (id):  rotom 479
name (id):  clefable 36
name (id):  clefairy 35
name (id):  fletchling 661
name (id):  scatterbug 664
name (id):  crustle 558
name (id):  rotom-wash 10009
name (id):  scrafty 560
name (id):  scraggy 559
name (id):  vulpix-alola 10103
name (id):  rotom-mow 10012
name (id):  rotom-frost 10010
name (id):  rotom-fan 10011
name (id):  spewpa 665
name (id):  vivillon 666
name (id):  vulpix-alola 10103
name (id):  pyroar 668
name (id):  litleo 667
name (id):  ninetales-alola 10104
name (id):  zubat 41
name (id):  zorua 570
name (id):  serperior 497
name (id):  servine 496
name (id):  snivy 495
name (id):  tepig 498
name (id):  ninetales-alola 10104
name (id):  zorua-hisui 10238
name (id):  zoroark-hisui 10239
name (id):  gogoat 673
name (id):  zoroark 571
name (id):  pignite 499
name (id):  emboar 500
name (id):  skiddo 672
name (id):  oshawott 501
name (id):  dewott 502
name (id):  golbat 42
name (id):  emolga 587
name (id):  florges 671
name (id):  flabebe 669
name (id):  paras 46
name (id):  parasect 47
name (id):  escavalier 589
name (id):  karrablast 588
name (id):  samurott 503
name (id):  samurott-hisui 10236
name (id):  diglett-alola 10105
name (id):  zebstrika 523
name (id):  blitzle 522
name (id):  pangoro 675
name (id):  pancham 674
name (id):  furfrou 676
name (id):  diglett-alola 10105
name (id):  dugtrio-alola 10106
name (id):  cottonee 546
name (id):  whimsicott 547
name (id):  drilbur 529
name (id):  excadrill 530
name (id):  espurr 677
name (id):  dugtrio-alola 10106
name (id):  meowth-alola 10107
name (id):  meowstic-male 678
name (id):  meowstic-female 10025
name (id):  sandile 551
name (id):  krookodile 553
name (id):  krokorok 552
name (id):  scraggy 559
name (id):  honedge 679
name (id):  meowth-alola 10107
name (id):  meowth-alola 10107
name (id):  meowth-alola 10107
name (id):  doublade 680
name (id):  persian-alola 10108
name (id):  scrafty 560
name (id):  gothita 574
name (id):  minccino 572
name (id):  cinccino 573
name (id):  aegislash-shield 681
name (id):  aegislash-blade 10026
name (id):  persian-alola 10108
name (id):  poliwag 60
name (id):  aromatisse 683
name (id):  spritzee 682
name (id):  gothorita 575
name (id):  gothitelle 576
name (id):  psyduck 54
name (id):  golduck 55
name (id):  solosis 577
name (id):  duosion 578
name (id):  swirlix 684
name (id):  slurpuff 685
name (id):  reuniclus 579
name (id):  alomomola 594
name (id):  sawsbuck 586
name (id):  deerling 585
name (id):  poliwrath 62
name (id):  poliwhirl 61
name (id):  tentacool 72
name (id):  tentacruel 73
name (id):  tynamo 602
name (id):  joltik 595
name (id):  eelektrik 603
name (id):  galvantula 596
name (id):  nidorina 30
name (id):  nidoran-f 29
name (id):  graveler-alola 10110
name (id):  geodude-alola 10109
name (id):  geodude-alola 10109
name (id):  eelektross 604
name (id):  axew 610
name (id):  haxorus 612
name (id):  fraxure 611
name (id):  graveler-alola 10110
name (id):  nidoqueen 31
name (id):  nidorino 33
name (id):  nidoran-m 32
name (id):  nidoking 34
name (id):  cubchoo 613
name (id):  beartic 614
name (id):  golett 622
name (id):  golurk 623
name (id):  golem-alola 10111
name (id):  slowpoke-galar 10164
name (id):  slowpoke 79
name (id):  golem-alola 10111
name (id):  machamp-gmax 10201
name (id):  braviary-hisui 10240
name (id):  braviary 628
name (id):  machamp 68
name (id):  machop 66
name (id):  rufflet 627
name (id):  machoke 67
name (id):  vullaby 629
name (id):  slowbro-mega 10071
name (id):  slowbro-galar 10165
name (id):  slowbro 80
name (id):  mandibuzz 630
name (id):  chespin 650
name (id):  chesnaught 652
name (id):  quilladin 651
name (id):  magnemite 81
name (id):  slowpoke-galar 10164
name (id):  slowpoke 79
name (id):  tentacruel 73
name (id):  tentacool 72
name (id):  delphox 655
name (id):  braixen 654
name (id):  fennekin 653
name (id):  froakie 656
name (id):  magneton 82
name (id):  grimer-alola 10112
name (id):  grimer-alola 10112
name (id):  muk-alola 10113
name (id):  slowbro-mega 10071
name (id):  greninja-battle-bond 10116
name (id):  slowbro-galar 10165
name (id):  greninja-ash 10117
name (id):  greninja 658
name (id):  frogadier 657
name (id):  slowbro 80
name (id):  shellder 90
name (id):  muk-alola 10113
name (id):  fletchling 661
name (id):  fletchinder 662
name (id):  talonflame 663
name (id):  litleo 667
name (id):  gastly 92
name (id):  haunter 93
name (id):  gengar 94
name (id):  cloyster 91
name (id):  exeggutor 103
name (id):  exeggcute 102
name (id):  onix 95
name (id):  pyroar 668
name (id):  espurr 677
name (id):  meowstic-female 10025
name (id):  meowstic-male 678
name (id):  gengar-gmax 10202
name (id):  gengar-mega 10038
name (id):  chansey 113
name (id):  dartrix 723
name (id):  inkay 686
name (id):  malamar 687
name (id):  exeggutor-alola 10114
name (id):  marowak-alola 10115
name (id):  marowak 105
name (id):  cubone 104
name (id):  rowlet 722
name (id):  goldeen 118
name (id):  decidueye-hisui 10244
name (id):  decidueye 724
name (id):  seaking 119
name (id):  marowak-totem 10149
name (id):  magikarp 129
name (id):  gyarados 130
name (id):  litten 725
name (id):  torracat 726
name (id):  electabuzz 125
name (id):  rhydon 112
name (id):  rhyhorn 111
name (id):  kangaskhan 115
name (id):  incineroar 727
name (id):  popplio 728
name (id):  brionne 729
name (id):  primarina 730
name (id):  gyarados-mega 10041
name (id):  ledyba 165
name (id):  ditto 132
name (id):  porygon 137
name (id):  toucannon 733
name (id):  pikipek 731
name (id):  kangaskhan-mega 10039
name (id):  crabrawler 739
name (id):  seadra 117
name (id):  horsea 116
name (id):  trumbeak 732
name (id):  ledian 166
name (id):  crobat 169
name (id):  staryu 120
name (id):  crabominable 740
name (id):  oricorio-pom-pom 10123
name (id):  oricorio-baile 741
name (id):  oricorio-pau 10124
name (id):  spinarak 167
name (id):  ariados 168
name (id):  mr-mime-galar 10168
name (id):  starmie 121
name (id):  oricorio-sensu 10125
name (id):  dewpider 751
name (id):  araquanid 752
name (id):  araquanid-totem 10153
name (id):  mr-mime 122
name (id):  pinsir 127
name (id):  politoed 186
name (id):  slowking-galar 10172
name (id):  cleffa 173
name (id):  slowking 199
name (id):  comfey 764
name (id):  minior-red-meteor 774
name (id):  minior-orange-meteor 10130
name (id):  minior-yellow-meteor 10131
name (id):  tauros-paldea-combat-breed 10250
name (id):  tauros-paldea-blaze-breed 10251
name (id):  pinsir-mega 10040
name (id):  minior-green-meteor 10132
name (id):  tauros 128
name (id):  minior-indigo-meteor 10134
name (id):  forretress 205
name (id):  pineco 204
name (id):  minior-blue-meteor 10133
name (id):  minior-violet-meteor 10135
name (id):  tauros-paldea-aqua-breed 10252
name (id):  lapras-gmax 10204
name (id):  lapras 131
name (id):  minior-yellow 10138
name (id):  minior-orange 10137
name (id):  minior-red 10136
name (id):  eevee 133
name (id):  minior-green 10139
name (id):  minior-indigo 10141
name (id):  eevee-starter 10159
name (id):  eevee-gmax 10205
name (id):  minior-violet 10142
name (id):  minior-blue 10140
name (id):  jolteon 135
name (id):  vaporeon 134
name (id):  bruxish 779
name (id):  rillaboom 812
name (id):  rillaboom-gmax 10209
name (id):  grookey 810
name (id):  thwackey 811
name (id):  flareon 136
name (id):  articuno 144
name (id):  aerodactyl-mega 10042
name (id):  aerodactyl 142
name (id):  raboot 814
name (id):  scorbunny 813
name (id):  cinderace 815
name (id):  cinderace-gmax 10210
name (id):  inteleon 818
name (id):  sobble 816
name (id):  inteleon-gmax 10211
name (id):  drizzile 817
name (id):  articuno-galar 10169
name (id):  zapdos-galar 10170
name (id):  zapdos 145
name (id):  moltres 146
name (id):  sinistea 854
name (id):  polteageist 855
name (id):  duraludon 884
name (id):  milcery 868
name (id):  moltres-galar 10171
name (id):  lanturn 171
name (id):  chinchou 170
name (id):  mareep 179
name (id):  duraludon-gmax 10225
name (id):  overqwil 904
name (id):  kleavor 900
name (id):  rellor 953
name (id):  ampharos-mega 10045
name (id):  rabsca 954
name (id):  ampharos 181
name (id):  farigiraf 981
name (id):  iron-leaves 1010
name (id):  flaaffy 180
name (id):  walking-wake 1009
name (id):  yanma 193
name (id):  archaludon 1018
name (id):  hydrapple 1019
name (id):  raging-bolt 1021
name (id):  gouging-fire 1020
name (id):  slowking-galar 10172
name (id):  espeon 196
name (id):  umbreon 197
name (id):  slowking 199
name (id):  terapagos 1024
name (id):  iron-crown 1023
name (id):  iron-boulder 1022
name (id):  terapagos-terastal 10276
name (id):  terapagos-stellar 10277
name (id):  pecharunt 1025
name (id):  steelix-mega 10072
name (id):  steelix 208
name (id):  wobbuffet 202
name (id):  snubbull 209
name (id):  qwilfish-hisui 10234
name (id):  qwilfish 211
name (id):  granbull 210
name (id):  heracross 214
name (id):  corsola-galar 10173
name (id):  heracross-mega 10047
name (id):  corsola 222
name (id):  remoraid 223
name (id):  octillery 224
name (id):  mantine 226
name (id):  houndoom 229
name (id):  houndour 228
name (id):  houndoom-mega 10048
name (id):  kingdra 230
name (id):  miltank 241
name (id):  taillow 276
name (id):  swellow 277
name (id):  makuhita 296
name (id):  wingull 278
name (id):  pelipper 279
name (id):  sableye-mega 10066
name (id):  hariyama 297
name (id):  sableye 302
name (id):  nosepass 299
name (id):  mawile 303
name (id):  mawile-mega 10052
name (id):  manectric 310
name (id):  electrike 309
name (id):  manectric-mega 10055
name (id):  wailord 321
name (id):  wailmer 320
name (id):  spoink 325
name (id):  grumpig 326
name (id):  lunatone 337
name (id):  seviper 336
name (id):  zangoose 335
name (id):  solrock 338
name (id):  absol 359
name (id):  chimecho 358
name (id):  absol-mega 10057
name (id):  wynaut 360
name (id):  clamperl 366
name (id):  gorebyss 368
name (id):  huntail 367
name (id):  shelgon 372
name (id):  bagon 371
name (id):  luvdisc 370
name (id):  relicanth 369
name (id):  salamence-mega 10089
name (id):  salamence 373
name (id):  staravia 397
name (id):  starly 396
name (id):  staraptor 398
name (id):  drifblim 426
name (id):  drifloon 425
name (id):  pachirisu 417
name (id):  stunky 434
name (id):  mime-jr 439
name (id):  chingling 433
name (id):  skuntank 435
name (id):  hippopotas 449
name (id):  hippowdon 450
name (id):  mantyke 458
name (id):  chatot 441
name (id):  leafeon 470
name (id):  yanmega 469
name (id):  rhyperior 464
name (id):  glaceon 471
name (id):  gigalith 526
name (id):  roggenrola 524
name (id):  boldore 525
name (id):  probopass 476
name (id):  throh 538
name (id):  woobat 527
name (id):  swoobat 528
name (id):  sawk 539
name (id):  krokorok 552
name (id):  sandile 551
name (id):  krookodile 553
name (id):  dwebble 557
name (id):  crustle 558
name (id):  duosion 578
name (id):  solosis 577
name (id):  sigilyph 561
name (id):  ferroseed 597
name (id):  alomomola 594
name (id):  reuniclus 579
name (id):  emolga 587
name (id):  mienfoo 619
name (id):  golett 622
name (id):  ferrothorn 598
name (id):  mienshao 620
name (id):  golurk 623
name (id):  binacle 688
name (id):  malamar 687
name (id):  inkay 686
name (id):  barbaracle 689
name (id):  clauncher 692
name (id):  skrelp 690
name (id):  dragalge 691
name (id):  clawitzer 693
name (id):  tyrunt 696
name (id):  heliolisk 695
name (id):  helioptile 694
name (id):  sylveon 700
name (id):  tyrantrum 697
name (id):  aurorus 699
name (id):  amaura 698
name (id):  carbink 703
name (id):  spearow 21
name (id):  hawlucha 701
name (id):  dedenne 702
name (id):  arbok 24
name (id):  fearow 22
name (id):  sandshrew 27
name (id):  ekans 23
name (id):  sandshrew-alola 10101
name (id):  sandslash-alola 10102
name (id):  sandslash 28
name (id):  jigglypuff 39
name (id):  wigglytuff 40
name (id):  diglett 50
name (id):  diglett-alola 10105
name (id):  dugtrio 51
name (id):  dugtrio-alola 10106
name (id):  poliwrath 62
name (id):  poliwhirl 61
name (id):  poliwag 60
name (id):  geodude 74
name (id):  bellsprout 69
name (id):  weepinbell 70
name (id):  victreebel 71
name (id):  geodude-alola 10109
name (id):  graveler-alola 10110
name (id):  golem 76
name (id):  graveler 75
name (id):  golem-alola 10111
name (id):  magnemite 81
name (id):  magneton 82
name (id):  gastly 92
name (id):  gengar-gmax 10202
name (id):  gengar-mega 10038
name (id):  haunter 93
name (id):  gengar 94
name (id):  voltorb-hisui 10231
name (id):  electrode-hisui 10232
name (id):  electrode 101
name (id):  voltorb 100
name (id):  ditto 132
name (id):  lickitung 108
name (id):  scyther 123
name (id):  jynx 124
name (id):  dratini 147
name (id):  dragonair 148
name (id):  dragonite 149
name (id):  mewtwo 150
name (id):  mewtwo-mega-x 10043
name (id):  mewtwo-mega-y 10044
name (id):  noctowl 164
name (id):  hoothoot 163
name (id):  igglybuff 174
name (id):  ariados 168
name (id):  spinarak 167
name (id):  sudowoodo 185
name (id):  wooper-paldea 10253
name (id):  wooper 194
name (id):  politoed 186
name (id):  quagsire 195
name (id):  scizor-mega 10046
name (id):  gligar 207
name (id):  murkrow 198
name (id):  scizor 212
name (id):  sneasel-hisui 10235
name (id):  sneasel 215
name (id):  teddiursa 216
name (id):  shuckle 213
name (id):  slugma 218
name (id):  ursaring 217
 ✓ Generating static pages (11318/11318)
   Finalizing page optimization ...
   Collecting build traces ...

Route (app)                                 Size  First Load JS  Revalidate  Expire
┌ ○ /                                    3.36 kB         117 kB
├ ƒ /_not-found                            995 B         103 kB
├ ƒ /api/graphql                           142 B         102 kB
├ ƒ /api/rest                              142 B         102 kB
├ ƒ /api/verify-turnstile                  142 B         102 kB
├ ƒ /bag                                   142 B         102 kB
├ ƒ /map                                   142 B         102 kB
├ ƒ /pokedex                               142 B         102 kB
├ ● /pokedex/[gen]                       2.28 kB         108 kB
├   ├ /pokedex/red-blue
├   ├ /pokedex/yellow
├   ├ /pokedex/gold-silver
├   └ [+22 more paths]
├ ● /pokemon/[name]                        162 B         105 kB          1w      1y
├   ├ /pokemon/bulbasaur                                                 1w      1y
├   ├ /pokemon/ivysaur                                                   1w      1y
├   ├ /pokemon/venusaur                                                  1w      1y
├   └ [+1287 more paths]
├ ● /pokemon/[name]/[game]/[dex]         3.65 kB         114 kB          1w      1y
├   ├ /pokemon/bulbasaur/red-blue/kanto                                  1w      1y
├   ├ /pokemon/ivysaur/red-blue/kanto                                    1w      1y
├   ├ /pokemon/venusaur/red-blue/kanto                                   1w      1y
├   └ [+9990 more paths]
├ ○ /sitemap.xml                           142 B         102 kB
└ ƒ /verify                               1.6 kB         104 kB
+ First Load JS shared by all             102 kB
  ├ chunks/255-e3bf15caf1f1e0f9.js       45.7 kB
  ├ chunks/4bd1b696-c023c6e3521b1417.js  54.2 kB
  └ other shared chunks (total)          1.94 kB


ƒ Middleware                             34.5 kB

○  (Static)   prerendered as static content
●  (SSG)      prerendered as static HTML (uses generateStaticParams)
ƒ  (Dynamic)  server-rendered on demand



============================================================
BUILD COMPLETE - SUMMARY
============================================================

Build exit code: 0 (SUCCESS)

Total routes generated: 11310
Pokemon routes generated: 11283

✅ No errors detected in build output!

============================================================

